Archive member included to satisfy reference by file (symbol)

i:/mcu/gnu_tools_for_arm/11.3_rel1/bin/../lib/gcc/arm-none-eabi/11.3.1/thumb/v7-m/nofp\libc_nano.a(libc_a-exit.o)
                              i:/mcu/gnu_tools_for_arm/11.3_rel1/bin/../lib/gcc/arm-none-eabi/11.3.1/thumb/v7-m/nofp/crt0.o (exit)
i:/mcu/gnu_tools_for_arm/11.3_rel1/bin/../lib/gcc/arm-none-eabi/11.3.1/thumb/v7-m/nofp\libc_nano.a(libc_a-findfp.o)
                              i:/mcu/gnu_tools_for_arm/11.3_rel1/bin/../lib/gcc/arm-none-eabi/11.3.1/thumb/v7-m/nofp\libc_nano.a(libc_a-exit.o) (__stdio_exit_handler)
i:/mcu/gnu_tools_for_arm/11.3_rel1/bin/../lib/gcc/arm-none-eabi/11.3.1/thumb/v7-m/nofp\libc_nano.a(libc_a-fwalk.o)
                              i:/mcu/gnu_tools_for_arm/11.3_rel1/bin/../lib/gcc/arm-none-eabi/11.3.1/thumb/v7-m/nofp\libc_nano.a(libc_a-findfp.o) (_fwalk_sglue)
i:/mcu/gnu_tools_for_arm/11.3_rel1/bin/../lib/gcc/arm-none-eabi/11.3.1/thumb/v7-m/nofp\libc_nano.a(libc_a-printf.o)
                              build/Waveshare_AS7341.o (printf)
i:/mcu/gnu_tools_for_arm/11.3_rel1/bin/../lib/gcc/arm-none-eabi/11.3.1/thumb/v7-m/nofp\libc_nano.a(libc_a-puts.o)
                              build/Waveshare_AS7341.o (puts)
i:/mcu/gnu_tools_for_arm/11.3_rel1/bin/../lib/gcc/arm-none-eabi/11.3.1/thumb/v7-m/nofp\libc_nano.a(libc_a-setvbuf.o)
                              build/retarget.o (setvbuf)
i:/mcu/gnu_tools_for_arm/11.3_rel1/bin/../lib/gcc/arm-none-eabi/11.3.1/thumb/v7-m/nofp\libc_nano.a(libc_a-stdio.o)
                              i:/mcu/gnu_tools_for_arm/11.3_rel1/bin/../lib/gcc/arm-none-eabi/11.3.1/thumb/v7-m/nofp\libc_nano.a(libc_a-findfp.o) (__sread)
i:/mcu/gnu_tools_for_arm/11.3_rel1/bin/../lib/gcc/arm-none-eabi/11.3.1/thumb/v7-m/nofp\libc_nano.a(libc_a-wbuf.o)
                              i:/mcu/gnu_tools_for_arm/11.3_rel1/bin/../lib/gcc/arm-none-eabi/11.3.1/thumb/v7-m/nofp\libc_nano.a(libc_a-puts.o) (__swbuf_r)
i:/mcu/gnu_tools_for_arm/11.3_rel1/bin/../lib/gcc/arm-none-eabi/11.3.1/thumb/v7-m/nofp\libc_nano.a(libc_a-wsetup.o)
                              i:/mcu/gnu_tools_for_arm/11.3_rel1/bin/../lib/gcc/arm-none-eabi/11.3.1/thumb/v7-m/nofp\libc_nano.a(libc_a-puts.o) (__swsetup_r)
i:/mcu/gnu_tools_for_arm/11.3_rel1/bin/../lib/gcc/arm-none-eabi/11.3.1/thumb/v7-m/nofp\libc_nano.a(libc_a-memset.o)
                              i:/mcu/gnu_tools_for_arm/11.3_rel1/bin/../lib/gcc/arm-none-eabi/11.3.1/thumb/v7-m/nofp/crt0.o (memset)
i:/mcu/gnu_tools_for_arm/11.3_rel1/bin/../lib/gcc/arm-none-eabi/11.3.1/thumb/v7-m/nofp\libc_nano.a(libc_a-closer.o)
                              i:/mcu/gnu_tools_for_arm/11.3_rel1/bin/../lib/gcc/arm-none-eabi/11.3.1/thumb/v7-m/nofp\libc_nano.a(libc_a-stdio.o) (_close_r)
i:/mcu/gnu_tools_for_arm/11.3_rel1/bin/../lib/gcc/arm-none-eabi/11.3.1/thumb/v7-m/nofp\libc_nano.a(libc_a-reent.o)
                              i:/mcu/gnu_tools_for_arm/11.3_rel1/bin/../lib/gcc/arm-none-eabi/11.3.1/thumb/v7-m/nofp\libc_nano.a(libc_a-closer.o) (errno)
i:/mcu/gnu_tools_for_arm/11.3_rel1/bin/../lib/gcc/arm-none-eabi/11.3.1/thumb/v7-m/nofp\libc_nano.a(libc_a-impure.o)
                              build/retarget.o (_impure_ptr)
i:/mcu/gnu_tools_for_arm/11.3_rel1/bin/../lib/gcc/arm-none-eabi/11.3.1/thumb/v7-m/nofp\libc_nano.a(libc_a-lseekr.o)
                              i:/mcu/gnu_tools_for_arm/11.3_rel1/bin/../lib/gcc/arm-none-eabi/11.3.1/thumb/v7-m/nofp\libc_nano.a(libc_a-stdio.o) (_lseek_r)
i:/mcu/gnu_tools_for_arm/11.3_rel1/bin/../lib/gcc/arm-none-eabi/11.3.1/thumb/v7-m/nofp\libc_nano.a(libc_a-readr.o)
                              i:/mcu/gnu_tools_for_arm/11.3_rel1/bin/../lib/gcc/arm-none-eabi/11.3.1/thumb/v7-m/nofp\libc_nano.a(libc_a-stdio.o) (_read_r)
i:/mcu/gnu_tools_for_arm/11.3_rel1/bin/../lib/gcc/arm-none-eabi/11.3.1/thumb/v7-m/nofp\libc_nano.a(libc_a-writer.o)
                              i:/mcu/gnu_tools_for_arm/11.3_rel1/bin/../lib/gcc/arm-none-eabi/11.3.1/thumb/v7-m/nofp\libc_nano.a(libc_a-stdio.o) (_write_r)
i:/mcu/gnu_tools_for_arm/11.3_rel1/bin/../lib/gcc/arm-none-eabi/11.3.1/thumb/v7-m/nofp\libc_nano.a(libc_a-errno.o)
                              build/retarget.o (__errno)
i:/mcu/gnu_tools_for_arm/11.3_rel1/bin/../lib/gcc/arm-none-eabi/11.3.1/thumb/v7-m/nofp\libc_nano.a(libc_a-init.o)
                              i:/mcu/gnu_tools_for_arm/11.3_rel1/bin/../lib/gcc/arm-none-eabi/11.3.1/thumb/v7-m/nofp/crt0.o (__libc_init_array)
i:/mcu/gnu_tools_for_arm/11.3_rel1/bin/../lib/gcc/arm-none-eabi/11.3.1/thumb/v7-m/nofp\libc_nano.a(libc_a-lock.o)
                              i:/mcu/gnu_tools_for_arm/11.3_rel1/bin/../lib/gcc/arm-none-eabi/11.3.1/thumb/v7-m/nofp\libc_nano.a(libc_a-findfp.o) (__retarget_lock_init_recursive)
i:/mcu/gnu_tools_for_arm/11.3_rel1/bin/../lib/gcc/arm-none-eabi/11.3.1/thumb/v7-m/nofp\libc_nano.a(libc_a-freer.o)
                              i:/mcu/gnu_tools_for_arm/11.3_rel1/bin/../lib/gcc/arm-none-eabi/11.3.1/thumb/v7-m/nofp\libc_nano.a(libc_a-setvbuf.o) (_free_r)
[...]
Memory Configuration

Name             Origin             Length             Attributes
RAM              0x20000000         0x00010000         xrw
FLASH            0x08000000         0x00080000         xr
*default*        0x00000000         0xffffffff

Linker script and memory map

LOAD i:/mcu/gnu_tools_for_arm/11.3_rel1/bin/../lib/gcc/arm-none-eabi/11.3.1/thumb/v7-m/nofp/crti.o
LOAD i:/mcu/gnu_tools_for_arm/11.3_rel1/bin/../lib/gcc/arm-none-eabi/11.3.1/thumb/v7-m/nofp/crtbegin.o
LOAD i:/mcu/gnu_tools_for_arm/11.3_rel1/bin/../lib/gcc/arm-none-eabi/11.3.1/thumb/v7-m/nofp/crt0.o
LOAD build/main.o
LOAD build/gpio.o
LOAD build/i2c.o
LOAD build/usart.o
LOAD build/stm32f1xx_it.o
LOAD build/stm32f1xx_hal_msp.o
LOAD build/stm32f1xx_hal_gpio_ex.o
LOAD build/stm32f1xx_hal_i2c.o
LOAD build/stm32f1xx_hal.o
LOAD build/stm32f1xx_hal_rcc.o
LOAD build/stm32f1xx_hal_rcc_ex.o
LOAD build/stm32f1xx_hal_gpio.o
LOAD build/stm32f1xx_hal_dma.o
LOAD build/stm32f1xx_hal_cortex.o
LOAD build/stm32f1xx_hal_pwr.o
LOAD build/stm32f1xx_hal_flash.o
LOAD build/stm32f1xx_hal_flash_ex.o
LOAD build/stm32f1xx_hal_exti.o
LOAD build/stm32f1xx_hal_tim.o
LOAD build/stm32f1xx_hal_tim_ex.o
LOAD build/stm32f1xx_hal_uart.o
LOAD build/system_stm32f1xx.o
LOAD build/Waveshare_AS7341.o
LOAD build/DEV_Config.o
LOAD build/ColorTemperature.o
LOAD build/clear.o
LOAD build/Getdata_test.o
LOAD build/Getflicker_test.o
LOAD build/INT_test.o
LOAD build/pinINT_test.o
LOAD build/Syns_test.o
LOAD build/Ra_calculate.o
LOAD build/retarget.o
LOAD build/startup_stm32f103xe.o
LOAD i:/mcu/gnu_tools_for_arm/11.3_rel1/bin/../lib/gcc/arm-none-eabi/11.3.1/thumb/v7-m/nofp\libc_nano.a
LOAD i:/mcu/gnu_tools_for_arm/11.3_rel1/bin/../lib/gcc/arm-none-eabi/11.3.1/thumb/v7-m/nofp\libm.a
LOAD i:/mcu/gnu_tools_for_arm/11.3_rel1/bin/../lib/gcc/arm-none-eabi/11.3.1/thumb/v7-m/nofp\libnosys.a
START GROUP
LOAD i:/mcu/gnu_tools_for_arm/11.3_rel1/bin/../lib/gcc/arm-none-eabi/11.3.1/thumb/v7-m/nofp\libgcc.a
LOAD i:/mcu/gnu_tools_for_arm/11.3_rel1/bin/../lib/gcc/arm-none-eabi/11.3.1/thumb/v7-m/nofp\libc_nano.a
END GROUP
START GROUP
LOAD i:/mcu/gnu_tools_for_arm/11.3_rel1/bin/../lib/gcc/arm-none-eabi/11.3.1/thumb/v7-m/nofp\libgcc.a
LOAD i:/mcu/gnu_tools_for_arm/11.3_rel1/bin/../lib/gcc/arm-none-eabi/11.3.1/thumb/v7-m/nofp\libc_nano.a
END GROUP
LOAD i:/mcu/gnu_tools_for_arm/11.3_rel1/bin/../lib/gcc/arm-none-eabi/11.3.1/thumb/v7-m/nofp/crtend.o
LOAD i:/mcu/gnu_tools_for_arm/11.3_rel1/bin/../lib/gcc/arm-none-eabi/11.3.1/thumb/v7-m/nofp/crtn.o
                0x20010000                _estack = (ORIGIN (RAM) + LENGTH (RAM))
                0x00000200                _Min_Heap_Size = 0x200
                0x00000400                _Min_Stack_Size = 0x400

.isr_vector     0x08000000      0x1e4
                0x08000000                . = ALIGN (0x4)
 *(.isr_vector)
 .isr_vector    0x08000000      0x1e4 build/startup_stm32f103xe.o
                0x08000000                g_pfnVectors
                0x080001e4                . = ALIGN (0x4)

.text           0x080001e8     0x6810
                0x080001e8                . = ALIGN (0x4)
 *(.text)
 .text          0x080001e8      0x378 i:/mcu/gnu_tools_for_arm/11.3_rel1/bin/../lib/gcc/arm-none-eabi/11.3.1/thumb/v7-m/nofp\libgcc.a(_arm_addsubdf3.o)
                0x080001e8                __aeabi_drsub
                0x080001f0                __aeabi_dsub
                0x080001f0                __subdf3
                0x080001f4                __aeabi_dadd
                0x080001f4                __adddf3
                0x0800046c                __floatunsidf
                0x0800046c                __aeabi_ui2d
                0x0800048c                __floatsidf
                0x0800048c                __aeabi_i2d
                0x080004b0                __aeabi_f2d
                0x080004b0                __extendsfdf2
                0x080004f4                __floatundidf
                0x080004f4                __aeabi_ul2d
                0x08000504                __floatdidf
                0x08000504                __aeabi_l2d
 .text          0x08000560      0x424 i:/mcu/gnu_tools_for_arm/11.3_rel1/bin/../lib/gcc/arm-none-eabi/11.3.1/thumb/v7-m/nofp\libgcc.a(_arm_muldivdf3.o)
                0x08000560                __aeabi_dmul
                0x08000560                __muldf3
                0x080007b4                __divdf3
                0x080007b4                __aeabi_ddiv
 .text          0x08000984      0x110 i:/mcu/gnu_tools_for_arm/11.3_rel1/bin/../lib/gcc/arm-none-eabi/11.3.1/thumb/v7-m/nofp\libgcc.a(_arm_cmpdf2.o)
                0x08000984                __gtdf2
                0x08000984                __gedf2
                0x0800098c                __ltdf2
                0x0800098c                __ledf2
                0x08000994                __nedf2
                0x08000994                __eqdf2
                0x08000994                __cmpdf2
                0x08000a10                __aeabi_cdrcmple
                0x08000a20                __aeabi_cdcmpeq
                0x08000a20                __aeabi_cdcmple
                0x08000a30                __aeabi_dcmpeq
                0x08000a44                __aeabi_dcmplt
                0x08000a58                __aeabi_dcmple
                0x08000a6c                __aeabi_dcmpge
                0x08000a80                __aeabi_dcmpgt
 .text          0x08000a94       0x2c i:/mcu/gnu_tools_for_arm/11.3_rel1/bin/../lib/gcc/arm-none-eabi/11.3.1/thumb/v7-m/nofp\libgcc.a(_arm_unorddf2.o)
                0x08000a94                __unorddf2
                0x08000a94                __aeabi_dcmpun
 .text          0x08000ac0       0xa0 i:/mcu/gnu_tools_for_arm/11.3_rel1/bin/../lib/gcc/arm-none-eabi/11.3.1/thumb/v7-m/nofp\libgcc.a(_arm_truncdfsf2.o)
                0x08000ac0                __truncdfsf2
                0x08000ac0                __aeabi_d2f
 .text          0x08000b60      0x21c i:/mcu/gnu_tools_for_arm/11.3_rel1/bin/../lib/gcc/arm-none-eabi/11.3.1/thumb/v7-m/nofp\libgcc.a(_arm_addsubsf3.o)
                0x08000b60                __aeabi_frsub
                0x08000b68                __subsf3
                0x08000b68                __aeabi_fsub
                0x08000b6c                __aeabi_fadd
                0x08000b6c                __addsf3
                0x08000ccc                __aeabi_ui2f
                0x08000ccc                __floatunsisf
                0x08000cd4                __aeabi_i2f
                0x08000cd4                __floatsisf
                0x08000cf0                __aeabi_ul2f
                0x08000cf0                __floatundisf
                0x08000d00                __aeabi_l2f
                0x08000d00                __floatdisf
 .text          0x08000d7c      0x2a0 i:/mcu/gnu_tools_for_arm/11.3_rel1/bin/../lib/gcc/arm-none-eabi/11.3.1/thumb/v7-m/nofp\libgcc.a(_arm_muldivsf3.o)
                0x08000d7c                __mulsf3
                0x08000d7c                __aeabi_fmul
                0x08000ee4                __aeabi_fdiv
                0x08000ee4                __divsf3
 .text          0x0800101c       0xec i:/mcu/gnu_tools_for_arm/11.3_rel1/bin/../lib/gcc/arm-none-eabi/11.3.1/thumb/v7-m/nofp\libgcc.a(_arm_cmpsf2.o)
                0x0800101c                __gesf2
                0x0800101c                __gtsf2
                0x08001024                __lesf2
                0x08001024                __ltsf2
                0x0800102c                __nesf2
                0x0800102c                __eqsf2
                0x0800102c                __cmpsf2
                0x0800108c                __aeabi_cfrcmple
                0x08001094                __aeabi_cfcmpeq
                0x08001094                __aeabi_cfcmple
                0x080010a4                __aeabi_fcmpeq
                0x080010b8                __aeabi_fcmplt
                0x080010cc                __aeabi_fcmple
                0x080010e0                __aeabi_fcmpge
                0x080010f4                __aeabi_fcmpgt
 .text          0x08001108       0x40 i:/mcu/gnu_tools_for_arm/11.3_rel1/bin/../lib/gcc/arm-none-eabi/11.3.1/thumb/v7-m/nofp\libgcc.a(_arm_fixunssfsi.o)
                0x08001108                __fixunssfsi
                0x08001108                __aeabi_f2uiz
 *(.text*)
 .text.deregister_tm_clones
                0x08001148       0x1c i:/mcu/gnu_tools_for_arm/11.3_rel1/bin/../lib/gcc/arm-none-eabi/11.3.1/thumb/v7-m/nofp/crtbegin.o
 .text.register_tm_clones
                0x08001164       0x24 i:/mcu/gnu_tools_for_arm/11.3_rel1/bin/../lib/gcc/arm-none-eabi/11.3.1/thumb/v7-m/nofp/crtbegin.o
 .text.__do_global_dtors_aux
                0x08001188       0x28 i:/mcu/gnu_tools_for_arm/11.3_rel1/bin/../lib/gcc/arm-none-eabi/11.3.1/thumb/v7-m/nofp/crtbegin.o
 .text.frame_dummy
                0x080011b0       0x24 i:/mcu/gnu_tools_for_arm/11.3_rel1/bin/../lib/gcc/arm-none-eabi/11.3.1/thumb/v7-m/nofp/crtbegin.o
 .text.Error_Handler
                0x080011d4        0x4 build/main.o
                0x080011d4                Error_Handler
 .text.SystemClock_Config
                0x080011d8       0x60 build/main.o
                0x080011d8                SystemClock_Config
 .text.main     0x08001238       0x80 build/main.o
                0x08001238                main
 .text.MX_GPIO_Init
                0x080012b8       0x78 build/gpio.o
                0x080012b8                MX_GPIO_Init
 .text.MX_I2C1_Init
                0x08001330       0x3c build/i2c.o
                0x08001330                MX_I2C1_Init
 .text.MX_I2C2_Init
                0x0800136c       0x3c build/i2c.o
                0x0800136c                MX_I2C2_Init
 .text.HAL_I2C_MspInit
                0x080013a8       0xac build/i2c.o
                0x080013a8                HAL_I2C_MspInit
 .text.MX_USART1_UART_Init
                0x08001454       0x34 build/usart.o
                0x08001454                MX_USART1_UART_Init
 .text.HAL_UART_MspInit
                0x08001488       0x78 build/usart.o
                0x08001488                HAL_UART_MspInit
 .text.NMI_Handler
                0x08001500        0x2 build/stm32f1xx_it.o
                0x08001500                NMI_Handler
 .text.HardFault_Handler
                0x08001502        0x2 build/stm32f1xx_it.o
                0x08001502                HardFault_Handler
 .text.MemManage_Handler
                0x08001504        0x2 build/stm32f1xx_it.o
                0x08001504                MemManage_Handler
 .text.BusFault_Handler
                0x08001506        0x2 build/stm32f1xx_it.o
                0x08001506                BusFault_Handler
 .text.UsageFault_Handler
                0x08001508        0x2 build/stm32f1xx_it.o
                0x08001508                UsageFault_Handler
 .text.SVC_Handler
                0x0800150a        0x2 build/stm32f1xx_it.o
                0x0800150a                SVC_Handler
 .text.DebugMon_Handler
                0x0800150c        0x2 build/stm32f1xx_it.o
                0x0800150c                DebugMon_Handler
 .text.PendSV_Handler
                0x0800150e        0x2 build/stm32f1xx_it.o
                0x0800150e                PendSV_Handler
 .text.SysTick_Handler
                0x08001510        0x8 build/stm32f1xx_it.o
                0x08001510                SysTick_Handler
 .text.HAL_MspInit
                0x08001518       0x44 build/stm32f1xx_hal_msp.o
                0x08001518                HAL_MspInit
 .text.I2C_IsAcknowledgeFailed
                0x0800155c       0x32 build/stm32f1xx_hal_i2c.o
 .text.I2C_WaitOnFlagUntilTimeout
                0x0800158e       0x7c build/stm32f1xx_hal_i2c.o
 .text.I2C_WaitOnMasterAddressFlagUntilTimeout
                0x0800160a       0xaa build/stm32f1xx_hal_i2c.o
 .text.I2C_WaitOnTXEFlagUntilTimeout
                0x080016b4       0x54 build/stm32f1xx_hal_i2c.o
 .text.I2C_RequestMemoryWrite
                0x08001708       0xd8 build/stm32f1xx_hal_i2c.o
 .text.I2C_RequestMemoryRead
                0x080017e0      0x154 build/stm32f1xx_hal_i2c.o
 .text.I2C_WaitOnBTFFlagUntilTimeout
                0x08001934       0x54 build/stm32f1xx_hal_i2c.o
 .text.I2C_WaitOnRXNEFlagUntilTimeout
                0x08001988       0x6a build/stm32f1xx_hal_i2c.o
 *fill*         0x080019f2        0x2 
 .text.HAL_I2C_Init
                0x080019f4      0x1bc build/stm32f1xx_hal_i2c.o
                0x080019f4                HAL_I2C_Init
 .text.HAL_I2C_Mem_Write
                0x08001bb0      0x164 build/stm32f1xx_hal_i2c.o
                0x08001bb0                HAL_I2C_Mem_Write
 .text.HAL_I2C_Mem_Read
                0x08001d14      0x348 build/stm32f1xx_hal_i2c.o
                0x08001d14                HAL_I2C_Mem_Read
 .text.HAL_InitTick
                0x0800205c       0x4c build/stm32f1xx_hal.o
                0x0800205c                HAL_InitTick
 .text.HAL_Init
                0x080020a8       0x24 build/stm32f1xx_hal.o
                0x080020a8                HAL_Init
 .text.HAL_IncTick
                0x080020cc       0x18 build/stm32f1xx_hal.o
                0x080020cc                HAL_IncTick
 .text.HAL_GetTick
                0x080020e4        0xc build/stm32f1xx_hal.o
                0x080020e4                HAL_GetTick
 .text.HAL_Delay
                0x080020f0       0x28 build/stm32f1xx_hal.o
                0x080020f0                HAL_Delay
 .text.RCC_Delay
                0x08002118       0x2c build/stm32f1xx_hal_rcc.o
 .text.HAL_RCC_OscConfig
                0x08002144      0x410 build/stm32f1xx_hal_rcc.o
                0x08002144                HAL_RCC_OscConfig
 .text.HAL_RCC_GetSysClockFreq
                0x08002554       0x70 build/stm32f1xx_hal_rcc.o
                0x08002554                HAL_RCC_GetSysClockFreq
 .text.HAL_RCC_ClockConfig
                0x080025c4      0x16c build/stm32f1xx_hal_rcc.o
                0x080025c4                HAL_RCC_ClockConfig
 .text.HAL_RCC_GetHCLKFreq
                0x08002730        0xc build/stm32f1xx_hal_rcc.o
                0x08002730                HAL_RCC_GetHCLKFreq
 .text.HAL_RCC_GetPCLK1Freq
                0x0800273c       0x20 build/stm32f1xx_hal_rcc.o
                0x0800273c                HAL_RCC_GetPCLK1Freq
 .text.HAL_RCC_GetPCLK2Freq
                0x0800275c       0x20 build/stm32f1xx_hal_rcc.o
                0x0800275c                HAL_RCC_GetPCLK2Freq
 .text.HAL_GPIO_Init
                0x0800277c      0x240 build/stm32f1xx_hal_gpio.o
                0x0800277c                HAL_GPIO_Init
 .text.HAL_GPIO_WritePin
                0x080029bc        0xc build/stm32f1xx_hal_gpio.o
                0x080029bc                HAL_GPIO_WritePin
 .text.HAL_NVIC_SetPriorityGrouping
                0x080029c8       0x24 build/stm32f1xx_hal_cortex.o
                0x080029c8                HAL_NVIC_SetPriorityGrouping
 .text.HAL_NVIC_SetPriority
                0x080029ec       0x70 build/stm32f1xx_hal_cortex.o
                0x080029ec                HAL_NVIC_SetPriority
 .text.HAL_SYSTICK_Config
                0x08002a5c       0x28 build/stm32f1xx_hal_cortex.o
                0x08002a5c                HAL_SYSTICK_Config
 .text.UART_SetConfig
                0x08002a84       0x94 build/stm32f1xx_hal_uart.o
 .text.UART_WaitOnFlagUntilTimeout
                0x08002b18       0x68 build/stm32f1xx_hal_uart.o
 .text.HAL_UART_Init
                0x08002b80       0x5e build/stm32f1xx_hal_uart.o
                0x08002b80                HAL_UART_Init
 .text.HAL_UART_Transmit
                0x08002bde       0xd8 build/stm32f1xx_hal_uart.o
                0x08002bde                HAL_UART_Transmit
 .text.HAL_UART_Receive
                0x08002cb6       0xe4 build/stm32f1xx_hal_uart.o
                0x08002cb6                HAL_UART_Receive
 .text.SystemInit
                0x08002d9a        0x2 build/system_stm32f1xx.o
                0x08002d9a                SystemInit
 .text.AS7341_Read_Byte
                0x08002d9c        0xa build/Waveshare_AS7341.o
 .text.AS7341_Write_Byte
                0x08002da6        0x8 build/Waveshare_AS7341.o
 *fill*         0x08002dae        0x2 
 .text.AS7341_Enable
                0x08002db0       0x34 build/Waveshare_AS7341.o
                0x08002db0                AS7341_Enable
 .text.AS7341_Init
                0x08002de4       0x1c build/Waveshare_AS7341.o
                0x08002de4                AS7341_Init
 .text.AS7341_EnableSpectralMeasure
                0x08002e00       0x22 build/Waveshare_AS7341.o
                0x08002e00                AS7341_EnableSpectralMeasure
 .text.AS7341_EnableSMUX
                0x08002e22       0x22 build/Waveshare_AS7341.o
                0x08002e22                AS7341_EnableSMUX
 .text.F1F4_Clear_NIR
                0x08002e44       0xa4 build/Waveshare_AS7341.o
                0x08002e44                F1F4_Clear_NIR
 .text.F5F8_Clear_NIR
                0x08002ee8       0xa4 build/Waveshare_AS7341.o
                0x08002ee8                F5F8_Clear_NIR
 .text.AS7341_MeasureComplete
                0x08002f8c       0x16 build/Waveshare_AS7341.o
                0x08002f8c                AS7341_MeasureComplete
 .text.AS7341_GetChannelData
                0x08002fa2       0x3c build/Waveshare_AS7341.o
                0x08002fa2                AS7341_GetChannelData
 .text.AS7341_ReadSpectralDataOne
                0x08002fde       0x52 build/Waveshare_AS7341.o
                0x08002fde                AS7341_ReadSpectralDataOne
 .text.AS7341_ReadSpectralDataTwo
                0x08003030       0x52 build/Waveshare_AS7341.o
                0x08003030                AS7341_ReadSpectralDataTwo
 .text.AS7341_SetGpioMode
                0x08003082       0x26 build/Waveshare_AS7341.o
                0x08003082                AS7341_SetGpioMode
 .text.AS7341_ATIME_config
                0x080030a8        0xc build/Waveshare_AS7341.o
                0x080030a8                AS7341_ATIME_config
 .text.AS7341_ASTEP_config
                0x080030b4       0x16 build/Waveshare_AS7341.o
                0x080030b4                AS7341_ASTEP_config
 .text.AS7341_AGAIN_config
                0x080030ca       0x12 build/Waveshare_AS7341.o
                0x080030ca                AS7341_AGAIN_config
 .text.AS7341_SetBank
                0x080030dc       0x26 build/Waveshare_AS7341.o
                0x080030dc                AS7341_SetBank
 .text.AS7341_Config
                0x08003102       0x46 build/Waveshare_AS7341.o
                0x08003102                AS7341_Config
 .text.AS7341_startMeasure
                0x08003148       0x7c build/Waveshare_AS7341.o
                0x08003148                AS7341_startMeasure
 .text.AS7341_EnableLED
                0x080031c4       0x42 build/Waveshare_AS7341.o
                0x080031c4                AS7341_EnableLED
 .text.AS7341_ControlLed
                0x08003206       0x3a build/Waveshare_AS7341.o
                0x08003206                AS7341_ControlLed
 .text.DEV_Delay_ms
                0x08003240        0x8 build/DEV_Config.o
                0x08003240                DEV_Delay_ms
 .text.DEV_I2C_Init
                0x08003248       0x14 build/DEV_Config.o
                0x08003248                DEV_I2C_Init
 .text.I2C_Write_Byte
                0x0800325c       0x34 build/DEV_Config.o
                0x0800325c                I2C_Write_Byte
 .text.I2C_Read_Byte
                0x08003290       0x38 build/DEV_Config.o
                0x08003290                I2C_Read_Byte
 .text.DEV_ModuleInit
                0x080032c8        0xc build/DEV_Config.o
                0x080032c8                DEV_ModuleInit
 *fill*         0x080032d4        0x4 
 .text.TemCalculate
                0x080032d8      0x620 build/ColorTemperature.o
                0x080032d8                TemCalculate
 .text.Calcute_Ra
                0x080038f8      0xd8c build/Ra_calculate.o
                0x080038f8                Calcute_Ra
 *fill*         0x08004684        0x4 
 .text.My_Getdata_test
                0x08004688      0x208 build/Ra_calculate.o
                0x08004688                My_Getdata_test
 .text.Device_Init
                0x08004890       0x2c build/Ra_calculate.o
                0x08004890                Device_Init
 .text.RetargetInit
                0x080048bc       0x20 build/retarget.o
                0x080048bc                RetargetInit
 .text._isatty  0x080048dc       0x16 build/retarget.o
                0x080048dc                _isatty
 *fill*         0x080048f2        0x2 
 .text._write   0x080048f4       0x34 build/retarget.o
                0x080048f4                _write
 .text._close   0x08004928       0x18 build/retarget.o
                0x08004928                _close
 .text._lseek   0x08004940       0x10 build/retarget.o
                0x08004940                _lseek
 .text._read    0x08004950       0x30 build/retarget.o
                0x08004950                _read
 .text._fstat   0x08004980       0x1a build/retarget.o
                0x08004980                _fstat
 *fill*         0x0800499a        0x2 
 .text.Reset_Handler
                0x0800499c       0x48 build/startup_stm32f103xe.o
                0x0800499c                Reset_Handler
 .text.Default_Handler
                0x080049e4        0x2 build/startup_stm32f103xe.o
                0x080049e4                RTC_Alarm_IRQHandler
                0x080049e4                EXTI2_IRQHandler
                0x080049e4                TIM8_TRG_COM_IRQHandler
                0x080049e4                TIM8_CC_IRQHandler
                0x080049e4                TIM1_CC_IRQHandler
                0x080049e4                TIM6_IRQHandler
                0x080049e4                PVD_IRQHandler
                0x080049e4                SDIO_IRQHandler
                0x080049e4                EXTI3_IRQHandler
                0x080049e4                EXTI0_IRQHandler
                0x080049e4                I2C2_EV_IRQHandler
                0x080049e4                ADC1_2_IRQHandler
                0x080049e4                SPI1_IRQHandler
                0x080049e4                TAMPER_IRQHandler
                0x080049e4                TIM8_UP_IRQHandler
                0x080049e4                DMA2_Channel2_IRQHandler
                0x080049e4                DMA1_Channel4_IRQHandler
                0x080049e4                USART3_IRQHandler
                0x080049e4                RTC_IRQHandler
                0x080049e4                DMA1_Channel7_IRQHandler
                0x080049e4                CAN1_RX1_IRQHandler
                0x080049e4                UART5_IRQHandler
                0x080049e4                ADC3_IRQHandler
                0x080049e4                TIM4_IRQHandler
                0x080049e4                DMA2_Channel1_IRQHandler
                0x080049e4                I2C1_EV_IRQHandler
                0x080049e4                DMA1_Channel6_IRQHandler
                0x080049e4                UART4_IRQHandler
                0x080049e4                TIM3_IRQHandler
                0x080049e4                RCC_IRQHandler
                0x080049e4                TIM1_TRG_COM_IRQHandler
                0x080049e4                DMA1_Channel1_IRQHandler
                0x080049e4                Default_Handler
                0x080049e4                EXTI15_10_IRQHandler
                0x080049e4                TIM7_IRQHandler
                0x080049e4                TIM5_IRQHandler
                0x080049e4                EXTI9_5_IRQHandler
                0x080049e4                SPI2_IRQHandler
                0x080049e4                DMA1_Channel5_IRQHandler
                0x080049e4                EXTI4_IRQHandler
                0x080049e4                USB_LP_CAN1_RX0_IRQHandler
                0x080049e4                USB_HP_CAN1_TX_IRQHandler
                0x080049e4                DMA1_Channel3_IRQHandler
                0x080049e4                FSMC_IRQHandler
                0x080049e4                TIM1_UP_IRQHandler
                0x080049e4                WWDG_IRQHandler
                0x080049e4                TIM2_IRQHandler
                0x080049e4                TIM1_BRK_IRQHandler
                0x080049e4                EXTI1_IRQHandler
                0x080049e4                DMA2_Channel4_5_IRQHandler
                0x080049e4                USART2_IRQHandler
                0x080049e4                I2C2_ER_IRQHandler
                0x080049e4                DMA1_Channel2_IRQHandler
                0x080049e4                TIM8_BRK_IRQHandler
                0x080049e4                CAN1_SCE_IRQHandler
                0x080049e4                FLASH_IRQHandler
                0x080049e4                USART1_IRQHandler
                0x080049e4                SPI3_IRQHandler
                0x080049e4                I2C1_ER_IRQHandler
                0x080049e4                USBWakeUp_IRQHandler
                0x080049e4                DMA2_Channel3_IRQHandler
 *fill*         0x080049e6        0x2 
 .text.std      0x080049e8       0x48 i:/mcu/gnu_tools_for_arm/11.3_rel1/bin/../lib/gcc/arm-none-eabi/11.3.1/thumb/v7-m/nofp\libc_nano.a(libc_a-findfp.o)
 .text.stdio_exit_handler
                0x08004a30       0x18 i:/mcu/gnu_tools_for_arm/11.3_rel1/bin/../lib/gcc/arm-none-eabi/11.3.1/thumb/v7-m/nofp\libc_nano.a(libc_a-findfp.o)
 .text.cleanup_stdio
                0x08004a48       0x40 i:/mcu/gnu_tools_for_arm/11.3_rel1/bin/../lib/gcc/arm-none-eabi/11.3.1/thumb/v7-m/nofp\libc_nano.a(libc_a-findfp.o)
 .text.global_stdio_init.part.0
                0x08004a88       0x3c i:/mcu/gnu_tools_for_arm/11.3_rel1/bin/../lib/gcc/arm-none-eabi/11.3.1/thumb/v7-m/nofp\libc_nano.a(libc_a-findfp.o)
 .text.__sfp_lock_acquire
                0x08004ac4        0xc i:/mcu/gnu_tools_for_arm/11.3_rel1/bin/../lib/gcc/arm-none-eabi/11.3.1/thumb/v7-m/nofp\libc_nano.a(libc_a-findfp.o)
                0x08004ac4                __sfp_lock_acquire
 .text.__sfp_lock_release
                0x08004ad0        0xc i:/mcu/gnu_tools_for_arm/11.3_rel1/bin/../lib/gcc/arm-none-eabi/11.3.1/thumb/v7-m/nofp\libc_nano.a(libc_a-findfp.o)
                0x08004ad0                __sfp_lock_release
 .text.__sinit  0x08004adc       0x30 i:/mcu/gnu_tools_for_arm/11.3_rel1/bin/../lib/gcc/arm-none-eabi/11.3.1/thumb/v7-m/nofp\libc_nano.a(libc_a-findfp.o)
                0x08004adc                __sinit
 .text._fwalk_sglue
                0x08004b0c       0x3c i:/mcu/gnu_tools_for_arm/11.3_rel1/bin/../lib/gcc/arm-none-eabi/11.3.1/thumb/v7-m/nofp\libc_nano.a(libc_a-fwalk.o)
                0x08004b0c                _fwalk_sglue
 .text.printf   0x08004b48       0x24 i:/mcu/gnu_tools_for_arm/11.3_rel1/bin/../lib/gcc/arm-none-eabi/11.3.1/thumb/v7-m/nofp\libc_nano.a(libc_a-printf.o)
                0x08004b48                iprintf
                0x08004b48                printf
 .text._puts_r  0x08004b6c       0xa8 i:/mcu/gnu_tools_for_arm/11.3_rel1/bin/../lib/gcc/arm-none-eabi/11.3.1/thumb/v7-m/nofp\libc_nano.a(libc_a-puts.o)
                0x08004b6c                _puts_r
 .text.puts     0x08004c14       0x10 i:/mcu/gnu_tools_for_arm/11.3_rel1/bin/../lib/gcc/arm-none-eabi/11.3.1/thumb/v7-m/nofp\libc_nano.a(libc_a-puts.o)
                0x08004c14                puts
 .text.setvbuf  0x08004c24      0x15c i:/mcu/gnu_tools_for_arm/11.3_rel1/bin/../lib/gcc/arm-none-eabi/11.3.1/thumb/v7-m/nofp\libc_nano.a(libc_a-setvbuf.o)
                0x08004c24                setvbuf
 .text.__sread  0x08004d80       0x22 i:/mcu/gnu_tools_for_arm/11.3_rel1/bin/../lib/gcc/arm-none-eabi/11.3.1/thumb/v7-m/nofp\libc_nano.a(libc_a-stdio.o)
                0x08004d80                __sread
 .text.__swrite
                0x08004da2       0x38 i:/mcu/gnu_tools_for_arm/11.3_rel1/bin/../lib/gcc/arm-none-eabi/11.3.1/thumb/v7-m/nofp\libc_nano.a(libc_a-stdio.o)
                0x08004da2                __swrite
 .text.__sseek  0x08004dda       0x24 i:/mcu/gnu_tools_for_arm/11.3_rel1/bin/../lib/gcc/arm-none-eabi/11.3.1/thumb/v7-m/nofp\libc_nano.a(libc_a-stdio.o)
                0x08004dda                __sseek
 .text.__sclose
                0x08004dfe        0x8 i:/mcu/gnu_tools_for_arm/11.3_rel1/bin/../lib/gcc/arm-none-eabi/11.3.1/thumb/v7-m/nofp\libc_nano.a(libc_a-stdio.o)
                0x08004dfe                __sclose
 .text.__swbuf_r
                0x08004e06       0x7a i:/mcu/gnu_tools_for_arm/11.3_rel1/bin/../lib/gcc/arm-none-eabi/11.3.1/thumb/v7-m/nofp\libc_nano.a(libc_a-wbuf.o)
                0x08004e06                __swbuf_r
 .text.__swsetup_r
                0x08004e80       0xb0 i:/mcu/gnu_tools_for_arm/11.3_rel1/bin/../lib/gcc/arm-none-eabi/11.3.1/thumb/v7-m/nofp\libc_nano.a(libc_a-wsetup.o)
                0x08004e80                __swsetup_r
 .text.memset   0x08004f30       0x10 i:/mcu/gnu_tools_for_arm/11.3_rel1/bin/../lib/gcc/arm-none-eabi/11.3.1/thumb/v7-m/nofp\libc_nano.a(libc_a-memset.o)
                0x08004f30                memset
 .text._close_r
                0x08004f40       0x20 i:/mcu/gnu_tools_for_arm/11.3_rel1/bin/../lib/gcc/arm-none-eabi/11.3.1/thumb/v7-m/nofp\libc_nano.a(libc_a-closer.o)
                0x08004f40                _close_r
 .text._lseek_r
                0x08004f60       0x24 i:/mcu/gnu_tools_for_arm/11.3_rel1/bin/../lib/gcc/arm-none-eabi/11.3.1/thumb/v7-m/nofp\libc_nano.a(libc_a-lseekr.o)
                0x08004f60                _lseek_r
 .text._read_r  0x08004f84       0x24 i:/mcu/gnu_tools_for_arm/11.3_rel1/bin/../lib/gcc/arm-none-eabi/11.3.1/thumb/v7-m/nofp\libc_nano.a(libc_a-readr.o)
                0x08004f84                _read_r
 .text._write_r
                0x08004fa8       0x24 i:/mcu/gnu_tools_for_arm/11.3_rel1/bin/../lib/gcc/arm-none-eabi/11.3.1/thumb/v7-m/nofp\libc_nano.a(libc_a-writer.o)
                0x08004fa8                _write_r
 .text.__errno  0x08004fcc        0xc i:/mcu/gnu_tools_for_arm/11.3_rel1/bin/../lib/gcc/arm-none-eabi/11.3.1/thumb/v7-m/nofp\libc_nano.a(libc_a-errno.o)
                0x08004fcc                __errno
 .text.__libc_init_array
                0x08004fd8       0x48 i:/mcu/gnu_tools_for_arm/11.3_rel1/bin/../lib/gcc/arm-none-eabi/11.3.1/thumb/v7-m/nofp\libc_nano.a(libc_a-init.o)
                0x08004fd8                __libc_init_array
 .text.__retarget_lock_acquire_recursive
                0x08005020        0x2 i:/mcu/gnu_tools_for_arm/11.3_rel1/bin/../lib/gcc/arm-none-eabi/11.3.1/thumb/v7-m/nofp\libc_nano.a(libc_a-lock.o)
                0x08005020                __retarget_lock_acquire_recursive
 .text.__retarget_lock_release_recursive
                0x08005022        0x2 i:/mcu/gnu_tools_for_arm/11.3_rel1/bin/../lib/gcc/arm-none-eabi/11.3.1/thumb/v7-m/nofp\libc_nano.a(libc_a-lock.o)
                0x08005022                __retarget_lock_release_recursive
 .text._free_r  0x08005024       0x90 i:/mcu/gnu_tools_for_arm/11.3_rel1/bin/../lib/gcc/arm-none-eabi/11.3.1/thumb/v7-m/nofp\libc_nano.a(libc_a-freer.o)
                0x08005024                _free_r
 .text.malloc   0x080050b4       0x10 i:/mcu/gnu_tools_for_arm/11.3_rel1/bin/../lib/gcc/arm-none-eabi/11.3.1/thumb/v7-m/nofp\libc_nano.a(libc_a-malloc.o)
                0x080050b4                malloc
 .text.sbrk_aligned
                0x080050c4       0x40 i:/mcu/gnu_tools_for_arm/11.3_rel1/bin/../lib/gcc/arm-none-eabi/11.3.1/thumb/v7-m/nofp\libc_nano.a(libc_a-mallocr.o)
 .text._malloc_r
                0x08005104       0xec i:/mcu/gnu_tools_for_arm/11.3_rel1/bin/../lib/gcc/arm-none-eabi/11.3.1/thumb/v7-m/nofp\libc_nano.a(libc_a-mallocr.o)
                0x08005104                _malloc_r
 .text.__malloc_lock
                0x080051f0        0xc i:/mcu/gnu_tools_for_arm/11.3_rel1/bin/../lib/gcc/arm-none-eabi/11.3.1/thumb/v7-m/nofp\libc_nano.a(libc_a-mlock.o)
                0x080051f0                __malloc_lock
 .text.__malloc_unlock
                0x080051fc        0xc i:/mcu/gnu_tools_for_arm/11.3_rel1/bin/../lib/gcc/arm-none-eabi/11.3.1/thumb/v7-m/nofp\libc_nano.a(libc_a-mlock.o)
                0x080051fc                __malloc_unlock
 .text.__sfputc_r
                0x08005208       0x2a i:/mcu/gnu_tools_for_arm/11.3_rel1/bin/../lib/gcc/arm-none-eabi/11.3.1/thumb/v7-m/nofp\libc_nano.a(libc_a-nano-vfprintf.o)
 .text.__sfputs_r
                0x08005232       0x24 i:/mcu/gnu_tools_for_arm/11.3_rel1/bin/../lib/gcc/arm-none-eabi/11.3.1/thumb/v7-m/nofp\libc_nano.a(libc_a-nano-vfprintf.o)
                0x08005232                __sfputs_r
 *fill*         0x08005256        0x2 
 .text._vfprintf_r
                0x08005258      0x234 i:/mcu/gnu_tools_for_arm/11.3_rel1/bin/../lib/gcc/arm-none-eabi/11.3.1/thumb/v7-m/nofp\libc_nano.a(libc_a-nano-vfprintf.o)
                0x08005258                _vfprintf_r
                0x08005258                _vfiprintf_r
 .text._printf_common
                0x0800548c       0xe4 i:/mcu/gnu_tools_for_arm/11.3_rel1/bin/../lib/gcc/arm-none-eabi/11.3.1/thumb/v7-m/nofp\libc_nano.a(libc_a-nano-vfprintf_i.o)
                0x0800548c                _printf_common
 .text._printf_i
                0x08005570      0x244 i:/mcu/gnu_tools_for_arm/11.3_rel1/bin/../lib/gcc/arm-none-eabi/11.3.1/thumb/v7-m/nofp\libc_nano.a(libc_a-nano-vfprintf_i.o)
                0x08005570                _printf_i
 .text.__sflush_r
                0x080057b4      0x104 i:/mcu/gnu_tools_for_arm/11.3_rel1/bin/../lib/gcc/arm-none-eabi/11.3.1/thumb/v7-m/nofp\libc_nano.a(libc_a-fflush.o)
                0x080057b4                __sflush_r
 .text._fflush_r
                0x080058b8       0x50 i:/mcu/gnu_tools_for_arm/11.3_rel1/bin/../lib/gcc/arm-none-eabi/11.3.1/thumb/v7-m/nofp\libc_nano.a(libc_a-fflush.o)
                0x080058b8                _fflush_r
 .text.__swhatbuf_r
                0x08005908       0x4a i:/mcu/gnu_tools_for_arm/11.3_rel1/bin/../lib/gcc/arm-none-eabi/11.3.1/thumb/v7-m/nofp\libc_nano.a(libc_a-makebuf.o)
                0x08005908                __swhatbuf_r
 .text.__smakebuf_r
                0x08005952       0x78 i:/mcu/gnu_tools_for_arm/11.3_rel1/bin/../lib/gcc/arm-none-eabi/11.3.1/thumb/v7-m/nofp\libc_nano.a(libc_a-makebuf.o)
                0x08005952                __smakebuf_r
 *fill*         0x080059ca        0x2 
 .text._fstat_r
                0x080059cc       0x24 i:/mcu/gnu_tools_for_arm/11.3_rel1/bin/../lib/gcc/arm-none-eabi/11.3.1/thumb/v7-m/nofp\libc_nano.a(libc_a-fstatr.o)
                0x080059cc                _fstat_r
 .text._isatty_r
                0x080059f0       0x20 i:/mcu/gnu_tools_for_arm/11.3_rel1/bin/../lib/gcc/arm-none-eabi/11.3.1/thumb/v7-m/nofp\libc_nano.a(libc_a-isattyr.o)
                0x080059f0                _isatty_r
 .text._sbrk_r  0x08005a10       0x20 i:/mcu/gnu_tools_for_arm/11.3_rel1/bin/../lib/gcc/arm-none-eabi/11.3.1/thumb/v7-m/nofp\libc_nano.a(libc_a-sbrkr.o)
                0x08005a10                _sbrk_r
 .text.memchr   0x08005a30       0x1c i:/mcu/gnu_tools_for_arm/11.3_rel1/bin/../lib/gcc/arm-none-eabi/11.3.1/thumb/v7-m/nofp\libc_nano.a(libc_a-memchr-stub.o)
                0x08005a30                memchr
 .text.pow      0x08005a4c       0xdc i:/mcu/gnu_tools_for_arm/11.3_rel1/bin/../lib/gcc/arm-none-eabi/11.3.1/thumb/v7-m/nofp\libm.a(libm_a-w_pow.o)
                0x08005a4c                pow
 .text.sqrt     0x08005b28       0x50 i:/mcu/gnu_tools_for_arm/11.3_rel1/bin/../lib/gcc/arm-none-eabi/11.3.1/thumb/v7-m/nofp\libm.a(libm_a-w_sqrt.o)
                0x08005b28                sqrt
 .text.finite   0x08005b78        0xc i:/mcu/gnu_tools_for_arm/11.3_rel1/bin/../lib/gcc/arm-none-eabi/11.3.1/thumb/v7-m/nofp\libm.a(libm_a-s_finite.o)
                0x08005b78                finite
 .text.__ieee754_sqrt
                0x08005b84      0x1d8 i:/mcu/gnu_tools_for_arm/11.3_rel1/bin/../lib/gcc/arm-none-eabi/11.3.1/thumb/v7-m/nofp\libm.a(libm_a-e_sqrt.o)
                0x08005b84                __ieee754_sqrt
 *fill*         0x08005d5c        0x4 
 .text.__ieee754_pow
                0x08005d60      0xb08 i:/mcu/gnu_tools_for_arm/11.3_rel1/bin/../lib/gcc/arm-none-eabi/11.3.1/thumb/v7-m/nofp\libm.a(libm_a-e_pow.o)
                0x08005d60                __ieee754_pow
 .text.fabs     0x08006868        0x8 i:/mcu/gnu_tools_for_arm/11.3_rel1/bin/../lib/gcc/arm-none-eabi/11.3.1/thumb/v7-m/nofp\libm.a(libm_a-s_fabs.o)
                0x08006868                fabs
 .text.scalbn   0x08006870       0xf4 i:/mcu/gnu_tools_for_arm/11.3_rel1/bin/../lib/gcc/arm-none-eabi/11.3.1/thumb/v7-m/nofp\libm.a(libm_a-s_scalbn.o)
                0x08006870                scalbn
 .text.with_errno
                0x08006964       0x18 i:/mcu/gnu_tools_for_arm/11.3_rel1/bin/../lib/gcc/arm-none-eabi/11.3.1/thumb/v7-m/nofp\libm.a(libm_a-math_err.o)
 .text.xflow    0x0800697c       0x30 i:/mcu/gnu_tools_for_arm/11.3_rel1/bin/../lib/gcc/arm-none-eabi/11.3.1/thumb/v7-m/nofp\libm.a(libm_a-math_err.o)
 .text.__math_uflow
                0x080069ac        0xc i:/mcu/gnu_tools_for_arm/11.3_rel1/bin/../lib/gcc/arm-none-eabi/11.3.1/thumb/v7-m/nofp\libm.a(libm_a-math_err.o)
                0x080069ac                __math_uflow
 .text.__math_oflow
                0x080069b8        0xc i:/mcu/gnu_tools_for_arm/11.3_rel1/bin/../lib/gcc/arm-none-eabi/11.3.1/thumb/v7-m/nofp\libm.a(libm_a-math_err.o)
                0x080069b8                __math_oflow
 .text._sbrk    0x080069c4       0x1c i:/mcu/gnu_tools_for_arm/11.3_rel1/bin/../lib/gcc/arm-none-eabi/11.3.1/thumb/v7-m/nofp\libnosys.a(sbrk.o)
                0x080069c4                _sbrk
 *(.glue_7)
 .glue_7        0x080069e0        0x0 linker stubs
 *(.glue_7t)
 .glue_7t       0x080069e0        0x0 linker stubs
 *(.eh_frame)
 .eh_frame      0x080069e0        0x0 i:/mcu/gnu_tools_for_arm/11.3_rel1/bin/../lib/gcc/arm-none-eabi/11.3.1/thumb/v7-m/nofp/crtbegin.o
 *(.init)
 .init          0x080069e0        0x4 i:/mcu/gnu_tools_for_arm/11.3_rel1/bin/../lib/gcc/arm-none-eabi/11.3.1/thumb/v7-m/nofp/crti.o
                0x080069e0                _init
 .init          0x080069e4        0x8 i:/mcu/gnu_tools_for_arm/11.3_rel1/bin/../lib/gcc/arm-none-eabi/11.3.1/thumb/v7-m/nofp/crtn.o
 *(.fini)
 .fini          0x080069ec        0x4 i:/mcu/gnu_tools_for_arm/11.3_rel1/bin/../lib/gcc/arm-none-eabi/11.3.1/thumb/v7-m/nofp/crti.o
                0x080069ec                _fini
 .fini          0x080069f0        0x8 i:/mcu/gnu_tools_for_arm/11.3_rel1/bin/../lib/gcc/arm-none-eabi/11.3.1/thumb/v7-m/nofp/crtn.o
                0x080069f8                . = ALIGN (0x4)
                0x080069f8                _etext = .

.vfp11_veneer   0x080069f8        0x0
 .vfp11_veneer  0x080069f8        0x0 linker stubs

.v4_bx          0x080069f8        0x0
 .v4_bx         0x080069f8        0x0 linker stubs

.iplt           0x080069f8        0x0
 .iplt          0x080069f8        0x0 i:/mcu/gnu_tools_for_arm/11.3_rel1/bin/../lib/gcc/arm-none-eabi/11.3.1/thumb/v7-m/nofp/crtbegin.o

.rodata         0x080069f8      0x380
                0x080069f8                . = ALIGN (0x4)
 *(.rodata)
 *(.rodata*)
 .rodata.HAL_RCC_GetSysClockFreq.str1.4
                0x080069f8       0x11 build/stm32f1xx_hal_rcc.o
 *fill*         0x08006a09        0x3 
 .rodata.AHBPrescTable
                0x08006a0c       0x10 build/system_stm32f1xx.o
                0x08006a0c                AHBPrescTable
 .rodata.APBPrescTable
                0x08006a1c        0x8 build/system_stm32f1xx.o
                0x08006a1c                APBPrescTable
 .rodata.AS7341_Enable.str1.4
                0x08006a24       0x1e build/Waveshare_AS7341.o
 *fill*         0x08006a42        0x2 
 .rodata.My_Getdata_test.str1.4
                0x08006a44       0xf4 build/Ra_calculate.o
 .rodata._x_lamda
                0x08006b38       0x24 build/Ra_calculate.o
                0x08006b38                _x_lamda
 .rodata._y_lamda
                0x08006b5c       0x24 build/Ra_calculate.o
                0x08006b5c                _y_lamda
 .rodata._z_lamda
                0x08006b80       0x24 build/Ra_calculate.o
                0x08006b80                _z_lamda
 .rodata.lamda_value
                0x08006ba4       0x12 build/Ra_calculate.o
                0x08006ba4                lamda_value
 *fill*         0x08006bb6        0x2 
 .rodata.std_light_D_vec
                0x08006bb8       0x6c build/Ra_calculate.o
                0x08006bb8                std_light_D_vec
 .rodata.vis_reflect_table
                0x08006c24      0x120 build/Ra_calculate.o
                0x08006c24                vis_reflect_table
 .rodata._vfprintf_r.str1.1
                0x08006d44       0x11 i:/mcu/gnu_tools_for_arm/11.3_rel1/bin/../lib/gcc/arm-none-eabi/11.3.1/thumb/v7-m/nofp\libc_nano.a(libc_a-nano-vfprintf.o)
 .rodata._printf_i.str1.1
                0x08006d55       0x22 i:/mcu/gnu_tools_for_arm/11.3_rel1/bin/../lib/gcc/arm-none-eabi/11.3.1/thumb/v7-m/nofp\libc_nano.a(libc_a-nano-vfprintf_i.o)
                0x08006d78                . = ALIGN (0x4)
 *fill*         0x08006d77        0x1 

.rel.dyn        0x08006d78        0x0
 .rel.iplt      0x08006d78        0x0 i:/mcu/gnu_tools_for_arm/11.3_rel1/bin/../lib/gcc/arm-none-eabi/11.3.1/thumb/v7-m/nofp/crtbegin.o

.ARM.extab
 *(.ARM.extab* .gnu.linkonce.armextab.*)

.ARM            0x08006d78        0x0
                0x08006d78                __exidx_start = .
 *(.ARM.exidx*)
                0x08006d78                __exidx_end = .

.preinit_array  0x08006d78        0x0
                0x08006d78                PROVIDE (__preinit_array_start = .)
 *(.preinit_array*)
                0x08006d78                PROVIDE (__preinit_array_end = .)

.init_array     0x08006d78        0x4
                0x08006d78                PROVIDE (__init_array_start = .)
 *(SORT_BY_NAME(.init_array.*))
 *(.init_array*)
 .init_array    0x08006d78        0x4 i:/mcu/gnu_tools_for_arm/11.3_rel1/bin/../lib/gcc/arm-none-eabi/11.3.1/thumb/v7-m/nofp/crtbegin.o
                0x08006d7c                PROVIDE (__init_array_end = .)

.fini_array     0x08006d7c        0x4
                [!provide]                PROVIDE (__fini_array_start = .)
 *(SORT_BY_NAME(.fini_array.*))
 *(.fini_array*)
 .fini_array    0x08006d7c        0x4 i:/mcu/gnu_tools_for_arm/11.3_rel1/bin/../lib/gcc/arm-none-eabi/11.3.1/thumb/v7-m/nofp/crtbegin.o
                [!provide]                PROVIDE (__fini_array_end = .)
                0x08006d80                _sidata = LOADADDR (.data)

.data           0x20000000       0x78 load address 0x08006d80
                0x20000000                . = ALIGN (0x4)
                0x20000000                _sdata = .
 *(.data)
 *(.data*)
 .data.uwTickFreq
                0x20000000        0x1 build/stm32f1xx_hal.o
                0x20000000                uwTickFreq
 *fill*         0x20000001        0x3 
 .data.uwTickPrio
                0x20000004        0x4 build/stm32f1xx_hal.o
                0x20000004                uwTickPrio
 .data.SystemCoreClock
                0x20000008        0x4 build/system_stm32f1xx.o
                0x20000008                SystemCoreClock
 .data.__sglue  0x2000000c        0xc i:/mcu/gnu_tools_for_arm/11.3_rel1/bin/../lib/gcc/arm-none-eabi/11.3.1/thumb/v7-m/nofp\libc_nano.a(libc_a-findfp.o)
                0x2000000c                __sglue
 .data._impure_data
                0x20000018       0x4c i:/mcu/gnu_tools_for_arm/11.3_rel1/bin/../lib/gcc/arm-none-eabi/11.3.1/thumb/v7-m/nofp\libc_nano.a(libc_a-impure.o)
                0x20000018                _impure_data
 .data._impure_ptr
                0x20000064        0x4 i:/mcu/gnu_tools_for_arm/11.3_rel1/bin/../lib/gcc/arm-none-eabi/11.3.1/thumb/v7-m/nofp\libc_nano.a(libc_a-impure.o)
                0x20000064                _impure_ptr
 .data.one      0x20000068        0x8 i:/mcu/gnu_tools_for_arm/11.3_rel1/bin/../lib/gcc/arm-none-eabi/11.3.1/thumb/v7-m/nofp\libm.a(libm_a-e_sqrt.o)
 .data.tiny     0x20000070        0x8 i:/mcu/gnu_tools_for_arm/11.3_rel1/bin/../lib/gcc/arm-none-eabi/11.3.1/thumb/v7-m/nofp\libm.a(libm_a-e_sqrt.o)
                0x20000078                . = ALIGN (0x4)
                0x20000078                _edata = .

.tm_clone_table
                0x20000078        0x0 load address 0x08006df8
 .tm_clone_table
                0x20000078        0x0 i:/mcu/gnu_tools_for_arm/11.3_rel1/bin/../lib/gcc/arm-none-eabi/11.3.1/thumb/v7-m/nofp/crtbegin.o
 .tm_clone_table
                0x20000078        0x0 i:/mcu/gnu_tools_for_arm/11.3_rel1/bin/../lib/gcc/arm-none-eabi/11.3.1/thumb/v7-m/nofp/crtend.o

.igot.plt       0x20000078        0x0 load address 0x08006df8
 .igot.plt      0x20000078        0x0 i:/mcu/gnu_tools_for_arm/11.3_rel1/bin/../lib/gcc/arm-none-eabi/11.3.1/thumb/v7-m/nofp/crtbegin.o
                0x20000078                . = ALIGN (0x4)

.bss            0x20000078      0x29c load address 0x08006df8
                0x20000078                _sbss = .
                0x20000078                __bss_start__ = _sbss
 *(.bss)
 *(.bss*)
 .bss.completed.1
                0x20000078        0x1 i:/mcu/gnu_tools_for_arm/11.3_rel1/bin/../lib/gcc/arm-none-eabi/11.3.1/thumb/v7-m/nofp/crtbegin.o
 *fill*         0x20000079        0x3 
 .bss.object.0  0x2000007c       0x18 i:/mcu/gnu_tools_for_arm/11.3_rel1/bin/../lib/gcc/arm-none-eabi/11.3.1/thumb/v7-m/nofp/crtbegin.o
 .bss.hi2c1     0x20000094       0x54 build/i2c.o
                0x20000094                hi2c1
 .bss.hi2c2     0x200000e8       0x54 build/i2c.o
                0x200000e8                hi2c2
 .bss.huart1    0x2000013c       0x44 build/usart.o
                0x2000013c                huart1
 .bss.uwTick    0x20000180        0x4 build/stm32f1xx_hal.o
                0x20000180                uwTick
 .bss.measureMode
                0x20000184        0x1 build/Waveshare_AS7341.o
                0x20000184                measureMode
 .bss.DEV_I2C_Device
                0x20000185        0x1 build/DEV_Config.o
                0x20000185                DEV_I2C_Device
 .bss.I2C_ADDR  0x20000186        0x1 build/DEV_Config.o
                0x20000186                I2C_ADDR
 *fill*         0x20000187        0x1 
 .bss.X         0x20000188        0x4 build/ColorTemperature.o
                0x20000188                X
 .bss.Y         0x2000018c        0x4 build/ColorTemperature.o
                0x2000018c                Y
 .bss.Z         0x20000190        0x4 build/ColorTemperature.o
                0x20000190                Z
 .bss.cdc       0x20000194        0x4 build/ColorTemperature.o
                0x20000194                cdc
 .bss.n         0x20000198        0x4 build/ColorTemperature.o
                0x20000198                n
 .bss.x         0x2000019c        0x4 build/ColorTemperature.o
                0x2000019c                x
 .bss.y         0x200001a0        0x4 build/ColorTemperature.o
                0x200001a0                y
 .bss.z         0x200001a4        0x4 build/ColorTemperature.o
                0x200001a4                z
 .bss.data1     0x200001a8        0xc build/Getdata_test.o
                0x200001a8                data1
 .bss.data2     0x200001b4        0xc build/Getdata_test.o
                0x200001b4                data2
 .bss.gHuart    0x200001c0        0x4 build/retarget.o
                0x200001c0                gHuart
 .bss.__sf      0x200001c4      0x138 i:/mcu/gnu_tools_for_arm/11.3_rel1/bin/../lib/gcc/arm-none-eabi/11.3.1/thumb/v7-m/nofp\libc_nano.a(libc_a-findfp.o)
                0x200001c4                __sf
 .bss.__stdio_exit_handler
                0x200002fc        0x4 i:/mcu/gnu_tools_for_arm/11.3_rel1/bin/../lib/gcc/arm-none-eabi/11.3.1/thumb/v7-m/nofp\libc_nano.a(libc_a-findfp.o)
                0x200002fc                __stdio_exit_handler
 .bss.errno     0x20000300        0x4 i:/mcu/gnu_tools_for_arm/11.3_rel1/bin/../lib/gcc/arm-none-eabi/11.3.1/thumb/v7-m/nofp\libc_nano.a(libc_a-reent.o)
                0x20000300                errno
 .bss.__lock___malloc_recursive_mutex
                0x20000304        0x1 i:/mcu/gnu_tools_for_arm/11.3_rel1/bin/../lib/gcc/arm-none-eabi/11.3.1/thumb/v7-m/nofp\libc_nano.a(libc_a-lock.o)
                0x20000304                __lock___malloc_recursive_mutex
 .bss.__lock___sfp_recursive_mutex
                0x20000305        0x1 i:/mcu/gnu_tools_for_arm/11.3_rel1/bin/../lib/gcc/arm-none-eabi/11.3.1/thumb/v7-m/nofp\libc_nano.a(libc_a-lock.o)
                0x20000305                __lock___sfp_recursive_mutex
 *fill*         0x20000306        0x2 
 .bss.__malloc_free_list
                0x20000308        0x4 i:/mcu/gnu_tools_for_arm/11.3_rel1/bin/../lib/gcc/arm-none-eabi/11.3.1/thumb/v7-m/nofp\libc_nano.a(libc_a-mallocr.o)
                0x20000308                __malloc_free_list
 .bss.__malloc_sbrk_start
                0x2000030c        0x4 i:/mcu/gnu_tools_for_arm/11.3_rel1/bin/../lib/gcc/arm-none-eabi/11.3.1/thumb/v7-m/nofp\libc_nano.a(libc_a-mallocr.o)
                0x2000030c                __malloc_sbrk_start
 .bss.heap_end.0
                0x20000310        0x4 i:/mcu/gnu_tools_for_arm/11.3_rel1/bin/../lib/gcc/arm-none-eabi/11.3.1/thumb/v7-m/nofp\libnosys.a(sbrk.o)
 *(COMMON)
                0x20000314                . = ALIGN (0x4)
                0x20000314                _ebss = .
                0x20000314                __bss_end__ = _ebss

._user_heap_stack
                0x20000314      0x604 load address 0x08006df8
                0x20000318                . = ALIGN (0x8)
 *fill*         0x20000314        0x4 
                0x20000318                PROVIDE (end = .)
                [!provide]                PROVIDE (_end = .)
                0x20000518                . = (. + _Min_Heap_Size)
 *fill*         0x20000318      0x200 
                0x20000918                . = (. + _Min_Stack_Size)
 *fill*         0x20000518      0x400 
                0x20000918                . = ALIGN (0x8)

/DISCARD/
 libc.a(*)
 libm.a(*)
 libgcc.a(*)

.ARM.attributes
                0x00000000       0x29
 *(.ARM.attributes)
 .ARM.attributes
                0x00000000       0x1d i:/mcu/gnu_tools_for_arm/11.3_rel1/bin/../lib/gcc/arm-none-eabi/11.3.1/thumb/v7-m/nofp/crti.o
 .ARM.attributes
                0x0000001d       0x2d i:/mcu/gnu_tools_for_arm/11.3_rel1/bin/../lib/gcc/arm-none-eabi/11.3.1/thumb/v7-m/nofp/crtbegin.o
 .ARM.attributes
                0x0000004a       0x2d build/main.o
 .ARM.attributes
                0x00000077       0x2d build/gpio.o
 .ARM.attributes
                0x000000a4       0x2d build/i2c.o
 .ARM.attributes
                0x000000d1       0x2d build/usart.o
 .ARM.attributes
                0x000000fe       0x2d build/stm32f1xx_it.o
 .ARM.attributes
                0x0000012b       0x2d build/stm32f1xx_hal_msp.o
 .ARM.attributes
                0x00000158       0x2d build/stm32f1xx_hal_i2c.o
 .ARM.attributes
                0x00000185       0x2d build/stm32f1xx_hal.o
 .ARM.attributes
                0x000001b2       0x2d build/stm32f1xx_hal_rcc.o
 .ARM.attributes
                0x000001df       0x2d build/stm32f1xx_hal_gpio.o
 .ARM.attributes
                0x0000020c       0x2d build/stm32f1xx_hal_cortex.o
 .ARM.attributes
                0x00000239       0x2d build/stm32f1xx_hal_uart.o
 .ARM.attributes
                0x00000266       0x2d build/system_stm32f1xx.o
 .ARM.attributes
                0x00000293       0x2d build/Waveshare_AS7341.o
 .ARM.attributes
                0x000002c0       0x2d build/DEV_Config.o
 .ARM.attributes
                0x000002ed       0x2d build/ColorTemperature.o
 .ARM.attributes
                0x0000031a       0x2d build/Getdata_test.o
 .ARM.attributes
                0x00000347       0x2d build/Ra_calculate.o
 .ARM.attributes
                0x00000374       0x2d build/retarget.o
 .ARM.attributes
                0x000003a1       0x21 build/startup_stm32f103xe.o
 .ARM.attributes
                0x000003c2       0x2d i:/mcu/gnu_tools_for_arm/11.3_rel1/bin/../lib/gcc/arm-none-eabi/11.3.1/thumb/v7-m/nofp\libc_nano.a(libc_a-findfp.o)
 .ARM.attributes
                0x000003ef       0x2d i:/mcu/gnu_tools_for_arm/11.3_rel1/bin/../lib/gcc/arm-none-eabi/11.3.1/thumb/v7-m/nofp\libc_nano.a(libc_a-fwalk.o)
 .ARM.attributes
                0x0000041c       0x2d i:/mcu/gnu_tools_for_arm/11.3_rel1/bin/../lib/gcc/arm-none-eabi/11.3.1/thumb/v7-m/nofp\libc_nano.a(libc_a-printf.o)
 .ARM.attributes
                0x00000449       0x2d i:/mcu/gnu_tools_for_arm/11.3_rel1/bin/../lib/gcc/arm-none-eabi/11.3.1/thumb/v7-m/nofp\libc_nano.a(libc_a-puts.o)
 .ARM.attributes
                0x00000476       0x2d i:/mcu/gnu_tools_for_arm/11.3_rel1/bin/../lib/gcc/arm-none-eabi/11.3.1/thumb/v7-m/nofp\libc_nano.a(libc_a-setvbuf.o)
 .ARM.attributes
                0x000004a3       0x2d i:/mcu/gnu_tools_for_arm/11.3_rel1/bin/../lib/gcc/arm-none-eabi/11.3.1/thumb/v7-m/nofp\libc_nano.a(libc_a-stdio.o)
 .ARM.attributes
                0x000004d0       0x2d i:/mcu/gnu_tools_for_arm/11.3_rel1/bin/../lib/gcc/arm-none-eabi/11.3.1/thumb/v7-m/nofp\libc_nano.a(libc_a-wbuf.o)
 .ARM.attributes
                0x000004fd       0x2d i:/mcu/gnu_tools_for_arm/11.3_rel1/bin/../lib/gcc/arm-none-eabi/11.3.1/thumb/v7-m/nofp\libc_nano.a(libc_a-wsetup.o)
 .ARM.attributes
                0x0000052a       0x2d i:/mcu/gnu_tools_for_arm/11.3_rel1/bin/../lib/gcc/arm-none-eabi/11.3.1/thumb/v7-m/nofp\libc_nano.a(libc_a-memset.o)
 .ARM.attributes
                0x00000557       0x2d i:/mcu/gnu_tools_for_arm/11.3_rel1/bin/../lib/gcc/arm-none-eabi/11.3.1/thumb/v7-m/nofp\libc_nano.a(libc_a-closer.o)
 .ARM.attributes
                0x00000584       0x2d i:/mcu/gnu_tools_for_arm/11.3_rel1/bin/../lib/gcc/arm-none-eabi/11.3.1/thumb/v7-m/nofp\libc_nano.a(libc_a-reent.o)
 .ARM.attributes
                0x000005b1       0x2d i:/mcu/gnu_tools_for_arm/11.3_rel1/bin/../lib/gcc/arm-none-eabi/11.3.1/thumb/v7-m/nofp\libc_nano.a(libc_a-impure.o)
 .ARM.attributes
                0x000005de       0x2d i:/mcu/gnu_tools_for_arm/11.3_rel1/bin/../lib/gcc/arm-none-eabi/11.3.1/thumb/v7-m/nofp\libc_nano.a(libc_a-lseekr.o)
 .ARM.attributes
                0x0000060b       0x2d i:/mcu/gnu_tools_for_arm/11.3_rel1/bin/../lib/gcc/arm-none-eabi/11.3.1/thumb/v7-m/nofp\libc_nano.a(libc_a-readr.o)
 .ARM.attributes
                0x00000638       0x2d i:/mcu/gnu_tools_for_arm/11.3_rel1/bin/../lib/gcc/arm-none-eabi/11.3.1/thumb/v7-m/nofp\libc_nano.a(libc_a-writer.o)
 .ARM.attributes
                0x00000665       0x2d i:/mcu/gnu_tools_for_arm/11.3_rel1/bin/../lib/gcc/arm-none-eabi/11.3.1/thumb/v7-m/nofp\libc_nano.a(libc_a-errno.o)
 .ARM.attributes
                0x00000692       0x2d i:/mcu/gnu_tools_for_arm/11.3_rel1/bin/../lib/gcc/arm-none-eabi/11.3.1/thumb/v7-m/nofp\libc_nano.a(libc_a-init.o)
 .ARM.attributes
                0x000006bf       0x2d i:/mcu/gnu_tools_for_arm/11.3_rel1/bin/../lib/gcc/arm-none-eabi/11.3.1/thumb/v7-m/nofp\libc_nano.a(libc_a-lock.o)
 .ARM.attributes
                0x000006ec       0x2d i:/mcu/gnu_tools_for_arm/11.3_rel1/bin/../lib/gcc/arm-none-eabi/11.3.1/thumb/v7-m/nofp\libc_nano.a(libc_a-freer.o)
 .ARM.attributes
                0x00000719       0x2d i:/mcu/gnu_tools_for_arm/11.3_rel1/bin/../lib/gcc/arm-none-eabi/11.3.1/thumb/v7-m/nofp\libc_nano.a(libc_a-malloc.o)
 .ARM.attributes
                0x00000746       0x2d i:/mcu/gnu_tools_for_arm/11.3_rel1/bin/../lib/gcc/arm-none-eabi/11.3.1/thumb/v7-m/nofp\libc_nano.a(libc_a-mallocr.o)
 .ARM.attributes
                0x00000773       0x2d i:/mcu/gnu_tools_for_arm/11.3_rel1/bin/../lib/gcc/arm-none-eabi/11.3.1/thumb/v7-m/nofp\libc_nano.a(libc_a-mlock.o)
 .ARM.attributes
                0x000007a0       0x2d i:/mcu/gnu_tools_for_arm/11.3_rel1/bin/../lib/gcc/arm-none-eabi/11.3.1/thumb/v7-m/nofp\libc_nano.a(libc_a-nano-vfprintf.o)
 .ARM.attributes
                0x000007cd       0x2d i:/mcu/gnu_tools_for_arm/11.3_rel1/bin/../lib/gcc/arm-none-eabi/11.3.1/thumb/v7-m/nofp\libc_nano.a(libc_a-nano-vfprintf_i.o)
 .ARM.attributes
                0x000007fa       0x2d i:/mcu/gnu_tools_for_arm/11.3_rel1/bin/../lib/gcc/arm-none-eabi/11.3.1/thumb/v7-m/nofp\libc_nano.a(libc_a-fflush.o)
 .ARM.attributes
                0x00000827       0x2d i:/mcu/gnu_tools_for_arm/11.3_rel1/bin/../lib/gcc/arm-none-eabi/11.3.1/thumb/v7-m/nofp\libc_nano.a(libc_a-makebuf.o)
 .ARM.attributes
                0x00000854       0x2d i:/mcu/gnu_tools_for_arm/11.3_rel1/bin/../lib/gcc/arm-none-eabi/11.3.1/thumb/v7-m/nofp\libc_nano.a(libc_a-fstatr.o)
 .ARM.attributes
                0x00000881       0x2d i:/mcu/gnu_tools_for_arm/11.3_rel1/bin/../lib/gcc/arm-none-eabi/11.3.1/thumb/v7-m/nofp\libc_nano.a(libc_a-isattyr.o)
 .ARM.attributes
                0x000008ae       0x2d i:/mcu/gnu_tools_for_arm/11.3_rel1/bin/../lib/gcc/arm-none-eabi/11.3.1/thumb/v7-m/nofp\libc_nano.a(libc_a-sbrkr.o)
 .ARM.attributes
                0x000008db       0x2d i:/mcu/gnu_tools_for_arm/11.3_rel1/bin/../lib/gcc/arm-none-eabi/11.3.1/thumb/v7-m/nofp\libc_nano.a(libc_a-memchr-stub.o)
 .ARM.attributes
                0x00000908       0x2d i:/mcu/gnu_tools_for_arm/11.3_rel1/bin/../lib/gcc/arm-none-eabi/11.3.1/thumb/v7-m/nofp\libm.a(libm_a-w_pow.o)
 .ARM.attributes
                0x00000935       0x2d i:/mcu/gnu_tools_for_arm/11.3_rel1/bin/../lib/gcc/arm-none-eabi/11.3.1/thumb/v7-m/nofp\libm.a(libm_a-w_sqrt.o)
 .ARM.attributes
                0x00000962       0x2d i:/mcu/gnu_tools_for_arm/11.3_rel1/bin/../lib/gcc/arm-none-eabi/11.3.1/thumb/v7-m/nofp\libm.a(libm_a-s_finite.o)
 .ARM.attributes
                0x0000098f       0x2d i:/mcu/gnu_tools_for_arm/11.3_rel1/bin/../lib/gcc/arm-none-eabi/11.3.1/thumb/v7-m/nofp\libm.a(libm_a-e_sqrt.o)
 .ARM.attributes
                0x000009bc       0x2d i:/mcu/gnu_tools_for_arm/11.3_rel1/bin/../lib/gcc/arm-none-eabi/11.3.1/thumb/v7-m/nofp\libm.a(libm_a-e_pow.o)
 .ARM.attributes
                0x000009e9       0x2d i:/mcu/gnu_tools_for_arm/11.3_rel1/bin/../lib/gcc/arm-none-eabi/11.3.1/thumb/v7-m/nofp\libm.a(libm_a-s_fabs.o)
 .ARM.attributes
                0x00000a16       0x2d i:/mcu/gnu_tools_for_arm/11.3_rel1/bin/../lib/gcc/arm-none-eabi/11.3.1/thumb/v7-m/nofp\libm.a(libm_a-s_scalbn.o)
 .ARM.attributes
                0x00000a43       0x2d i:/mcu/gnu_tools_for_arm/11.3_rel1/bin/../lib/gcc/arm-none-eabi/11.3.1/thumb/v7-m/nofp\libm.a(libm_a-math_err.o)
 .ARM.attributes
                0x00000a70       0x2d i:/mcu/gnu_tools_for_arm/11.3_rel1/bin/../lib/gcc/arm-none-eabi/11.3.1/thumb/v7-m/nofp\libnosys.a(sbrk.o)
 .ARM.attributes
                0x00000a9d       0x1d i:/mcu/gnu_tools_for_arm/11.3_rel1/bin/../lib/gcc/arm-none-eabi/11.3.1/thumb/v7-m/nofp\libgcc.a(_arm_addsubdf3.o)
 .ARM.attributes
                0x00000aba       0x1d i:/mcu/gnu_tools_for_arm/11.3_rel1/bin/../lib/gcc/arm-none-eabi/11.3.1/thumb/v7-m/nofp\libgcc.a(_arm_muldivdf3.o)
 .ARM.attributes
                0x00000ad7       0x1d i:/mcu/gnu_tools_for_arm/11.3_rel1/bin/../lib/gcc/arm-none-eabi/11.3.1/thumb/v7-m/nofp\libgcc.a(_arm_cmpdf2.o)
 .ARM.attributes
                0x00000af4       0x1d i:/mcu/gnu_tools_for_arm/11.3_rel1/bin/../lib/gcc/arm-none-eabi/11.3.1/thumb/v7-m/nofp\libgcc.a(_arm_unorddf2.o)
 .ARM.attributes
                0x00000b11       0x1d i:/mcu/gnu_tools_for_arm/11.3_rel1/bin/../lib/gcc/arm-none-eabi/11.3.1/thumb/v7-m/nofp\libgcc.a(_arm_truncdfsf2.o)
 .ARM.attributes
                0x00000b2e       0x1d i:/mcu/gnu_tools_for_arm/11.3_rel1/bin/../lib/gcc/arm-none-eabi/11.3.1/thumb/v7-m/nofp\libgcc.a(_arm_addsubsf3.o)
 .ARM.attributes
                0x00000b4b       0x1d i:/mcu/gnu_tools_for_arm/11.3_rel1/bin/../lib/gcc/arm-none-eabi/11.3.1/thumb/v7-m/nofp\libgcc.a(_arm_muldivsf3.o)
 .ARM.attributes
                0x00000b68       0x1d i:/mcu/gnu_tools_for_arm/11.3_rel1/bin/../lib/gcc/arm-none-eabi/11.3.1/thumb/v7-m/nofp\libgcc.a(_arm_cmpsf2.o)
 .ARM.attributes
                0x00000b85       0x1d i:/mcu/gnu_tools_for_arm/11.3_rel1/bin/../lib/gcc/arm-none-eabi/11.3.1/thumb/v7-m/nofp\libgcc.a(_arm_fixunssfsi.o)
 .ARM.attributes
                0x00000ba2       0x2d i:/mcu/gnu_tools_for_arm/11.3_rel1/bin/../lib/gcc/arm-none-eabi/11.3.1/thumb/v7-m/nofp/crtend.o
 .ARM.attributes
                0x00000bcf       0x1d i:/mcu/gnu_tools_for_arm/11.3_rel1/bin/../lib/gcc/arm-none-eabi/11.3.1/thumb/v7-m/nofp/crtn.o
OUTPUT(build/LightTest.elf elf32-littlearm)
LOAD linker stubs
LOAD i:/mcu/gnu_tools_for_arm/11.3_rel1/bin/../lib/gcc/arm-none-eabi/11.3.1/thumb/v7-m/nofp\libc.a
LOAD i:/mcu/gnu_tools_for_arm/11.3_rel1/bin/../lib/gcc/arm-none-eabi/11.3.1/thumb/v7-m/nofp\libm.a
LOAD i:/mcu/gnu_tools_for_arm/11.3_rel1/bin/../lib/gcc/arm-none-eabi/11.3.1/thumb/v7-m/nofp\libgcc.a

.comment        0x00000000       0x33
 .comment       0x00000000       0x33 i:/mcu/gnu_tools_for_arm/11.3_rel1/bin/../lib/gcc/arm-none-eabi/11.3.1/thumb/v7-m/nofp/crtbegin.o
                                 0x34 (size before relaxing)
 .comment       0x00000033       0x34 build/main.o
 .comment       0x00000033       0x34 build/gpio.o
 .comment       0x00000033       0x34 build/i2c.o
 .comment       0x00000033       0x34 build/usart.o
 .comment       0x00000033       0x34 build/stm32f1xx_it.o
 .comment       0x00000033       0x34 build/stm32f1xx_hal_msp.o
 .comment       0x00000033       0x34 build/stm32f1xx_hal_i2c.o
 .comment       0x00000033       0x34 build/stm32f1xx_hal.o
 .comment       0x00000033       0x34 build/stm32f1xx_hal_rcc.o
 .comment       0x00000033       0x34 build/stm32f1xx_hal_gpio.o
 .comment       0x00000033       0x34 build/stm32f1xx_hal_cortex.o
 .comment       0x00000033       0x34 build/stm32f1xx_hal_uart.o
 .comment       0x00000033       0x34 build/system_stm32f1xx.o
 .comment       0x00000033       0x34 build/Waveshare_AS7341.o
 .comment       0x00000033       0x34 build/DEV_Config.o
 .comment       0x00000033       0x34 build/ColorTemperature.o
 .comment       0x00000033       0x34 build/Getdata_test.o
 .comment       0x00000033       0x34 build/Ra_calculate.o
 .comment       0x00000033       0x34 build/retarget.o
 .comment       0x00000033       0x34 i:/mcu/gnu_tools_for_arm/11.3_rel1/bin/../lib/gcc/arm-none-eabi/11.3.1/thumb/v7-m/nofp\libc_nano.a(libc_a-findfp.o)
 .comment       0x00000033       0x34 i:/mcu/gnu_tools_for_arm/11.3_rel1/bin/../lib/gcc/arm-none-eabi/11.3.1/thumb/v7-m/nofp\libc_nano.a(libc_a-fwalk.o)
 .comment       0x00000033       0x34 i:/mcu/gnu_tools_for_arm/11.3_rel1/bin/../lib/gcc/arm-none-eabi/11.3.1/thumb/v7-m/nofp\libc_nano.a(libc_a-printf.o)
 .comment       0x00000033       0x34 i:/mcu/gnu_tools_for_arm/11.3_rel1/bin/../lib/gcc/arm-none-eabi/11.3.1/thumb/v7-m/nofp\libc_nano.a(libc_a-puts.o)
 .comment       0x00000033       0x34 i:/mcu/gnu_tools_for_arm/11.3_rel1/bin/../lib/gcc/arm-none-eabi/11.3.1/thumb/v7-m/nofp\libc_nano.a(libc_a-setvbuf.o)
 .comment       0x00000033       0x34 i:/mcu/gnu_tools_for_arm/11.3_rel1/bin/../lib/gcc/arm-none-eabi/11.3.1/thumb/v7-m/nofp\libc_nano.a(libc_a-stdio.o)
 .comment       0x00000033       0x34 i:/mcu/gnu_tools_for_arm/11.3_rel1/bin/../lib/gcc/arm-none-eabi/11.3.1/thumb/v7-m/nofp\libc_nano.a(libc_a-wbuf.o)
 .comment       0x00000033       0x34 i:/mcu/gnu_tools_for_arm/11.3_rel1/bin/../lib/gcc/arm-none-eabi/11.3.1/thumb/v7-m/nofp\libc_nano.a(libc_a-wsetup.o)
 .comment       0x00000033       0x34 i:/mcu/gnu_tools_for_arm/11.3_rel1/bin/../lib/gcc/arm-none-eabi/11.3.1/thumb/v7-m/nofp\libc_nano.a(libc_a-memset.o)
 .comment       0x00000033       0x34 i:/mcu/gnu_tools_for_arm/11.3_rel1/bin/../lib/gcc/arm-none-eabi/11.3.1/thumb/v7-m/nofp\libc_nano.a(libc_a-closer.o)
 .comment       0x00000033       0x34 i:/mcu/gnu_tools_for_arm/11.3_rel1/bin/../lib/gcc/arm-none-eabi/11.3.1/thumb/v7-m/nofp\libc_nano.a(libc_a-reent.o)
 .comment       0x00000033       0x34 i:/mcu/gnu_tools_for_arm/11.3_rel1/bin/../lib/gcc/arm-none-eabi/11.3.1/thumb/v7-m/nofp\libc_nano.a(libc_a-impure.o)
 .comment       0x00000033       0x34 i:/mcu/gnu_tools_for_arm/11.3_rel1/bin/../lib/gcc/arm-none-eabi/11.3.1/thumb/v7-m/nofp\libc_nano.a(libc_a-lseekr.o)
 .comment       0x00000033       0x34 i:/mcu/gnu_tools_for_arm/11.3_rel1/bin/../lib/gcc/arm-none-eabi/11.3.1/thumb/v7-m/nofp\libc_nano.a(libc_a-readr.o)
 .comment       0x00000033       0x34 i:/mcu/gnu_tools_for_arm/11.3_rel1/bin/../lib/gcc/arm-none-eabi/11.3.1/thumb/v7-m/nofp\libc_nano.a(libc_a-writer.o)
 .comment       0x00000033       0x34 i:/mcu/gnu_tools_for_arm/11.3_rel1/bin/../lib/gcc/arm-none-eabi/11.3.1/thumb/v7-m/nofp\libc_nano.a(libc_a-errno.o)
 .comment       0x00000033       0x34 i:/mcu/gnu_tools_for_arm/11.3_rel1/bin/../lib/gcc/arm-none-eabi/11.3.1/thumb/v7-m/nofp\libc_nano.a(libc_a-init.o)
 .comment       0x00000033       0x34 i:/mcu/gnu_tools_for_arm/11.3_rel1/bin/../lib/gcc/arm-none-eabi/11.3.1/thumb/v7-m/nofp\libc_nano.a(libc_a-lock.o)
 .comment       0x00000033       0x34 i:/mcu/gnu_tools_for_arm/11.3_rel1/bin/../lib/gcc/arm-none-eabi/11.3.1/thumb/v7-m/nofp\libc_nano.a(libc_a-freer.o)
 .comment       0x00000033       0x34 i:/mcu/gnu_tools_for_arm/11.3_rel1/bin/../lib/gcc/arm-none-eabi/11.3.1/thumb/v7-m/nofp\libc_nano.a(libc_a-malloc.o)
 .comment       0x00000033       0x34 i:/mcu/gnu_tools_for_arm/11.3_rel1/bin/../lib/gcc/arm-none-eabi/11.3.1/thumb/v7-m/nofp\libc_nano.a(libc_a-mallocr.o)
 .comment       0x00000033       0x34 i:/mcu/gnu_tools_for_arm/11.3_rel1/bin/../lib/gcc/arm-none-eabi/11.3.1/thumb/v7-m/nofp\libc_nano.a(libc_a-mlock.o)
 .comment       0x00000033       0x34 i:/mcu/gnu_tools_for_arm/11.3_rel1/bin/../lib/gcc/arm-none-eabi/11.3.1/thumb/v7-m/nofp\libc_nano.a(libc_a-nano-vfprintf.o)
 .comment       0x00000033       0x34 i:/mcu/gnu_tools_for_arm/11.3_rel1/bin/../lib/gcc/arm-none-eabi/11.3.1/thumb/v7-m/nofp\libc_nano.a(libc_a-nano-vfprintf_i.o)
 .comment       0x00000033       0x34 i:/mcu/gnu_tools_for_arm/11.3_rel1/bin/../lib/gcc/arm-none-eabi/11.3.1/thumb/v7-m/nofp\libc_nano.a(libc_a-fflush.o)
 .comment       0x00000033       0x34 i:/mcu/gnu_tools_for_arm/11.3_rel1/bin/../lib/gcc/arm-none-eabi/11.3.1/thumb/v7-m/nofp\libc_nano.a(libc_a-makebuf.o)
 .comment       0x00000033       0x34 i:/mcu/gnu_tools_for_arm/11.3_rel1/bin/../lib/gcc/arm-none-eabi/11.3.1/thumb/v7-m/nofp\libc_nano.a(libc_a-fstatr.o)
 .comment       0x00000033       0x34 i:/mcu/gnu_tools_for_arm/11.3_rel1/bin/../lib/gcc/arm-none-eabi/11.3.1/thumb/v7-m/nofp\libc_nano.a(libc_a-isattyr.o)
 .comment       0x00000033       0x34 i:/mcu/gnu_tools_for_arm/11.3_rel1/bin/../lib/gcc/arm-none-eabi/11.3.1/thumb/v7-m/nofp\libc_nano.a(libc_a-sbrkr.o)
 .comment       0x00000033       0x34 i:/mcu/gnu_tools_for_arm/11.3_rel1/bin/../lib/gcc/arm-none-eabi/11.3.1/thumb/v7-m/nofp\libc_nano.a(libc_a-memchr-stub.o)
 .comment       0x00000033       0x34 i:/mcu/gnu_tools_for_arm/11.3_rel1/bin/../lib/gcc/arm-none-eabi/11.3.1/thumb/v7-m/nofp\libm.a(libm_a-w_pow.o)
 .comment       0x00000033       0x34 i:/mcu/gnu_tools_for_arm/11.3_rel1/bin/../lib/gcc/arm-none-eabi/11.3.1/thumb/v7-m/nofp\libm.a(libm_a-w_sqrt.o)
 .comment       0x00000033       0x34 i:/mcu/gnu_tools_for_arm/11.3_rel1/bin/../lib/gcc/arm-none-eabi/11.3.1/thumb/v7-m/nofp\libm.a(libm_a-s_finite.o)
 .comment       0x00000033       0x34 i:/mcu/gnu_tools_for_arm/11.3_rel1/bin/../lib/gcc/arm-none-eabi/11.3.1/thumb/v7-m/nofp\libm.a(libm_a-e_sqrt.o)
 .comment       0x00000033       0x34 i:/mcu/gnu_tools_for_arm/11.3_rel1/bin/../lib/gcc/arm-none-eabi/11.3.1/thumb/v7-m/nofp\libm.a(libm_a-e_pow.o)
 .comment       0x00000033       0x34 i:/mcu/gnu_tools_for_arm/11.3_rel1/bin/../lib/gcc/arm-none-eabi/11.3.1/thumb/v7-m/nofp\libm.a(libm_a-s_fabs.o)
 .comment       0x00000033       0x34 i:/mcu/gnu_tools_for_arm/11.3_rel1/bin/../lib/gcc/arm-none-eabi/11.3.1/thumb/v7-m/nofp\libm.a(libm_a-s_scalbn.o)
 .comment       0x00000033       0x34 i:/mcu/gnu_tools_for_arm/11.3_rel1/bin/../lib/gcc/arm-none-eabi/11.3.1/thumb/v7-m/nofp\libm.a(libm_a-math_err.o)
 .comment       0x00000033       0x34 i:/mcu/gnu_tools_for_arm/11.3_rel1/bin/../lib/gcc/arm-none-eabi/11.3.1/thumb/v7-m/nofp\libnosys.a(sbrk.o)
 .comment       0x00000033       0x34 i:/mcu/gnu_tools_for_arm/11.3_rel1/bin/../lib/gcc/arm-none-eabi/11.3.1/thumb/v7-m/nofp/crtend.o

.debug_info     0x00000000    0x21755
 .debug_info    0x00000000      0xbfd build/main.o
 .debug_info    0x00000bfd      0x35e build/gpio.o
 .debug_info    0x00000f5b      0xa76 build/i2c.o
 .debug_info    0x000019d1      0x90f build/usart.o
 .debug_info    0x000022e0      0x158 build/stm32f1xx_it.o
 .debug_info    0x00002438      0x238 build/stm32f1xx_hal_msp.o
 .debug_info    0x00002670     0x3c84 build/stm32f1xx_hal_i2c.o
 .debug_info    0x000062f4      0x8e6 build/stm32f1xx_hal.o
 .debug_info    0x00006bda      0xb0c build/stm32f1xx_hal_rcc.o
 .debug_info    0x000076e6      0x6d7 build/stm32f1xx_hal_gpio.o
 .debug_info    0x00007dbd      0xe99 build/stm32f1xx_hal_cortex.o
 .debug_info    0x00008c56     0x1e4c build/stm32f1xx_hal_uart.o
 .debug_info    0x0000aaa2      0x26e build/system_stm32f1xx.o
 .debug_info    0x0000ad10     0x175a build/Waveshare_AS7341.o
 .debug_info    0x0000c46a      0xb39 build/DEV_Config.o
 .debug_info    0x0000cfa3      0x655 build/ColorTemperature.o
 .debug_info    0x0000d5f8      0x5db build/Getdata_test.o
 .debug_info    0x0000dbd3     0x177c build/Ra_calculate.o
 .debug_info    0x0000f34f     0x12c6 build/retarget.o
 .debug_info    0x00010615       0x22 build/startup_stm32f103xe.o
 .debug_info    0x00010637      0xf8f i:/mcu/gnu_tools_for_arm/11.3_rel1/bin/../lib/gcc/arm-none-eabi/11.3.1/thumb/v7-m/nofp\libc_nano.a(libc_a-findfp.o)
 .debug_info    0x000115c6      0x7d1 i:/mcu/gnu_tools_for_arm/11.3_rel1/bin/../lib/gcc/arm-none-eabi/11.3.1/thumb/v7-m/nofp\libc_nano.a(libc_a-fwalk.o)
 .debug_info    0x00011d97      0x83a i:/mcu/gnu_tools_for_arm/11.3_rel1/bin/../lib/gcc/arm-none-eabi/11.3.1/thumb/v7-m/nofp\libc_nano.a(libc_a-printf.o)
 .debug_info    0x000125d1      0x949 i:/mcu/gnu_tools_for_arm/11.3_rel1/bin/../lib/gcc/arm-none-eabi/11.3.1/thumb/v7-m/nofp\libc_nano.a(libc_a-puts.o)
 .debug_info    0x00012f1a      0x93b i:/mcu/gnu_tools_for_arm/11.3_rel1/bin/../lib/gcc/arm-none-eabi/11.3.1/thumb/v7-m/nofp\libc_nano.a(libc_a-setvbuf.o)
 .debug_info    0x00013855      0xa53 i:/mcu/gnu_tools_for_arm/11.3_rel1/bin/../lib/gcc/arm-none-eabi/11.3.1/thumb/v7-m/nofp\libc_nano.a(libc_a-stdio.o)
 .debug_info    0x000142a8      0x867 i:/mcu/gnu_tools_for_arm/11.3_rel1/bin/../lib/gcc/arm-none-eabi/11.3.1/thumb/v7-m/nofp\libc_nano.a(libc_a-wbuf.o)
 .debug_info    0x00014b0f      0x7ba i:/mcu/gnu_tools_for_arm/11.3_rel1/bin/../lib/gcc/arm-none-eabi/11.3.1/thumb/v7-m/nofp\libc_nano.a(libc_a-wsetup.o)
 .debug_info    0x000152c9       0xe0 i:/mcu/gnu_tools_for_arm/11.3_rel1/bin/../lib/gcc/arm-none-eabi/11.3.1/thumb/v7-m/nofp\libc_nano.a(libc_a-memset.o)
 .debug_info    0x000153a9      0x755 i:/mcu/gnu_tools_for_arm/11.3_rel1/bin/../lib/gcc/arm-none-eabi/11.3.1/thumb/v7-m/nofp\libc_nano.a(libc_a-closer.o)
 .debug_info    0x00015afe      0x858 i:/mcu/gnu_tools_for_arm/11.3_rel1/bin/../lib/gcc/arm-none-eabi/11.3.1/thumb/v7-m/nofp\libc_nano.a(libc_a-reent.o)
 .debug_info    0x00016356      0x714 i:/mcu/gnu_tools_for_arm/11.3_rel1/bin/../lib/gcc/arm-none-eabi/11.3.1/thumb/v7-m/nofp\libc_nano.a(libc_a-impure.o)
 .debug_info    0x00016a6a      0x795 i:/mcu/gnu_tools_for_arm/11.3_rel1/bin/../lib/gcc/arm-none-eabi/11.3.1/thumb/v7-m/nofp\libc_nano.a(libc_a-lseekr.o)
 .debug_info    0x000171ff      0x7ac i:/mcu/gnu_tools_for_arm/11.3_rel1/bin/../lib/gcc/arm-none-eabi/11.3.1/thumb/v7-m/nofp\libc_nano.a(libc_a-readr.o)
 .debug_info    0x000179ab      0x7b2 i:/mcu/gnu_tools_for_arm/11.3_rel1/bin/../lib/gcc/arm-none-eabi/11.3.1/thumb/v7-m/nofp\libc_nano.a(libc_a-writer.o)
 .debug_info    0x0001815d      0x6fa i:/mcu/gnu_tools_for_arm/11.3_rel1/bin/../lib/gcc/arm-none-eabi/11.3.1/thumb/v7-m/nofp\libc_nano.a(libc_a-errno.o)
 .debug_info    0x00018857      0x10b i:/mcu/gnu_tools_for_arm/11.3_rel1/bin/../lib/gcc/arm-none-eabi/11.3.1/thumb/v7-m/nofp\libc_nano.a(libc_a-init.o)
 .debug_info    0x00018962      0x20a i:/mcu/gnu_tools_for_arm/11.3_rel1/bin/../lib/gcc/arm-none-eabi/11.3.1/thumb/v7-m/nofp\libc_nano.a(libc_a-lock.o)
 .debug_info    0x00018b6c      0x84a i:/mcu/gnu_tools_for_arm/11.3_rel1/bin/../lib/gcc/arm-none-eabi/11.3.1/thumb/v7-m/nofp\libc_nano.a(libc_a-freer.o)
 .debug_info    0x000193b6      0x793 i:/mcu/gnu_tools_for_arm/11.3_rel1/bin/../lib/gcc/arm-none-eabi/11.3.1/thumb/v7-m/nofp\libc_nano.a(libc_a-malloc.o)
 .debug_info    0x00019b49      0x9bb i:/mcu/gnu_tools_for_arm/11.3_rel1/bin/../lib/gcc/arm-none-eabi/11.3.1/thumb/v7-m/nofp\libc_nano.a(libc_a-mallocr.o)
 .debug_info    0x0001a504      0x76a i:/mcu/gnu_tools_for_arm/11.3_rel1/bin/../lib/gcc/arm-none-eabi/11.3.1/thumb/v7-m/nofp\libc_nano.a(libc_a-mlock.o)
 .debug_info    0x0001ac6e     0x1079 i:/mcu/gnu_tools_for_arm/11.3_rel1/bin/../lib/gcc/arm-none-eabi/11.3.1/thumb/v7-m/nofp\libc_nano.a(libc_a-nano-vfprintf.o)
 .debug_info    0x0001bce7      0xddf i:/mcu/gnu_tools_for_arm/11.3_rel1/bin/../lib/gcc/arm-none-eabi/11.3.1/thumb/v7-m/nofp\libc_nano.a(libc_a-nano-vfprintf_i.o)
 .debug_info    0x0001cac6      0x9ee i:/mcu/gnu_tools_for_arm/11.3_rel1/bin/../lib/gcc/arm-none-eabi/11.3.1/thumb/v7-m/nofp\libc_nano.a(libc_a-fflush.o)
 .debug_info    0x0001d4b4      0xb18 i:/mcu/gnu_tools_for_arm/11.3_rel1/bin/../lib/gcc/arm-none-eabi/11.3.1/thumb/v7-m/nofp\libc_nano.a(libc_a-makebuf.o)
 .debug_info    0x0001dfcc      0x974 i:/mcu/gnu_tools_for_arm/11.3_rel1/bin/../lib/gcc/arm-none-eabi/11.3.1/thumb/v7-m/nofp\libc_nano.a(libc_a-fstatr.o)
 .debug_info    0x0001e940      0x755 i:/mcu/gnu_tools_for_arm/11.3_rel1/bin/../lib/gcc/arm-none-eabi/11.3.1/thumb/v7-m/nofp\libc_nano.a(libc_a-isattyr.o)
 .debug_info    0x0001f095      0x77b i:/mcu/gnu_tools_for_arm/11.3_rel1/bin/../lib/gcc/arm-none-eabi/11.3.1/thumb/v7-m/nofp\libc_nano.a(libc_a-sbrkr.o)
 .debug_info    0x0001f810      0x110 i:/mcu/gnu_tools_for_arm/11.3_rel1/bin/../lib/gcc/arm-none-eabi/11.3.1/thumb/v7-m/nofp\libc_nano.a(libc_a-memchr-stub.o)
 .debug_info    0x0001f920      0x1dc i:/mcu/gnu_tools_for_arm/11.3_rel1/bin/../lib/gcc/arm-none-eabi/11.3.1/thumb/v7-m/nofp\libm.a(libm_a-w_pow.o)
 .debug_info    0x0001fafc      0x14b i:/mcu/gnu_tools_for_arm/11.3_rel1/bin/../lib/gcc/arm-none-eabi/11.3.1/thumb/v7-m/nofp\libm.a(libm_a-w_sqrt.o)
 .debug_info    0x0001fc47      0x13c i:/mcu/gnu_tools_for_arm/11.3_rel1/bin/../lib/gcc/arm-none-eabi/11.3.1/thumb/v7-m/nofp\libm.a(libm_a-s_finite.o)
 .debug_info    0x0001fd83      0x2e8 i:/mcu/gnu_tools_for_arm/11.3_rel1/bin/../lib/gcc/arm-none-eabi/11.3.1/thumb/v7-m/nofp\libm.a(libm_a-e_sqrt.o)
 .debug_info    0x0002006b      0xd43 i:/mcu/gnu_tools_for_arm/11.3_rel1/bin/../lib/gcc/arm-none-eabi/11.3.1/thumb/v7-m/nofp\libm.a(libm_a-e_pow.o)
 .debug_info    0x00020dae      0x142 i:/mcu/gnu_tools_for_arm/11.3_rel1/bin/../lib/gcc/arm-none-eabi/11.3.1/thumb/v7-m/nofp\libm.a(libm_a-s_fabs.o)
 .debug_info    0x00020ef0      0x272 i:/mcu/gnu_tools_for_arm/11.3_rel1/bin/../lib/gcc/arm-none-eabi/11.3.1/thumb/v7-m/nofp\libm.a(libm_a-s_scalbn.o)
 .debug_info    0x00021162      0x40a i:/mcu/gnu_tools_for_arm/11.3_rel1/bin/../lib/gcc/arm-none-eabi/11.3.1/thumb/v7-m/nofp\libm.a(libm_a-math_err.o)
 .debug_info    0x0002156c       0x9e i:/mcu/gnu_tools_for_arm/11.3_rel1/bin/../lib/gcc/arm-none-eabi/11.3.1/thumb/v7-m/nofp\libnosys.a(sbrk.o)
 .debug_info    0x0002160a       0x25 i:/mcu/gnu_tools_for_arm/11.3_rel1/bin/../lib/gcc/arm-none-eabi/11.3.1/thumb/v7-m/nofp\libgcc.a(_arm_addsubdf3.o)
 .debug_info    0x0002162f       0x25 i:/mcu/gnu_tools_for_arm/11.3_rel1/bin/../lib/gcc/arm-none-eabi/11.3.1/thumb/v7-m/nofp\libgcc.a(_arm_muldivdf3.o)
 .debug_info    0x00021654       0x25 i:/mcu/gnu_tools_for_arm/11.3_rel1/bin/../lib/gcc/arm-none-eabi/11.3.1/thumb/v7-m/nofp\libgcc.a(_arm_cmpdf2.o)
 .debug_info    0x00021679       0x24 i:/mcu/gnu_tools_for_arm/11.3_rel1/bin/../lib/gcc/arm-none-eabi/11.3.1/thumb/v7-m/nofp\libgcc.a(_arm_unorddf2.o)
 .debug_info    0x0002169d       0x25 i:/mcu/gnu_tools_for_arm/11.3_rel1/bin/../lib/gcc/arm-none-eabi/11.3.1/thumb/v7-m/nofp\libgcc.a(_arm_truncdfsf2.o)
 .debug_info    0x000216c2       0x25 i:/mcu/gnu_tools_for_arm/11.3_rel1/bin/../lib/gcc/arm-none-eabi/11.3.1/thumb/v7-m/nofp\libgcc.a(_arm_addsubsf3.o)
 .debug_info    0x000216e7       0x25 i:/mcu/gnu_tools_for_arm/11.3_rel1/bin/../lib/gcc/arm-none-eabi/11.3.1/thumb/v7-m/nofp\libgcc.a(_arm_muldivsf3.o)
 .debug_info    0x0002170c       0x25 i:/mcu/gnu_tools_for_arm/11.3_rel1/bin/../lib/gcc/arm-none-eabi/11.3.1/thumb/v7-m/nofp\libgcc.a(_arm_cmpsf2.o)
 .debug_info    0x00021731       0x24 i:/mcu/gnu_tools_for_arm/11.3_rel1/bin/../lib/gcc/arm-none-eabi/11.3.1/thumb/v7-m/nofp\libgcc.a(_arm_fixunssfsi.o)

.debug_abbrev   0x00000000     0x6c17
 .debug_abbrev  0x00000000      0x287 build/main.o
 .debug_abbrev  0x00000287      0x14e build/gpio.o
 .debug_abbrev  0x000003d5      0x1f6 build/i2c.o
 .debug_abbrev  0x000005cb      0x1f6 build/usart.o
 .debug_abbrev  0x000007c1       0x80 build/stm32f1xx_it.o
 .debug_abbrev  0x00000841       0xe7 build/stm32f1xx_hal_msp.o
 .debug_abbrev  0x00000928      0x31e build/stm32f1xx_hal_i2c.o
 .debug_abbrev  0x00000c46      0x232 build/stm32f1xx_hal.o
 .debug_abbrev  0x00000e78      0x2b8 build/stm32f1xx_hal_rcc.o
 .debug_abbrev  0x00001130      0x222 build/stm32f1xx_hal_gpio.o
 .debug_abbrev  0x00001352      0x348 build/stm32f1xx_hal_cortex.o
 .debug_abbrev  0x0000169a      0x2df build/stm32f1xx_hal_uart.o
 .debug_abbrev  0x00001979      0x140 build/system_stm32f1xx.o
 .debug_abbrev  0x00001ab9      0x266 build/Waveshare_AS7341.o
 .debug_abbrev  0x00001d1f      0x29e build/DEV_Config.o
 .debug_abbrev  0x00001fbd       0xc7 build/ColorTemperature.o
 .debug_abbrev  0x00002084      0x14a build/Getdata_test.o
 .debug_abbrev  0x000021ce      0x250 build/Ra_calculate.o
 .debug_abbrev  0x0000241e      0x297 build/retarget.o
 .debug_abbrev  0x000026b5       0x12 build/startup_stm32f103xe.o
 .debug_abbrev  0x000026c7      0x40c i:/mcu/gnu_tools_for_arm/11.3_rel1/bin/../lib/gcc/arm-none-eabi/11.3.1/thumb/v7-m/nofp\libc_nano.a(libc_a-findfp.o)
 .debug_abbrev  0x00002ad3      0x19b i:/mcu/gnu_tools_for_arm/11.3_rel1/bin/../lib/gcc/arm-none-eabi/11.3.1/thumb/v7-m/nofp\libc_nano.a(libc_a-fwalk.o)
 .debug_abbrev  0x00002c6e      0x21a i:/mcu/gnu_tools_for_arm/11.3_rel1/bin/../lib/gcc/arm-none-eabi/11.3.1/thumb/v7-m/nofp\libc_nano.a(libc_a-printf.o)
 .debug_abbrev  0x00002e88      0x2a7 i:/mcu/gnu_tools_for_arm/11.3_rel1/bin/../lib/gcc/arm-none-eabi/11.3.1/thumb/v7-m/nofp\libc_nano.a(libc_a-puts.o)
 .debug_abbrev  0x0000312f      0x259 i:/mcu/gnu_tools_for_arm/11.3_rel1/bin/../lib/gcc/arm-none-eabi/11.3.1/thumb/v7-m/nofp\libc_nano.a(libc_a-setvbuf.o)
 .debug_abbrev  0x00003388      0x221 i:/mcu/gnu_tools_for_arm/11.3_rel1/bin/../lib/gcc/arm-none-eabi/11.3.1/thumb/v7-m/nofp\libc_nano.a(libc_a-stdio.o)
 .debug_abbrev  0x000035a9      0x22d i:/mcu/gnu_tools_for_arm/11.3_rel1/bin/../lib/gcc/arm-none-eabi/11.3.1/thumb/v7-m/nofp\libc_nano.a(libc_a-wbuf.o)
 .debug_abbrev  0x000037d6      0x1e2 i:/mcu/gnu_tools_for_arm/11.3_rel1/bin/../lib/gcc/arm-none-eabi/11.3.1/thumb/v7-m/nofp\libc_nano.a(libc_a-wsetup.o)
 .debug_abbrev  0x000039b8       0x9e i:/mcu/gnu_tools_for_arm/11.3_rel1/bin/../lib/gcc/arm-none-eabi/11.3.1/thumb/v7-m/nofp\libc_nano.a(libc_a-memset.o)
 .debug_abbrev  0x00003a56      0x1b0 i:/mcu/gnu_tools_for_arm/11.3_rel1/bin/../lib/gcc/arm-none-eabi/11.3.1/thumb/v7-m/nofp\libc_nano.a(libc_a-closer.o)
 .debug_abbrev  0x00003c06      0x1f8 i:/mcu/gnu_tools_for_arm/11.3_rel1/bin/../lib/gcc/arm-none-eabi/11.3.1/thumb/v7-m/nofp\libc_nano.a(libc_a-reent.o)
 .debug_abbrev  0x00003dfe      0x149 i:/mcu/gnu_tools_for_arm/11.3_rel1/bin/../lib/gcc/arm-none-eabi/11.3.1/thumb/v7-m/nofp\libc_nano.a(libc_a-impure.o)
 .debug_abbrev  0x00003f47      0x1c4 i:/mcu/gnu_tools_for_arm/11.3_rel1/bin/../lib/gcc/arm-none-eabi/11.3.1/thumb/v7-m/nofp\libc_nano.a(libc_a-lseekr.o)
 .debug_abbrev  0x0000410b      0x1b0 i:/mcu/gnu_tools_for_arm/11.3_rel1/bin/../lib/gcc/arm-none-eabi/11.3.1/thumb/v7-m/nofp\libc_nano.a(libc_a-readr.o)
 .debug_abbrev  0x000042bb      0x1b5 i:/mcu/gnu_tools_for_arm/11.3_rel1/bin/../lib/gcc/arm-none-eabi/11.3.1/thumb/v7-m/nofp\libc_nano.a(libc_a-writer.o)
 .debug_abbrev  0x00004470      0x15e i:/mcu/gnu_tools_for_arm/11.3_rel1/bin/../lib/gcc/arm-none-eabi/11.3.1/thumb/v7-m/nofp\libc_nano.a(libc_a-errno.o)
 .debug_abbrev  0x000045ce       0xc9 i:/mcu/gnu_tools_for_arm/11.3_rel1/bin/../lib/gcc/arm-none-eabi/11.3.1/thumb/v7-m/nofp\libc_nano.a(libc_a-init.o)
 .debug_abbrev  0x00004697      0x115 i:/mcu/gnu_tools_for_arm/11.3_rel1/bin/../lib/gcc/arm-none-eabi/11.3.1/thumb/v7-m/nofp\libc_nano.a(libc_a-lock.o)
 .debug_abbrev  0x000047ac      0x236 i:/mcu/gnu_tools_for_arm/11.3_rel1/bin/../lib/gcc/arm-none-eabi/11.3.1/thumb/v7-m/nofp\libc_nano.a(libc_a-freer.o)
 .debug_abbrev  0x000049e2      0x1cf i:/mcu/gnu_tools_for_arm/11.3_rel1/bin/../lib/gcc/arm-none-eabi/11.3.1/thumb/v7-m/nofp\libc_nano.a(libc_a-malloc.o)
 .debug_abbrev  0x00004bb1      0x24a i:/mcu/gnu_tools_for_arm/11.3_rel1/bin/../lib/gcc/arm-none-eabi/11.3.1/thumb/v7-m/nofp\libc_nano.a(libc_a-mallocr.o)
 .debug_abbrev  0x00004dfb      0x1bf i:/mcu/gnu_tools_for_arm/11.3_rel1/bin/../lib/gcc/arm-none-eabi/11.3.1/thumb/v7-m/nofp\libc_nano.a(libc_a-mlock.o)
 .debug_abbrev  0x00004fba      0x317 i:/mcu/gnu_tools_for_arm/11.3_rel1/bin/../lib/gcc/arm-none-eabi/11.3.1/thumb/v7-m/nofp\libc_nano.a(libc_a-nano-vfprintf.o)
 .debug_abbrev  0x000052d1      0x28f i:/mcu/gnu_tools_for_arm/11.3_rel1/bin/../lib/gcc/arm-none-eabi/11.3.1/thumb/v7-m/nofp\libc_nano.a(libc_a-nano-vfprintf_i.o)
 .debug_abbrev  0x00005560      0x2a8 i:/mcu/gnu_tools_for_arm/11.3_rel1/bin/../lib/gcc/arm-none-eabi/11.3.1/thumb/v7-m/nofp\libc_nano.a(libc_a-fflush.o)
 .debug_abbrev  0x00005808      0x28e i:/mcu/gnu_tools_for_arm/11.3_rel1/bin/../lib/gcc/arm-none-eabi/11.3.1/thumb/v7-m/nofp\libc_nano.a(libc_a-makebuf.o)
 .debug_abbrev  0x00005a96      0x1c3 i:/mcu/gnu_tools_for_arm/11.3_rel1/bin/../lib/gcc/arm-none-eabi/11.3.1/thumb/v7-m/nofp\libc_nano.a(libc_a-fstatr.o)
 .debug_abbrev  0x00005c59      0x1b0 i:/mcu/gnu_tools_for_arm/11.3_rel1/bin/../lib/gcc/arm-none-eabi/11.3.1/thumb/v7-m/nofp\libc_nano.a(libc_a-isattyr.o)
 .debug_abbrev  0x00005e09      0x1da i:/mcu/gnu_tools_for_arm/11.3_rel1/bin/../lib/gcc/arm-none-eabi/11.3.1/thumb/v7-m/nofp\libc_nano.a(libc_a-sbrkr.o)
 .debug_abbrev  0x00005fe3       0xb1 i:/mcu/gnu_tools_for_arm/11.3_rel1/bin/../lib/gcc/arm-none-eabi/11.3.1/thumb/v7-m/nofp\libc_nano.a(libc_a-memchr-stub.o)
 .debug_abbrev  0x00006094       0xd7 i:/mcu/gnu_tools_for_arm/11.3_rel1/bin/../lib/gcc/arm-none-eabi/11.3.1/thumb/v7-m/nofp\libm.a(libm_a-w_pow.o)
 .debug_abbrev  0x0000616b       0xd5 i:/mcu/gnu_tools_for_arm/11.3_rel1/bin/../lib/gcc/arm-none-eabi/11.3.1/thumb/v7-m/nofp\libm.a(libm_a-w_sqrt.o)
 .debug_abbrev  0x00006240       0xe0 i:/mcu/gnu_tools_for_arm/11.3_rel1/bin/../lib/gcc/arm-none-eabi/11.3.1/thumb/v7-m/nofp\libm.a(libm_a-s_finite.o)
 .debug_abbrev  0x00006320      0x15e i:/mcu/gnu_tools_for_arm/11.3_rel1/bin/../lib/gcc/arm-none-eabi/11.3.1/thumb/v7-m/nofp\libm.a(libm_a-e_sqrt.o)
 .debug_abbrev  0x0000647e      0x285 i:/mcu/gnu_tools_for_arm/11.3_rel1/bin/../lib/gcc/arm-none-eabi/11.3.1/thumb/v7-m/nofp\libm.a(libm_a-e_pow.o)
 .debug_abbrev  0x00006703       0xd8 i:/mcu/gnu_tools_for_arm/11.3_rel1/bin/../lib/gcc/arm-none-eabi/11.3.1/thumb/v7-m/nofp\libm.a(libm_a-s_fabs.o)
 .debug_abbrev  0x000067db      0x167 i:/mcu/gnu_tools_for_arm/11.3_rel1/bin/../lib/gcc/arm-none-eabi/11.3.1/thumb/v7-m/nofp\libm.a(libm_a-s_scalbn.o)
 .debug_abbrev  0x00006942      0x180 i:/mcu/gnu_tools_for_arm/11.3_rel1/bin/../lib/gcc/arm-none-eabi/11.3.1/thumb/v7-m/nofp\libm.a(libm_a-math_err.o)
 .debug_abbrev  0x00006ac2       0xa1 i:/mcu/gnu_tools_for_arm/11.3_rel1/bin/../lib/gcc/arm-none-eabi/11.3.1/thumb/v7-m/nofp\libnosys.a(sbrk.o)
 .debug_abbrev  0x00006b63       0x14 i:/mcu/gnu_tools_for_arm/11.3_rel1/bin/../lib/gcc/arm-none-eabi/11.3.1/thumb/v7-m/nofp\libgcc.a(_arm_addsubdf3.o)
 .debug_abbrev  0x00006b77       0x14 i:/mcu/gnu_tools_for_arm/11.3_rel1/bin/../lib/gcc/arm-none-eabi/11.3.1/thumb/v7-m/nofp\libgcc.a(_arm_muldivdf3.o)
 .debug_abbrev  0x00006b8b       0x14 i:/mcu/gnu_tools_for_arm/11.3_rel1/bin/../lib/gcc/arm-none-eabi/11.3.1/thumb/v7-m/nofp\libgcc.a(_arm_cmpdf2.o)
 .debug_abbrev  0x00006b9f       0x14 i:/mcu/gnu_tools_for_arm/11.3_rel1/bin/../lib/gcc/arm-none-eabi/11.3.1/thumb/v7-m/nofp\libgcc.a(_arm_unorddf2.o)
 .debug_abbrev  0x00006bb3       0x14 i:/mcu/gnu_tools_for_arm/11.3_rel1/bin/../lib/gcc/arm-none-eabi/11.3.1/thumb/v7-m/nofp\libgcc.a(_arm_truncdfsf2.o)
 .debug_abbrev  0x00006bc7       0x14 i:/mcu/gnu_tools_for_arm/11.3_rel1/bin/../lib/gcc/arm-none-eabi/11.3.1/thumb/v7-m/nofp\libgcc.a(_arm_addsubsf3.o)
 .debug_abbrev  0x00006bdb       0x14 i:/mcu/gnu_tools_for_arm/11.3_rel1/bin/../lib/gcc/arm-none-eabi/11.3.1/thumb/v7-m/nofp\libgcc.a(_arm_muldivsf3.o)
 .debug_abbrev  0x00006bef       0x14 i:/mcu/gnu_tools_for_arm/11.3_rel1/bin/../lib/gcc/arm-none-eabi/11.3.1/thumb/v7-m/nofp\libgcc.a(_arm_cmpsf2.o)
 .debug_abbrev  0x00006c03       0x14 i:/mcu/gnu_tools_for_arm/11.3_rel1/bin/../lib/gcc/arm-none-eabi/11.3.1/thumb/v7-m/nofp\libgcc.a(_arm_fixunssfsi.o)

.debug_loc      0x00000000     0xa9c0
 .debug_loc     0x00000000       0x73 build/main.o
 .debug_loc     0x00000073       0x38 build/gpio.o
 .debug_loc     0x000000ab      0x162 build/i2c.o
 .debug_loc     0x0000020d      0x108 build/usart.o
 .debug_loc     0x00000315       0x20 build/stm32f1xx_it.o
 .debug_loc     0x00000335       0x41 build/stm32f1xx_hal_msp.o
 .debug_loc     0x00000376     0x4dcb build/stm32f1xx_hal_i2c.o
 .debug_loc     0x00005141      0x1e1 build/stm32f1xx_hal.o
 .debug_loc     0x00005322      0x7ee build/stm32f1xx_hal_rcc.o
 .debug_loc     0x00005b10      0x53c build/stm32f1xx_hal_gpio.o
 .debug_loc     0x0000604c      0x80c build/stm32f1xx_hal_cortex.o
 .debug_loc     0x00006858     0x2625 build/stm32f1xx_hal_uart.o
 .debug_loc     0x00008e7d       0xff build/system_stm32f1xx.o
 .debug_loc     0x00008f7c      0xcaf build/Waveshare_AS7341.o
 .debug_loc     0x00009c2b      0x298 build/DEV_Config.o
 .debug_loc     0x00009ec3       0xae build/ColorTemperature.o
 .debug_loc     0x00009f71       0x2c build/Getdata_test.o
 .debug_loc     0x00009f9d      0x5ba build/Ra_calculate.o
 .debug_loc     0x0000a557      0x469 build/retarget.o

.debug_aranges  0x00000000     0x1210
 .debug_aranges
                0x00000000       0x30 build/main.o
 .debug_aranges
                0x00000030       0x20 build/gpio.o
 .debug_aranges
                0x00000050       0x38 build/i2c.o
 .debug_aranges
                0x00000088       0x30 build/usart.o
 .debug_aranges
                0x000000b8       0x60 build/stm32f1xx_it.o
 .debug_aranges
                0x00000118       0x20 build/stm32f1xx_hal_msp.o
 .debug_aranges
                0x00000138      0x2a0 build/stm32f1xx_hal_i2c.o
 .debug_aranges
                0x000003d8       0xe0 build/stm32f1xx_hal.o
 .debug_aranges
                0x000004b8       0x90 build/stm32f1xx_hal_rcc.o
 .debug_aranges
                0x00000548       0x58 build/stm32f1xx_hal_gpio.o
 .debug_aranges
                0x000005a0       0x90 build/stm32f1xx_hal_cortex.o
 .debug_aranges
                0x00000630      0x200 build/stm32f1xx_hal_uart.o
 .debug_aranges
                0x00000830       0x28 build/system_stm32f1xx.o
 .debug_aranges
                0x00000858      0x128 build/Waveshare_AS7341.o
 .debug_aranges
                0x00000980       0x78 build/DEV_Config.o
 .debug_aranges
                0x000009f8       0x28 build/ColorTemperature.o
 .debug_aranges
                0x00000a20       0x20 build/Getdata_test.o
 .debug_aranges
                0x00000a40       0x30 build/Ra_calculate.o
 .debug_aranges
                0x00000a70       0x50 build/retarget.o
 .debug_aranges
                0x00000ac0       0x28 build/startup_stm32f103xe.o
 .debug_aranges
                0x00000ae8       0x78 i:/mcu/gnu_tools_for_arm/11.3_rel1/bin/../lib/gcc/arm-none-eabi/11.3.1/thumb/v7-m/nofp\libc_nano.a(libc_a-findfp.o)
 .debug_aranges
                0x00000b60       0x20 i:/mcu/gnu_tools_for_arm/11.3_rel1/bin/../lib/gcc/arm-none-eabi/11.3.1/thumb/v7-m/nofp\libc_nano.a(libc_a-fwalk.o)
 .debug_aranges
                0x00000b80       0x28 i:/mcu/gnu_tools_for_arm/11.3_rel1/bin/../lib/gcc/arm-none-eabi/11.3.1/thumb/v7-m/nofp\libc_nano.a(libc_a-printf.o)
 .debug_aranges
                0x00000ba8       0x28 i:/mcu/gnu_tools_for_arm/11.3_rel1/bin/../lib/gcc/arm-none-eabi/11.3.1/thumb/v7-m/nofp\libc_nano.a(libc_a-puts.o)
 .debug_aranges
                0x00000bd0       0x20 i:/mcu/gnu_tools_for_arm/11.3_rel1/bin/../lib/gcc/arm-none-eabi/11.3.1/thumb/v7-m/nofp\libc_nano.a(libc_a-setvbuf.o)
 .debug_aranges
                0x00000bf0       0x40 i:/mcu/gnu_tools_for_arm/11.3_rel1/bin/../lib/gcc/arm-none-eabi/11.3.1/thumb/v7-m/nofp\libc_nano.a(libc_a-stdio.o)
 .debug_aranges
                0x00000c30       0x28 i:/mcu/gnu_tools_for_arm/11.3_rel1/bin/../lib/gcc/arm-none-eabi/11.3.1/thumb/v7-m/nofp\libc_nano.a(libc_a-wbuf.o)
 .debug_aranges
                0x00000c58       0x20 i:/mcu/gnu_tools_for_arm/11.3_rel1/bin/../lib/gcc/arm-none-eabi/11.3.1/thumb/v7-m/nofp\libc_nano.a(libc_a-wsetup.o)
 .debug_aranges
                0x00000c78       0x20 i:/mcu/gnu_tools_for_arm/11.3_rel1/bin/../lib/gcc/arm-none-eabi/11.3.1/thumb/v7-m/nofp\libc_nano.a(libc_a-memset.o)
 .debug_aranges
                0x00000c98       0x20 i:/mcu/gnu_tools_for_arm/11.3_rel1/bin/../lib/gcc/arm-none-eabi/11.3.1/thumb/v7-m/nofp\libc_nano.a(libc_a-closer.o)
 .debug_aranges
                0x00000cb8       0x20 i:/mcu/gnu_tools_for_arm/11.3_rel1/bin/../lib/gcc/arm-none-eabi/11.3.1/thumb/v7-m/nofp\libc_nano.a(libc_a-reent.o)
 .debug_aranges
                0x00000cd8       0x18 i:/mcu/gnu_tools_for_arm/11.3_rel1/bin/../lib/gcc/arm-none-eabi/11.3.1/thumb/v7-m/nofp\libc_nano.a(libc_a-impure.o)
 .debug_aranges
                0x00000cf0       0x20 i:/mcu/gnu_tools_for_arm/11.3_rel1/bin/../lib/gcc/arm-none-eabi/11.3.1/thumb/v7-m/nofp\libc_nano.a(libc_a-lseekr.o)
 .debug_aranges
                0x00000d10       0x20 i:/mcu/gnu_tools_for_arm/11.3_rel1/bin/../lib/gcc/arm-none-eabi/11.3.1/thumb/v7-m/nofp\libc_nano.a(libc_a-readr.o)
 .debug_aranges
                0x00000d30       0x20 i:/mcu/gnu_tools_for_arm/11.3_rel1/bin/../lib/gcc/arm-none-eabi/11.3.1/thumb/v7-m/nofp\libc_nano.a(libc_a-writer.o)
 .debug_aranges
                0x00000d50       0x20 i:/mcu/gnu_tools_for_arm/11.3_rel1/bin/../lib/gcc/arm-none-eabi/11.3.1/thumb/v7-m/nofp\libc_nano.a(libc_a-errno.o)
 .debug_aranges
                0x00000d70       0x20 i:/mcu/gnu_tools_for_arm/11.3_rel1/bin/../lib/gcc/arm-none-eabi/11.3.1/thumb/v7-m/nofp\libc_nano.a(libc_a-init.o)
 .debug_aranges
                0x00000d90       0x28 i:/mcu/gnu_tools_for_arm/11.3_rel1/bin/../lib/gcc/arm-none-eabi/11.3.1/thumb/v7-m/nofp\libc_nano.a(libc_a-lock.o)
 .debug_aranges
                0x00000db8       0x20 i:/mcu/gnu_tools_for_arm/11.3_rel1/bin/../lib/gcc/arm-none-eabi/11.3.1/thumb/v7-m/nofp\libc_nano.a(libc_a-freer.o)
 .debug_aranges
                0x00000dd8       0x28 i:/mcu/gnu_tools_for_arm/11.3_rel1/bin/../lib/gcc/arm-none-eabi/11.3.1/thumb/v7-m/nofp\libc_nano.a(libc_a-malloc.o)
 .debug_aranges
                0x00000e00       0x28 i:/mcu/gnu_tools_for_arm/11.3_rel1/bin/../lib/gcc/arm-none-eabi/11.3.1/thumb/v7-m/nofp\libc_nano.a(libc_a-mallocr.o)
 .debug_aranges
                0x00000e28       0x28 i:/mcu/gnu_tools_for_arm/11.3_rel1/bin/../lib/gcc/arm-none-eabi/11.3.1/thumb/v7-m/nofp\libc_nano.a(libc_a-mlock.o)
 .debug_aranges
                0x00000e50       0x40 i:/mcu/gnu_tools_for_arm/11.3_rel1/bin/../lib/gcc/arm-none-eabi/11.3.1/thumb/v7-m/nofp\libc_nano.a(libc_a-nano-vfprintf.o)
 .debug_aranges
                0x00000e90       0x28 i:/mcu/gnu_tools_for_arm/11.3_rel1/bin/../lib/gcc/arm-none-eabi/11.3.1/thumb/v7-m/nofp\libc_nano.a(libc_a-nano-vfprintf_i.o)
 .debug_aranges
                0x00000eb8       0x30 i:/mcu/gnu_tools_for_arm/11.3_rel1/bin/../lib/gcc/arm-none-eabi/11.3.1/thumb/v7-m/nofp\libc_nano.a(libc_a-fflush.o)
 .debug_aranges
                0x00000ee8       0x28 i:/mcu/gnu_tools_for_arm/11.3_rel1/bin/../lib/gcc/arm-none-eabi/11.3.1/thumb/v7-m/nofp\libc_nano.a(libc_a-makebuf.o)
 .debug_aranges
                0x00000f10       0x20 i:/mcu/gnu_tools_for_arm/11.3_rel1/bin/../lib/gcc/arm-none-eabi/11.3.1/thumb/v7-m/nofp\libc_nano.a(libc_a-fstatr.o)
 .debug_aranges
                0x00000f30       0x20 i:/mcu/gnu_tools_for_arm/11.3_rel1/bin/../lib/gcc/arm-none-eabi/11.3.1/thumb/v7-m/nofp\libc_nano.a(libc_a-isattyr.o)
 .debug_aranges
                0x00000f50       0x20 i:/mcu/gnu_tools_for_arm/11.3_rel1/bin/../lib/gcc/arm-none-eabi/11.3.1/thumb/v7-m/nofp\libc_nano.a(libc_a-sbrkr.o)
 .debug_aranges
                0x00000f70       0x20 i:/mcu/gnu_tools_for_arm/11.3_rel1/bin/../lib/gcc/arm-none-eabi/11.3.1/thumb/v7-m/nofp\libc_nano.a(libc_a-memchr-stub.o)
 .debug_aranges
                0x00000f90       0x20 i:/mcu/gnu_tools_for_arm/11.3_rel1/bin/../lib/gcc/arm-none-eabi/11.3.1/thumb/v7-m/nofp\libm.a(libm_a-w_pow.o)
 .debug_aranges
                0x00000fb0       0x20 i:/mcu/gnu_tools_for_arm/11.3_rel1/bin/../lib/gcc/arm-none-eabi/11.3.1/thumb/v7-m/nofp\libm.a(libm_a-w_sqrt.o)
 .debug_aranges
                0x00000fd0       0x20 i:/mcu/gnu_tools_for_arm/11.3_rel1/bin/../lib/gcc/arm-none-eabi/11.3.1/thumb/v7-m/nofp\libm.a(libm_a-s_finite.o)
 .debug_aranges
                0x00000ff0       0x20 i:/mcu/gnu_tools_for_arm/11.3_rel1/bin/../lib/gcc/arm-none-eabi/11.3.1/thumb/v7-m/nofp\libm.a(libm_a-e_sqrt.o)
 .debug_aranges
                0x00001010       0x20 i:/mcu/gnu_tools_for_arm/11.3_rel1/bin/../lib/gcc/arm-none-eabi/11.3.1/thumb/v7-m/nofp\libm.a(libm_a-e_pow.o)
 .debug_aranges
                0x00001030       0x20 i:/mcu/gnu_tools_for_arm/11.3_rel1/bin/../lib/gcc/arm-none-eabi/11.3.1/thumb/v7-m/nofp\libm.a(libm_a-s_fabs.o)
 .debug_aranges
                0x00001050       0x20 i:/mcu/gnu_tools_for_arm/11.3_rel1/bin/../lib/gcc/arm-none-eabi/11.3.1/thumb/v7-m/nofp\libm.a(libm_a-s_scalbn.o)
 .debug_aranges
                0x00001070       0x60 i:/mcu/gnu_tools_for_arm/11.3_rel1/bin/../lib/gcc/arm-none-eabi/11.3.1/thumb/v7-m/nofp\libm.a(libm_a-math_err.o)
 .debug_aranges
                0x000010d0       0x20 i:/mcu/gnu_tools_for_arm/11.3_rel1/bin/../lib/gcc/arm-none-eabi/11.3.1/thumb/v7-m/nofp\libnosys.a(sbrk.o)
 .debug_aranges