Archive member included to satisfy reference by file (symbol)

/opt/st/stm32cubeide_1.10.1/plugins/com.st.stm32cube.ide.mcu.externaltools.gnu-tools-for-stm32.10.3-2021.10.linux64_1.0.0.202111181127/tools/bin/../lib/gcc/arm-none-eabi/10.3.1/../../../../arm-none-eabi/lib/thumb/v7-m/nofp/libc_nano.a(lib_a-errno.o)
                              ./Core/Src/retarget.o (__errno)
/opt/st/stm32cubeide_1.10.1/plugins/com.st.stm32cube.ide.mcu.externaltools.gnu-tools-for-stm32.10.3-2021.10.linux64_1.0.0.202111181127/tools/bin/../lib/gcc/arm-none-eabi/10.3.1/../../../../arm-none-eabi/lib/thumb/v7-m/nofp/libc_nano.a(lib_a-exit.o)
                              /opt/st/stm32cubeide_1.10.1/plugins/com.st.stm32cube.ide.mcu.externaltools.gnu-tools-for-stm32.10.3-2021.10.linux64_1.0.0.202111181127/tools/bin/../lib/gcc/arm-none-eabi/10.3.1/../../../../arm-none-eabi/lib/thumb/v7-m/nofp/crt0.o (exit)
/opt/st/stm32cubeide_1.10.1/plugins/com.st.stm32cube.ide.mcu.externaltools.gnu-tools-for-stm32.10.3-2021.10.linux64_1.0.0.202111181127/tools/bin/../lib/gcc/arm-none-eabi/10.3.1/../../../../arm-none-eabi/lib/thumb/v7-m/nofp/libc_nano.a(lib_a-impure.o)
                              /opt/st/stm32cubeide_1.10.1/plugins/com.st.stm32cube.ide.mcu.externaltools.gnu-tools-for-stm32.10.3-2021.10.linux64_1.0.0.202111181127/tools/bin/../lib/gcc/arm-none-eabi/10.3.1/../../../../arm-none-eabi/lib/thumb/v7-m/nofp/libc_nano.a(lib_a-exit.o) (_global_impure_ptr)
/opt/st/stm32cubeide_1.10.1/plugins/com.st.stm32cube.ide.mcu.externaltools.gnu-tools-for-stm32.10.3-2021.10.linux64_1.0.0.202111181127/tools/bin/../lib/gcc/arm-none-eabi/10.3.1/../../../../arm-none-eabi/lib/thumb/v7-m/nofp/libc_nano.a(lib_a-init.o)
                              /opt/st/stm32cubeide_1.10.1/plugins/com.st.stm32cube.ide.mcu.externaltools.gnu-tools-for-stm32.10.3-2021.10.linux64_1.0.0.202111181127/tools/bin/../lib/gcc/arm-none-eabi/10.3.1/../../../../arm-none-eabi/lib/thumb/v7-m/nofp/crt0.o (__libc_init_array)
/opt/st/stm32cubeide_1.10.1/plugins/com.st.stm32cube.ide.mcu.externaltools.gnu-tools-for-stm32.10.3-2021.10.linux64_1.0.0.202111181127/tools/bin/../lib/gcc/arm-none-eabi/10.3.1/../../../../arm-none-eabi/lib/thumb/v7-m/nofp/libc_nano.a(lib_a-memset.o)
                              /opt/st/stm32cubeide_1.10.1/plugins/com.st.stm32cube.ide.mcu.externaltools.gnu-tools-for-stm32.10.3-2021.10.linux64_1.0.0.202111181127/tools/bin/../lib/gcc/arm-none-eabi/10.3.1/../../../../arm-none-eabi/lib/thumb/v7-m/nofp/crt0.o (memset)
/opt/st/stm32cubeide_1.10.1/plugins/com.st.stm32cube.ide.mcu.externaltools.gnu-tools-for-stm32.10.3-2021.10.linux64_1.0.0.202111181127/tools/bin/../lib/gcc/arm-none-eabi/10.3.1/../../../../arm-none-eabi/lib/thumb/v7-m/nofp/libc_nano.a(lib_a-printf.o)
                              ./APP/Getdata_test.o (printf)
/opt/st/stm32cubeide_1.10.1/plugins/com.st.stm32cube.ide.mcu.externaltools.gnu-tools-for-stm32.10.3-2021.10.linux64_1.0.0.202111181127/tools/bin/../lib/gcc/arm-none-eabi/10.3.1/../../../../arm-none-eabi/lib/thumb/v7-m/nofp/libc_nano.a(lib_a-puts.o)
                              ./APP/Getdata_test.o (puts)
/opt/st/stm32cubeide_1.10.1/plugins/com.st.stm32cube.ide.mcu.externaltools.gnu-tools-for-stm32.10.3-2021.10.linux64_1.0.0.202111181127/tools/bin/../lib/gcc/arm-none-eabi/10.3.1/../../../../arm-none-eabi/lib/thumb/v7-m/nofp/libc_nano.a(lib_a-setvbuf.o)
                              ./Core/Src/retarget.o (setvbuf)
/opt/st/stm32cubeide_1.10.1/plugins/com.st.stm32cube.ide.mcu.externaltools.gnu-tools-for-stm32.10.3-2021.10.linux64_1.0.0.202111181127/tools/bin/../lib/gcc/arm-none-eabi/10.3.1/../../../../arm-none-eabi/lib/thumb/v7-m/nofp/libc_nano.a(lib_a-wbuf.o)
                              /opt/st/stm32cubeide_1.10.1/plugins/com.st.stm32cube.ide.mcu.externaltools.gnu-tools-for-stm32.10.3-2021.10.linux64_1.0.0.202111181127/tools/bin/../lib/gcc/arm-none-eabi/10.3.1/../../../../arm-none-eabi/lib/thumb/v7-m/nofp/libc_nano.a(lib_a-puts.o) (__swbuf_r)
/opt/st/stm32cubeide_1.10.1/plugins/com.st.stm32cube.ide.mcu.externaltools.gnu-tools-for-stm32.10.3-2021.10.linux64_1.0.0.202111181127/tools/bin/../lib/gcc/arm-none-eabi/10.3.1/../../../../arm-none-eabi/lib/thumb/v7-m/nofp/libc_nano.a(lib_a-wsetup.o)
                              /opt/st/stm32cubeide_1.10.1/plugins/com.st.stm32cube.ide.mcu.externaltools.gnu-tools-for-stm32.10.3-2021.10.linux64_1.0.0.202111181127/tools/bin/../lib/gcc/arm-none-eabi/10.3.1/../../../../arm-none-eabi/lib/thumb/v7-m/nofp/libc_nano.a(lib_a-puts.o) (__swsetup_r)
/opt/st/stm32cubeide_1.10.1/plugins/com.st.stm32cube.ide.mcu.externaltools.gnu-tools-for-stm32.10.3-2021.10.linux64_1.0.0.202111181127/tools/bin/../lib/gcc/arm-none-eabi/10.3.1/../../../../arm-none-eabi/lib/thumb/v7-m/nofp/libc_nano.a(lib_a-fflush.o)
[...]
Memory Configuration

Name             Origin             Length             Attributes
RAM              0x0000000020000000 0x0000000000010000 xrw
FLASH            0x0000000008000000 0x0000000000080000 xr
*default*        0x0000000000000000 0xffffffffffffffff

Linker script and memory map

LOAD /opt/st/stm32cubeide_1.10.1/plugins/com.st.stm32cube.ide.mcu.externaltools.gnu-tools-for-stm32.10.3-2021.10.linux64_1.0.0.202111181127/tools/bin/../lib/gcc/arm-none-eabi/10.3.1/thumb/v7-m/nofp/crti.o
LOAD /opt/st/stm32cubeide_1.10.1/plugins/com.st.stm32cube.ide.mcu.externaltools.gnu-tools-for-stm32.10.3-2021.10.linux64_1.0.0.202111181127/tools/bin/../lib/gcc/arm-none-eabi/10.3.1/thumb/v7-m/nofp/crtbegin.o
LOAD /opt/st/stm32cubeide_1.10.1/plugins/com.st.stm32cube.ide.mcu.externaltools.gnu-tools-for-stm32.10.3-2021.10.linux64_1.0.0.202111181127/tools/bin/../lib/gcc/arm-none-eabi/10.3.1/../../../../arm-none-eabi/lib/thumb/v7-m/nofp/crt0.o
LOAD ./APP/Getdata_test.o
LOAD ./APP/Getflicker_test.o
LOAD ./APP/INT_test.o
LOAD ./APP/Syns_test.o
LOAD ./APP/clear.o
LOAD ./APP/data_process/Ra_calculate.o
LOAD ./BSP/AS7341_Driver/Waveshare_AS7341.o
LOAD ./BSP/DEV_Config/DEV_Config.o
LOAD ./Core/Src/gpio.o
LOAD ./Core/Src/i2c.o
LOAD ./Core/Src/main.o
LOAD ./Core/Src/retarget.o
LOAD ./Core/Src/stm32f1xx_hal_msp.o
LOAD ./Core/Src/stm32f1xx_it.o
LOAD ./Core/Src/sysmem.o
LOAD ./Core/Src/system_stm32f1xx.o
LOAD ./Core/Src/usart.o
LOAD ./Core/Startup/startup_stm32f103zetx.o
LOAD ./Drivers/STM32F1xx_HAL_Driver/Src/stm32f1xx_hal.o
LOAD ./Drivers/STM32F1xx_HAL_Driver/Src/stm32f1xx_hal_cortex.o
LOAD ./Drivers/STM32F1xx_HAL_Driver/Src/stm32f1xx_hal_dma.o
LOAD ./Drivers/STM32F1xx_HAL_Driver/Src/stm32f1xx_hal_exti.o
LOAD ./Drivers/STM32F1xx_HAL_Driver/Src/stm32f1xx_hal_flash.o
LOAD ./Drivers/STM32F1xx_HAL_Driver/Src/stm32f1xx_hal_flash_ex.o
LOAD ./Drivers/STM32F1xx_HAL_Driver/Src/stm32f1xx_hal_gpio.o
LOAD ./Drivers/STM32F1xx_HAL_Driver/Src/stm32f1xx_hal_gpio_ex.o
LOAD ./Drivers/STM32F1xx_HAL_Driver/Src/stm32f1xx_hal_i2c.o
LOAD ./Drivers/STM32F1xx_HAL_Driver/Src/stm32f1xx_hal_pwr.o
LOAD ./Drivers/STM32F1xx_HAL_Driver/Src/stm32f1xx_hal_rcc.o
LOAD ./Drivers/STM32F1xx_HAL_Driver/Src/stm32f1xx_hal_rcc_ex.o
LOAD ./Drivers/STM32F1xx_HAL_Driver/Src/stm32f1xx_hal_tim.o
LOAD ./Drivers/STM32F1xx_HAL_Driver/Src/stm32f1xx_hal_tim_ex.o
LOAD ./Drivers/STM32F1xx_HAL_Driver/Src/stm32f1xx_hal_uart.o
START GROUP
LOAD /opt/st/stm32cubeide_1.10.1/plugins/com.st.stm32cube.ide.mcu.externaltools.gnu-tools-for-stm32.10.3-2021.10.linux64_1.0.0.202111181127/tools/bin/../lib/gcc/arm-none-eabi/10.3.1/../../../../arm-none-eabi/lib/thumb/v7-m/nofp/libc_nano.a
LOAD /opt/st/stm32cubeide_1.10.1/plugins/com.st.stm32cube.ide.mcu.externaltools.gnu-tools-for-stm32.10.3-2021.10.linux64_1.0.0.202111181127/tools/bin/../lib/gcc/arm-none-eabi/10.3.1/../../../../arm-none-eabi/lib/thumb/v7-m/nofp/libm.a
END GROUP
START GROUP
LOAD /opt/st/stm32cubeide_1.10.1/plugins/com.st.stm32cube.ide.mcu.externaltools.gnu-tools-for-stm32.10.3-2021.10.linux64_1.0.0.202111181127/tools/bin/../lib/gcc/arm-none-eabi/10.3.1/thumb/v7-m/nofp/libgcc.a
LOAD /opt/st/stm32cubeide_1.10.1/plugins/com.st.stm32cube.ide.mcu.externaltools.gnu-tools-for-stm32.10.3-2021.10.linux64_1.0.0.202111181127/tools/bin/../lib/gcc/arm-none-eabi/10.3.1/../../../../arm-none-eabi/lib/thumb/v7-m/nofp/libc_nano.a
END GROUP
START GROUP
LOAD /opt/st/stm32cubeide_1.10.1/plugins/com.st.stm32cube.ide.mcu.externaltools.gnu-tools-for-stm32.10.3-2021.10.linux64_1.0.0.202111181127/tools/bin/../lib/gcc/arm-none-eabi/10.3.1/thumb/v7-m/nofp/libgcc.a
LOAD /opt/st/stm32cubeide_1.10.1/plugins/com.st.stm32cube.ide.mcu.externaltools.gnu-tools-for-stm32.10.3-2021.10.linux64_1.0.0.202111181127/tools/bin/../lib/gcc/arm-none-eabi/10.3.1/../../../../arm-none-eabi/lib/thumb/v7-m/nofp/libc_nano.a
LOAD /opt/st/stm32cubeide_1.10.1/plugins/com.st.stm32cube.ide.mcu.externaltools.gnu-tools-for-stm32.10.3-2021.10.linux64_1.0.0.202111181127/tools/bin/../lib/gcc/arm-none-eabi/10.3.1/../../../../arm-none-eabi/lib/thumb/v7-m/nofp/libnosys.a
END GROUP
START GROUP
LOAD /opt/st/stm32cubeide_1.10.1/plugins/com.st.stm32cube.ide.mcu.externaltools.gnu-tools-for-stm32.10.3-2021.10.linux64_1.0.0.202111181127/tools/bin/../lib/gcc/arm-none-eabi/10.3.1/thumb/v7-m/nofp/libgcc.a
LOAD /opt/st/stm32cubeide_1.10.1/plugins/com.st.stm32cube.ide.mcu.externaltools.gnu-tools-for-stm32.10.3-2021.10.linux64_1.0.0.202111181127/tools/bin/../lib/gcc/arm-none-eabi/10.3.1/../../../../arm-none-eabi/lib/thumb/v7-m/nofp/libc_nano.a
LOAD /opt/st/stm32cubeide_1.10.1/plugins/com.st.stm32cube.ide.mcu.externaltools.gnu-tools-for-stm32.10.3-2021.10.linux64_1.0.0.202111181127/tools/bin/../lib/gcc/arm-none-eabi/10.3.1/../../../../arm-none-eabi/lib/thumb/v7-m/nofp/libnosys.a
END GROUP
LOAD /opt/st/stm32cubeide_1.10.1/plugins/com.st.stm32cube.ide.mcu.externaltools.gnu-tools-for-stm32.10.3-2021.10.linux64_1.0.0.202111181127/tools/bin/../lib/gcc/arm-none-eabi/10.3.1/thumb/v7-m/nofp/crtend.o
LOAD /opt/st/stm32cubeide_1.10.1/plugins/com.st.stm32cube.ide.mcu.externaltools.gnu-tools-for-stm32.10.3-2021.10.linux64_1.0.0.202111181127/tools/bin/../lib/gcc/arm-none-eabi/10.3.1/thumb/v7-m/nofp/crtn.o
                0x0000000020010000                _estack = (ORIGIN (RAM) + LENGTH (RAM))
                0x0000000000000200                _Min_Heap_Size = 0x200
                0x0000000000000400                _Min_Stack_Size = 0x400

.isr_vector     0x0000000008000000      0x1e4
                0x0000000008000000                . = ALIGN (0x4)
 *(.isr_vector)
 .isr_vector    0x0000000008000000      0x1e4 ./Core/Startup/startup_stm32f103zetx.o
                0x0000000008000000                g_pfnVectors
                0x00000000080001e4                . = ALIGN (0x4)

.text           0x00000000080001e8     0x8ab4
                0x00000000080001e8                . = ALIGN (0x4)
 *(.text)
 .text          0x00000000080001e8       0x40 /opt/st/stm32cubeide_1.10.1/plugins/com.st.stm32cube.ide.mcu.externaltools.gnu-tools-for-stm32.10.3-2021.10.linux64_1.0.0.202111181127/tools/bin/../lib/gcc/arm-none-eabi/10.3.1/thumb/v7-m/nofp/crtbegin.o
 .text          0x0000000008000228      0x378 /opt/st/stm32cubeide_1.10.1/plugins/com.st.stm32cube.ide.mcu.externaltools.gnu-tools-for-stm32.10.3-2021.10.linux64_1.0.0.202111181127/tools/bin/../lib/gcc/arm-none-eabi/10.3.1/thumb/v7-m/nofp/libgcc.a(_arm_addsubdf3.o)
                0x0000000008000228                __aeabi_drsub
                0x0000000008000230                __aeabi_dsub
                0x0000000008000230                __subdf3
                0x0000000008000234                __adddf3
                0x0000000008000234                __aeabi_dadd
                0x00000000080004ac                __aeabi_ui2d
                0x00000000080004ac                __floatunsidf
                0x00000000080004cc                __floatsidf
                0x00000000080004cc                __aeabi_i2d
                0x00000000080004f0                __extendsfdf2
                0x00000000080004f0                __aeabi_f2d
                0x0000000008000534                __aeabi_ul2d
                0x0000000008000534                __floatundidf
                0x0000000008000544                __floatdidf
                0x0000000008000544                __aeabi_l2d
 .text          0x00000000080005a0      0x424 /opt/st/stm32cubeide_1.10.1/plugins/com.st.stm32cube.ide.mcu.externaltools.gnu-tools-for-stm32.10.3-2021.10.linux64_1.0.0.202111181127/tools/bin/../lib/gcc/arm-none-eabi/10.3.1/thumb/v7-m/nofp/libgcc.a(_arm_muldivdf3.o)
                0x00000000080005a0                __aeabi_dmul
                0x00000000080005a0                __muldf3
                0x00000000080007f4                __aeabi_ddiv
                0x00000000080007f4                __divdf3
 .text          0x00000000080009c4      0x110 /opt/st/stm32cubeide_1.10.1/plugins/com.st.stm32cube.ide.mcu.externaltools.gnu-tools-for-stm32.10.3-2021.10.linux64_1.0.0.202111181127/tools/bin/../lib/gcc/arm-none-eabi/10.3.1/thumb/v7-m/nofp/libgcc.a(_arm_cmpdf2.o)
                0x00000000080009c4                __gtdf2
                0x00000000080009c4                __gedf2
                0x00000000080009cc                __ltdf2
                0x00000000080009cc                __ledf2
                0x00000000080009d4                __cmpdf2
                0x00000000080009d4                __eqdf2
                0x00000000080009d4                __nedf2
                0x0000000008000a50                __aeabi_cdrcmple
                0x0000000008000a60                __aeabi_cdcmple
                0x0000000008000a60                __aeabi_cdcmpeq
                0x0000000008000a70                __aeabi_dcmpeq
                0x0000000008000a84                __aeabi_dcmplt
                0x0000000008000a98                __aeabi_dcmple
                0x0000000008000aac                __aeabi_dcmpge
                0x0000000008000ac0                __aeabi_dcmpgt
 .text          0x0000000008000ad4       0x2c /opt/st/stm32cubeide_1.10.1/plugins/com.st.stm32cube.ide.mcu.externaltools.gnu-tools-for-stm32.10.3-2021.10.linux64_1.0.0.202111181127/tools/bin/../lib/gcc/arm-none-eabi/10.3.1/thumb/v7-m/nofp/libgcc.a(_arm_unorddf2.o)
                0x0000000008000ad4                __aeabi_dcmpun
                0x0000000008000ad4                __unorddf2
 .text          0x0000000008000b00       0xa0 /opt/st/stm32cubeide_1.10.1/plugins/com.st.stm32cube.ide.mcu.externaltools.gnu-tools-for-stm32.10.3-2021.10.linux64_1.0.0.202111181127/tools/bin/../lib/gcc/arm-none-eabi/10.3.1/thumb/v7-m/nofp/libgcc.a(_arm_truncdfsf2.o)
                0x0000000008000b00                __aeabi_d2f
                0x0000000008000b00                __truncdfsf2
 .text          0x0000000008000ba0      0x21c /opt/st/stm32cubeide_1.10.1/plugins/com.st.stm32cube.ide.mcu.externaltools.gnu-tools-for-stm32.10.3-2021.10.linux64_1.0.0.202111181127/tools/bin/../lib/gcc/arm-none-eabi/10.3.1/thumb/v7-m/nofp/libgcc.a(_arm_addsubsf3.o)
                0x0000000008000ba0                __aeabi_frsub
                0x0000000008000ba8                __subsf3
                0x0000000008000ba8                __aeabi_fsub
                0x0000000008000bac                __aeabi_fadd
                0x0000000008000bac                __addsf3
                0x0000000008000d0c                __aeabi_ui2f
                0x0000000008000d0c                __floatunsisf
                0x0000000008000d14                __aeabi_i2f
                0x0000000008000d14                __floatsisf
                0x0000000008000d30                __floatundisf
                0x0000000008000d30                __aeabi_ul2f
                0x0000000008000d40                __floatdisf
                0x0000000008000d40                __aeabi_l2f
 .text          0x0000000008000dbc      0x2a0 /opt/st/stm32cubeide_1.10.1/plugins/com.st.stm32cube.ide.mcu.externaltools.gnu-tools-for-stm32.10.3-2021.10.linux64_1.0.0.202111181127/tools/bin/../lib/gcc/arm-none-eabi/10.3.1/thumb/v7-m/nofp/libgcc.a(_arm_muldivsf3.o)
                0x0000000008000dbc                __mulsf3
                0x0000000008000dbc                __aeabi_fmul
                0x0000000008000f24                __divsf3
                0x0000000008000f24                __aeabi_fdiv
 .text          0x000000000800105c       0xec /opt/st/stm32cubeide_1.10.1/plugins/com.st.stm32cube.ide.mcu.externaltools.gnu-tools-for-stm32.10.3-2021.10.linux64_1.0.0.202111181127/tools/bin/../lib/gcc/arm-none-eabi/10.3.1/thumb/v7-m/nofp/libgcc.a(_arm_cmpsf2.o)
                0x000000000800105c                __gtsf2
                0x000000000800105c                __gesf2
                0x0000000008001064                __lesf2
                0x0000000008001064                __ltsf2
                0x000000000800106c                __nesf2
                0x000000000800106c                __eqsf2
                0x000000000800106c                __cmpsf2
                0x00000000080010cc                __aeabi_cfrcmple
                0x00000000080010d4                __aeabi_cfcmple
                0x00000000080010d4                __aeabi_cfcmpeq
                0x00000000080010e4                __aeabi_fcmpeq
                0x00000000080010f8                __aeabi_fcmplt
                0x000000000800110c                __aeabi_fcmple
                0x0000000008001120                __aeabi_fcmpge
                0x0000000008001134                __aeabi_fcmpgt
 .text          0x0000000008001148       0x40 /opt/st/stm32cubeide_1.10.1/plugins/com.st.stm32cube.ide.mcu.externaltools.gnu-tools-for-stm32.10.3-2021.10.linux64_1.0.0.202111181127/tools/bin/../lib/gcc/arm-none-eabi/10.3.1/thumb/v7-m/nofp/libgcc.a(_arm_fixunssfsi.o)
                0x0000000008001148                __aeabi_f2uiz
                0x0000000008001148                __fixunssfsi
 *(.text*)
 .text.Calcute_Ra
                0x0000000008001188     0x2bc8 ./APP/data_process/Ra_calculate.o
                0x0000000008001188                Calcute_Ra
 .text.My_Getdata_test
                0x0000000008003d50      0x300 ./APP/data_process/Ra_calculate.o
                0x0000000008003d50                My_Getdata_test
 .text.Device_Init
                0x0000000008004050       0x30 ./APP/data_process/Ra_calculate.o
                0x0000000008004050                Device_Init
 .text.TemCalculate
                0x0000000008004080      0x748 ./APP/data_process/Ra_calculate.o
                0x0000000008004080                TemCalculate
 .text.AS7341_Read_Byte
                0x00000000080047c8       0x1e ./BSP/AS7341_Driver/Waveshare_AS7341.o
 .text.AS7341_Write_Byte
                0x00000000080047e6       0x24 ./BSP/AS7341_Driver/Waveshare_AS7341.o
 *fill*         0x000000000800480a        0x2 
 .text.AS7341_Init
                0x000000000800480c       0x2c ./BSP/AS7341_Driver/Waveshare_AS7341.o
                0x000000000800480c                AS7341_Init
 .text.AS7341_Enable
                0x0000000008004838       0x50 ./BSP/AS7341_Driver/Waveshare_AS7341.o
                0x0000000008004838                AS7341_Enable
 .text.AS7341_EnableSpectralMeasure
                0x0000000008004888       0x3c ./BSP/AS7341_Driver/Waveshare_AS7341.o
                0x0000000008004888                AS7341_EnableSpectralMeasure
 .text.AS7341_EnableSMUX
                0x00000000080048c4       0x3c ./BSP/AS7341_Driver/Waveshare_AS7341.o
                0x00000000080048c4                AS7341_EnableSMUX
 .text.AS7341_Config
                0x0000000008004900       0x70 ./BSP/AS7341_Driver/Waveshare_AS7341.o
                0x0000000008004900                AS7341_Config
 .text.F1F4_Clear_NIR
                0x0000000008004970       0xa8 ./BSP/AS7341_Driver/Waveshare_AS7341.o
                0x0000000008004970                F1F4_Clear_NIR
 .text.F5F8_Clear_NIR
                0x0000000008004a18       0xa8 ./BSP/AS7341_Driver/Waveshare_AS7341.o
                0x0000000008004a18                F5F8_Clear_NIR
 .text.AS7341_startMeasure
                0x0000000008004ac0       0xa4 ./BSP/AS7341_Driver/Waveshare_AS7341.o
                0x0000000008004ac0                AS7341_startMeasure
 .text.AS7341_MeasureComplete
                0x0000000008004b64       0x28 ./BSP/AS7341_Driver/Waveshare_AS7341.o
                0x0000000008004b64                AS7341_MeasureComplete
 .text.AS7341_GetChannelData
                0x0000000008004b8c       0x5e ./BSP/AS7341_Driver/Waveshare_AS7341.o
                0x0000000008004b8c                AS7341_GetChannelData
 .text.AS7341_ReadSpectralDataOne
                0x0000000008004bea       0x5c ./BSP/AS7341_Driver/Waveshare_AS7341.o
                0x0000000008004bea                AS7341_ReadSpectralDataOne
 .text.AS7341_ReadSpectralDataTwo
                0x0000000008004c46       0x5c ./BSP/AS7341_Driver/Waveshare_AS7341.o
                0x0000000008004c46                AS7341_ReadSpectralDataTwo
 .text.AS7341_SetGpioMode
                0x0000000008004ca2       0x42 ./BSP/AS7341_Driver/Waveshare_AS7341.o
                0x0000000008004ca2                AS7341_SetGpioMode
 .text.AS7341_ATIME_config
                0x0000000008004ce4       0x1c ./BSP/AS7341_Driver/Waveshare_AS7341.o
                0x0000000008004ce4                AS7341_ATIME_config
 .text.AS7341_ASTEP_config
                0x0000000008004d00       0x32 ./BSP/AS7341_Driver/Waveshare_AS7341.o
                0x0000000008004d00                AS7341_ASTEP_config
 .text.AS7341_AGAIN_config
                0x0000000008004d32       0x26 ./BSP/AS7341_Driver/Waveshare_AS7341.o
                0x0000000008004d32                AS7341_AGAIN_config
 .text.AS7341_EnableLED
                0x0000000008004d58       0x6c ./BSP/AS7341_Driver/Waveshare_AS7341.o
                0x0000000008004d58                AS7341_EnableLED
 .text.AS7341_SetBank
                0x0000000008004dc4       0x46 ./BSP/AS7341_Driver/Waveshare_AS7341.o
                0x0000000008004dc4                AS7341_SetBank
 .text.AS7341_ControlLed
                0x0000000008004e0a       0x66 ./BSP/AS7341_Driver/Waveshare_AS7341.o
                0x0000000008004e0a                AS7341_ControlLed
 .text.DEV_Delay_ms
                0x0000000008004e70       0x16 ./BSP/DEV_Config/DEV_Config.o
                0x0000000008004e70                DEV_Delay_ms
 .text.GPIO_Config
                0x0000000008004e86        0xc ./BSP/DEV_Config/DEV_Config.o
                0x0000000008004e86                GPIO_Config
 *fill*         0x0000000008004e92        0x2 
 .text.DEV_I2C_Init
                0x0000000008004e94       0x28 ./BSP/DEV_Config/DEV_Config.o
                0x0000000008004e94                DEV_I2C_Init
 .text.I2C_Write_Byte
                0x0000000008004ebc       0x48 ./BSP/DEV_Config/DEV_Config.o
                0x0000000008004ebc                I2C_Write_Byte
 .text.I2C_Read_Byte
                0x0000000008004f04       0x44 ./BSP/DEV_Config/DEV_Config.o
                0x0000000008004f04                I2C_Read_Byte
 .text.DEV_ModuleInit
                0x0000000008004f48       0x14 ./BSP/DEV_Config/DEV_Config.o
                0x0000000008004f48                DEV_ModuleInit
 .text.MX_GPIO_Init
                0x0000000008004f5c       0x44 ./Core/Src/gpio.o
                0x0000000008004f5c                MX_GPIO_Init
 .text.MX_I2C1_Init
                0x0000000008004fa0       0x5c ./Core/Src/i2c.o
                0x0000000008004fa0                MX_I2C1_Init
 .text.HAL_I2C_MspInit
                0x0000000008004ffc       0xd8 ./Core/Src/i2c.o
                0x0000000008004ffc                HAL_I2C_MspInit
 .text.main     0x00000000080050d4       0x8c ./Core/Src/main.o
                0x00000000080050d4                main
 .text.SystemClock_Config
                0x0000000008005160       0x8a ./Core/Src/main.o
                0x0000000008005160                SystemClock_Config
 .text.Error_Handler
                0x00000000080051ea        0xa ./Core/Src/main.o
                0x00000000080051ea                Error_Handler
 .text.RetargetInit
                0x00000000080051f4       0x30 ./Core/Src/retarget.o
                0x00000000080051f4                RetargetInit
 .text._isatty  0x0000000008005224       0x2c ./Core/Src/retarget.o
                0x0000000008005224                _isatty
 .text._write   0x0000000008005250       0x58 ./Core/Src/retarget.o
                0x0000000008005250                _write
 .text._close   0x00000000080052a8       0x2e ./Core/Src/retarget.o
                0x00000000080052a8                _close
 .text._lseek   0x00000000080052d6       0x22 ./Core/Src/retarget.o
                0x00000000080052d6                _lseek
 .text._read    0x00000000080052f8       0x50 ./Core/Src/retarget.o
                0x00000000080052f8                _read
 .text._fstat   0x0000000008005348       0x36 ./Core/Src/retarget.o
                0x0000000008005348                _fstat
 *fill*         0x000000000800537e        0x2 
 .text.HAL_MspInit
                0x0000000008005380       0x64 ./Core/Src/stm32f1xx_hal_msp.o
                0x0000000008005380                HAL_MspInit
 .text.NMI_Handler
                0x00000000080053e4        0x6 ./Core/Src/stm32f1xx_it.o
                0x00000000080053e4                NMI_Handler
 .text.HardFault_Handler
                0x00000000080053ea        0x6 ./Core/Src/stm32f1xx_it.o
                0x00000000080053ea                HardFault_Handler
 .text.MemManage_Handler
                0x00000000080053f0        0x6 ./Core/Src/stm32f1xx_it.o
                0x00000000080053f0                MemManage_Handler
 .text.BusFault_Handler
                0x00000000080053f6        0x6 ./Core/Src/stm32f1xx_it.o
                0x00000000080053f6                BusFault_Handler
 .text.UsageFault_Handler
                0x00000000080053fc        0x6 ./Core/Src/stm32f1xx_it.o
                0x00000000080053fc                UsageFault_Handler
 .text.SVC_Handler
                0x0000000008005402        0xc ./Core/Src/stm32f1xx_it.o
                0x0000000008005402                SVC_Handler
 .text.DebugMon_Handler
                0x000000000800540e        0xc ./Core/Src/stm32f1xx_it.o
                0x000000000800540e                DebugMon_Handler
 .text.PendSV_Handler
                0x000000000800541a        0xc ./Core/Src/stm32f1xx_it.o
                0x000000000800541a                PendSV_Handler
 .text.SysTick_Handler
                0x0000000008005426        0xc ./Core/Src/stm32f1xx_it.o
                0x0000000008005426                SysTick_Handler
 *fill*         0x0000000008005432        0x2 
 .text._sbrk    0x0000000008005434       0x6c ./Core/Src/sysmem.o
                0x0000000008005434                _sbrk
 .text.SystemInit
                0x00000000080054a0        0xc ./Core/Src/system_stm32f1xx.o
                0x00000000080054a0                SystemInit
 .text.MX_USART1_UART_Init
                0x00000000080054ac       0x54 ./Core/Src/usart.o
                0x00000000080054ac                MX_USART1_UART_Init
 .text.HAL_UART_MspInit
                0x0000000008005500       0x98 ./Core/Src/usart.o
                0x0000000008005500                HAL_UART_MspInit
 .text.Reset_Handler
                0x0000000008005598       0x48 ./Core/Startup/startup_stm32f103zetx.o
                0x0000000008005598                Reset_Handler
 .text.Default_Handler
                0x00000000080055e0        0x2 ./Core/Startup/startup_stm32f103zetx.o
                0x00000000080055e0                RTC_Alarm_IRQHandler
                0x00000000080055e0                EXTI2_IRQHandler
                0x00000000080055e0                TIM8_TRG_COM_IRQHandler
                0x00000000080055e0                TIM8_CC_IRQHandler
                0x00000000080055e0                TIM1_CC_IRQHandler
                0x00000000080055e0                TIM6_IRQHandler
                0x00000000080055e0                PVD_IRQHandler
                0x00000000080055e0                SDIO_IRQHandler
                0x00000000080055e0                EXTI3_IRQHandler
                0x00000000080055e0                EXTI0_IRQHandler
                0x00000000080055e0                I2C2_EV_IRQHandler
                0x00000000080055e0                ADC1_2_IRQHandler
                0x00000000080055e0                SPI1_IRQHandler
                0x00000000080055e0                TAMPER_IRQHandler
                0x00000000080055e0                TIM8_UP_IRQHandler
                0x00000000080055e0                DMA2_Channel2_IRQHandler
                0x00000000080055e0                DMA1_Channel4_IRQHandler
                0x00000000080055e0                USART3_IRQHandler
                0x00000000080055e0                RTC_IRQHandler
                0x00000000080055e0                DMA1_Channel7_IRQHandler
                0x00000000080055e0                CAN1_RX1_IRQHandler
                0x00000000080055e0                UART5_IRQHandler
                0x00000000080055e0                ADC3_IRQHandler
                0x00000000080055e0                TIM4_IRQHandler
                0x00000000080055e0                DMA2_Channel1_IRQHandler
                0x00000000080055e0                I2C1_EV_IRQHandler
                0x00000000080055e0                DMA1_Channel6_IRQHandler
                0x00000000080055e0                UART4_IRQHandler
                0x00000000080055e0                TIM3_IRQHandler
                0x00000000080055e0                RCC_IRQHandler
                0x00000000080055e0                TIM1_TRG_COM_IRQHandler
                0x00000000080055e0                DMA1_Channel1_IRQHandler
                0x00000000080055e0                Default_Handler
                0x00000000080055e0                EXTI15_10_IRQHandler
                0x00000000080055e0                TIM7_IRQHandler
                0x00000000080055e0                TIM5_IRQHandler
                0x00000000080055e0                EXTI9_5_IRQHandler
                0x00000000080055e0                SPI2_IRQHandler
                0x00000000080055e0                DMA1_Channel5_IRQHandler
                0x00000000080055e0                EXTI4_IRQHandler
                0x00000000080055e0                USB_LP_CAN1_RX0_IRQHandler
                0x00000000080055e0                USB_HP_CAN1_TX_IRQHandler
                0x00000000080055e0                DMA1_Channel3_IRQHandler
                0x00000000080055e0                FSMC_IRQHandler
                0x00000000080055e0                TIM1_UP_IRQHandler
                0x00000000080055e0                WWDG_IRQHandler
                0x00000000080055e0                TIM2_IRQHandler
                0x00000000080055e0                TIM1_BRK_IRQHandler
                0x00000000080055e0                EXTI1_IRQHandler
                0x00000000080055e0                DMA2_Channel4_5_IRQHandler
                0x00000000080055e0                USART2_IRQHandler
                0x00000000080055e0                I2C2_ER_IRQHandler
                0x00000000080055e0                DMA1_Channel2_IRQHandler
                0x00000000080055e0                TIM8_BRK_IRQHandler
                0x00000000080055e0                CAN1_SCE_IRQHandler
                0x00000000080055e0                FLASH_IRQHandler
                0x00000000080055e0                USART1_IRQHandler
                0x00000000080055e0                SPI3_IRQHandler
                0x00000000080055e0                I2C1_ER_IRQHandler
                0x00000000080055e0                USBWakeUp_IRQHandler
                0x00000000080055e0                DMA2_Channel3_IRQHandler
 *fill*         0x00000000080055e2        0x2 
 .text.HAL_Init
                0x00000000080055e4       0x2c ./Drivers/STM32F1xx_HAL_Driver/Src/stm32f1xx_hal.o
                0x00000000080055e4                HAL_Init
 .text.HAL_InitTick
                0x0000000008005610       0x60 ./Drivers/STM32F1xx_HAL_Driver/Src/stm32f1xx_hal.o
                0x0000000008005610                HAL_InitTick
 .text.HAL_IncTick
                0x0000000008005670       0x24 ./Drivers/STM32F1xx_HAL_Driver/Src/stm32f1xx_hal.o
                0x0000000008005670                HAL_IncTick
 .text.HAL_GetTick
                0x0000000008005694       0x14 ./Drivers/STM32F1xx_HAL_Driver/Src/stm32f1xx_hal.o
                0x0000000008005694                HAL_GetTick
 .text.HAL_Delay
                0x00000000080056a8       0x48 ./Drivers/STM32F1xx_HAL_Driver/Src/stm32f1xx_hal.o
                0x00000000080056a8                HAL_Delay
 .text.__NVIC_SetPriorityGrouping
                0x00000000080056f0       0x48 ./Drivers/STM32F1xx_HAL_Driver/Src/stm32f1xx_hal_cortex.o
 .text.__NVIC_GetPriorityGrouping
                0x0000000008005738       0x1c ./Drivers/STM32F1xx_HAL_Driver/Src/stm32f1xx_hal_cortex.o
 .text.__NVIC_SetPriority
                0x0000000008005754       0x54 ./Drivers/STM32F1xx_HAL_Driver/Src/stm32f1xx_hal_cortex.o
 .text.NVIC_EncodePriority
                0x00000000080057a8       0x64 ./Drivers/STM32F1xx_HAL_Driver/Src/stm32f1xx_hal_cortex.o
 .text.SysTick_Config
                0x000000000800580c       0x44 ./Drivers/STM32F1xx_HAL_Driver/Src/stm32f1xx_hal_cortex.o
 .text.HAL_NVIC_SetPriorityGrouping
                0x0000000008005850       0x16 ./Drivers/STM32F1xx_HAL_Driver/Src/stm32f1xx_hal_cortex.o
                0x0000000008005850                HAL_NVIC_SetPriorityGrouping
 .text.HAL_NVIC_SetPriority
                0x0000000008005866       0x38 ./Drivers/STM32F1xx_HAL_Driver/Src/stm32f1xx_hal_cortex.o
                0x0000000008005866                HAL_NVIC_SetPriority
 .text.HAL_SYSTICK_Config
                0x000000000800589e       0x18 ./Drivers/STM32F1xx_HAL_Driver/Src/stm32f1xx_hal_cortex.o
                0x000000000800589e                HAL_SYSTICK_Config
 *fill*         0x00000000080058b6        0x2 
 .text.HAL_GPIO_Init
                0x00000000080058b8      0x328 ./Drivers/STM32F1xx_HAL_Driver/Src/stm32f1xx_hal_gpio.o
                0x00000000080058b8                HAL_GPIO_Init
 .text.HAL_I2C_Init
                0x0000000008005be0      0x288 ./Drivers/STM32F1xx_HAL_Driver/Src/stm32f1xx_hal_i2c.o
                0x0000000008005be0                HAL_I2C_Init
 .text.HAL_I2C_Mem_Write
                0x0000000008005e68      0x1f4 ./Drivers/STM32F1xx_HAL_Driver/Src/stm32f1xx_hal_i2c.o
                0x0000000008005e68                HAL_I2C_Mem_Write
 .text.HAL_I2C_Mem_Read
                0x000000000800605c      0x4d0 ./Drivers/STM32F1xx_HAL_Driver/Src/stm32f1xx_hal_i2c.o
                0x000000000800605c                HAL_I2C_Mem_Read
 .text.I2C_RequestMemoryWrite
                0x000000000800652c      0x12c ./Drivers/STM32F1xx_HAL_Driver/Src/stm32f1xx_hal_i2c.o
 .text.I2C_RequestMemoryRead
                0x0000000008006658      0x1d0 ./Drivers/STM32F1xx_HAL_Driver/Src/stm32f1xx_hal_i2c.o
 .text.I2C_WaitOnFlagUntilTimeout
                0x0000000008006828       0xae ./Drivers/STM32F1xx_HAL_Driver/Src/stm32f1xx_hal_i2c.o
 .text.I2C_WaitOnMasterAddressFlagUntilTimeout
                0x00000000080068d6       0xfe ./Drivers/STM32F1xx_HAL_Driver/Src/stm32f1xx_hal_i2c.o
 .text.I2C_WaitOnTXEFlagUntilTimeout
                0x00000000080069d4       0x82 ./Drivers/STM32F1xx_HAL_Driver/Src/stm32f1xx_hal_i2c.o
 .text.I2C_WaitOnBTFFlagUntilTimeout
                0x0000000008006a56       0x82 ./Drivers/STM32F1xx_HAL_Driver/Src/stm32f1xx_hal_i2c.o
 .text.I2C_WaitOnRXNEFlagUntilTimeout
                0x0000000008006ad8       0xac ./Drivers/STM32F1xx_HAL_Driver/Src/stm32f1xx_hal_i2c.o
 .text.I2C_IsAcknowledgeFailed
                0x0000000008006b84       0x5c ./Drivers/STM32F1xx_HAL_Driver/Src/stm32f1xx_hal_i2c.o
 .text.HAL_RCC_OscConfig
                0x0000000008006be0      0x504 ./Drivers/STM32F1xx_HAL_Driver/Src/stm32f1xx_hal_rcc.o
                0x0000000008006be0                HAL_RCC_OscConfig
 .text.HAL_RCC_ClockConfig
                0x00000000080070e4      0x1d4 ./Drivers/STM32F1xx_HAL_Driver/Src/stm32f1xx_hal_rcc.o
                0x00000000080070e4                HAL_RCC_ClockConfig
 .text.HAL_RCC_GetSysClockFreq
                0x00000000080072b8       0xbc ./Drivers/STM32F1xx_HAL_Driver/Src/stm32f1xx_hal_rcc.o
                0x00000000080072b8                HAL_RCC_GetSysClockFreq
 .text.HAL_RCC_GetHCLKFreq
                0x0000000008007374       0x14 ./Drivers/STM32F1xx_HAL_Driver/Src/stm32f1xx_hal_rcc.o
                0x0000000008007374                HAL_RCC_GetHCLKFreq
 .text.HAL_RCC_GetPCLK1Freq
                0x0000000008007388       0x28 ./Drivers/STM32F1xx_HAL_Driver/Src/stm32f1xx_hal_rcc.o
                0x0000000008007388                HAL_RCC_GetPCLK1Freq
 .text.HAL_RCC_GetPCLK2Freq
                0x00000000080073b0       0x28 ./Drivers/STM32F1xx_HAL_Driver/Src/stm32f1xx_hal_rcc.o
                0x00000000080073b0                HAL_RCC_GetPCLK2Freq
 .text.RCC_Delay
                0x00000000080073d8       0x3c ./Drivers/STM32F1xx_HAL_Driver/Src/stm32f1xx_hal_rcc.o
 .text.HAL_UART_Init
                0x0000000008007414       0x9a ./Drivers/STM32F1xx_HAL_Driver/Src/stm32f1xx_hal_uart.o
                0x0000000008007414                HAL_UART_Init
 .text.HAL_UART_Transmit
                0x00000000080074ae      0x124 ./Drivers/STM32F1xx_HAL_Driver/Src/stm32f1xx_hal_uart.o
                0x00000000080074ae                HAL_UART_Transmit
 .text.HAL_UART_Receive
                0x00000000080075d2      0x144 ./Drivers/STM32F1xx_HAL_Driver/Src/stm32f1xx_hal_uart.o
                0x00000000080075d2                HAL_UART_Receive
 .text.UART_WaitOnFlagUntilTimeout
                0x0000000008007716       0x94 ./Drivers/STM32F1xx_HAL_Driver/Src/stm32f1xx_hal_uart.o
 *fill*         0x00000000080077aa        0x2 
 .text.UART_SetConfig
                0x00000000080077ac      0x11c ./Drivers/STM32F1xx_HAL_Driver/Src/stm32f1xx_hal_uart.o
 .text.__errno  0x00000000080078c8        0xc /opt/st/stm32cubeide_1.10.1/plugins/com.st.stm32cube.ide.mcu.externaltools.gnu-tools-for-stm32.10.3-2021.10.linux64_1.0.0.202111181127/tools/bin/../lib/gcc/arm-none-eabi/10.3.1/../../../../arm-none-eabi/lib/thumb/v7-m/nofp/libc_nano.a(lib_a-errno.o)
                0x00000000080078c8                __errno
 .text.__libc_init_array
                0x00000000080078d4       0x48 /opt/st/stm32cubeide_1.10.1/plugins/com.st.stm32cube.ide.mcu.externaltools.gnu-tools-for-stm32.10.3-2021.10.linux64_1.0.0.202111181127/tools/bin/../lib/gcc/arm-none-eabi/10.3.1/../../../../arm-none-eabi/lib/thumb/v7-m/nofp/libc_nano.a(lib_a-init.o)
                0x00000000080078d4                __libc_init_array
 .text.memset   0x000000000800791c       0x10 /opt/st/stm32cubeide_1.10.1/plugins/com.st.stm32cube.ide.mcu.externaltools.gnu-tools-for-stm32.10.3-2021.10.linux64_1.0.0.202111181127/tools/bin/../lib/gcc/arm-none-eabi/10.3.1/../../../../arm-none-eabi/lib/thumb/v7-m/nofp/libc_nano.a(lib_a-memset.o)
                0x000000000800791c                memset
 .text.printf   0x000000000800792c       0x30 /opt/st/stm32cubeide_1.10.1/plugins/com.st.stm32cube.ide.mcu.externaltools.gnu-tools-for-stm32.10.3-2021.10.linux64_1.0.0.202111181127/tools/bin/../lib/gcc/arm-none-eabi/10.3.1/../../../../arm-none-eabi/lib/thumb/v7-m/nofp/libc_nano.a(lib_a-printf.o)
                0x000000000800792c                printf
                0x000000000800792c                iprintf
 .text._puts_r  0x000000000800795c       0xdc /opt/st/stm32cubeide_1.10.1/plugins/com.st.stm32cube.ide.mcu.externaltools.gnu-tools-for-stm32.10.3-2021.10.linux64_1.0.0.202111181127/tools/bin/../lib/gcc/arm-none-eabi/10.3.1/../../../../arm-none-eabi/lib/thumb/v7-m/nofp/libc_nano.a(lib_a-puts.o)
                0x000000000800795c                _puts_r
 .text.puts     0x0000000008007a38       0x10 /opt/st/stm32cubeide_1.10.1/plugins/com.st.stm32cube.ide.mcu.externaltools.gnu-tools-for-stm32.10.3-2021.10.linux64_1.0.0.202111181127/tools/bin/../lib/gcc/arm-none-eabi/10.3.1/../../../../arm-none-eabi/lib/thumb/v7-m/nofp/libc_nano.a(lib_a-puts.o)
                0x0000000008007a38                puts
 .text.setvbuf  0x0000000008007a48      0x18c /opt/st/stm32cubeide_1.10.1/plugins/com.st.stm32cube.ide.mcu.externaltools.gnu-tools-for-stm32.10.3-2021.10.linux64_1.0.0.202111181127/tools/bin/../lib/gcc/arm-none-eabi/10.3.1/../../../../arm-none-eabi/lib/thumb/v7-m/nofp/libc_nano.a(lib_a-setvbuf.o)
                0x0000000008007a48                setvbuf
 .text.__swbuf_r
                0x0000000008007bd4       0xa4 /opt/st/stm32cubeide_1.10.1/plugins/com.st.stm32cube.ide.mcu.externaltools.gnu-tools-for-stm32.10.3-2021.10.linux64_1.0.0.202111181127/tools/bin/../lib/gcc/arm-none-eabi/10.3.1/../../../../arm-none-eabi/lib/thumb/v7-m/nofp/libc_nano.a(lib_a-wbuf.o)
                0x0000000008007bd4                __swbuf_r
 .text.__swsetup_r
                0x0000000008007c78       0xdc /opt/st/stm32cubeide_1.10.1/plugins/com.st.stm32cube.ide.mcu.externaltools.gnu-tools-for-stm32.10.3-2021.10.linux64_1.0.0.202111181127/tools/bin/../lib/gcc/arm-none-eabi/10.3.1/../../../../arm-none-eabi/lib/thumb/v7-m/nofp/libc_nano.a(lib_a-wsetup.o)
                0x0000000008007c78                __swsetup_r
 .text.__sflush_r
                0x0000000008007d54      0x104 /opt/st/stm32cubeide_1.10.1/plugins/com.st.stm32cube.ide.mcu.externaltools.gnu-tools-for-stm32.10.3-2021.10.linux64_1.0.0.202111181127/tools/bin/../lib/gcc/arm-none-eabi/10.3.1/../../../../arm-none-eabi/lib/thumb/v7-m/nofp/libc_nano.a(lib_a-fflush.o)
                0x0000000008007d54                __sflush_r
 .text._fflush_r
                0x0000000008007e58       0x78 /opt/st/stm32cubeide_1.10.1/plugins/com.st.stm32cube.ide.mcu.externaltools.gnu-tools-for-stm32.10.3-2021.10.linux64_1.0.0.202111181127/tools/bin/../lib/gcc/arm-none-eabi/10.3.1/../../../../arm-none-eabi/lib/thumb/v7-m/nofp/libc_nano.a(lib_a-fflush.o)
                0x0000000008007e58                _fflush_r
 .text.std      0x0000000008007ed0       0x48 /opt/st/stm32cubeide_1.10.1/plugins/com.st.stm32cube.ide.mcu.externaltools.gnu-tools-for-stm32.10.3-2021.10.linux64_1.0.0.202111181127/tools/bin/../lib/gcc/arm-none-eabi/10.3.1/../../../../arm-none-eabi/lib/thumb/v7-m/nofp/libc_nano.a(lib_a-findfp.o)
 .text._cleanup_r
                0x0000000008007f18        0xc /opt/st/stm32cubeide_1.10.1/plugins/com.st.stm32cube.ide.mcu.externaltools.gnu-tools-for-stm32.10.3-2021.10.linux64_1.0.0.202111181127/tools/bin/../lib/gcc/arm-none-eabi/10.3.1/../../../../arm-none-eabi/lib/thumb/v7-m/nofp/libc_nano.a(lib_a-findfp.o)
                0x0000000008007f18                _cleanup_r
 .text.__sfmoreglue
                0x0000000008007f24       0x2c /opt/st/stm32cubeide_1.10.1/plugins/com.st.stm32cube.ide.mcu.externaltools.gnu-tools-for-stm32.10.3-2021.10.linux64_1.0.0.202111181127/tools/bin/../lib/gcc/arm-none-eabi/10.3.1/../../../../arm-none-eabi/lib/thumb/v7-m/nofp/libc_nano.a(lib_a-findfp.o)
                0x0000000008007f24                __sfmoreglue
 .text.__sfp_lock_acquire
                0x0000000008007f50        0xc /opt/st/stm32cubeide_1.10.1/plugins/com.st.stm32cube.ide.mcu.externaltools.gnu-tools-for-stm32.10.3-2021.10.linux64_1.0.0.202111181127/tools/bin/../lib/gcc/arm-none-eabi/10.3.1/../../../../arm-none-eabi/lib/thumb/v7-m/nofp/libc_nano.a(lib_a-findfp.o)
                0x0000000008007f50                __sfp_lock_acquire
 .text.__sfp_lock_release
                0x0000000008007f5c        0xc /opt/st/stm32cubeide_1.10.1/plugins/com.st.stm32cube.ide.mcu.externaltools.gnu-tools-for-stm32.10.3-2021.10.linux64_1.0.0.202111181127/tools/bin/../lib/gcc/arm-none-eabi/10.3.1/../../../../arm-none-eabi/lib/thumb/v7-m/nofp/libc_nano.a(lib_a-findfp.o)
                0x0000000008007f5c                __sfp_lock_release
 .text.__sinit_lock_acquire
                0x0000000008007f68        0xc /opt/st/stm32cubeide_1.10.1/plugins/com.st.stm32cube.ide.mcu.externaltools.gnu-tools-for-stm32.10.3-2021.10.linux64_1.0.0.202111181127/tools/bin/../lib/gcc/arm-none-eabi/10.3.1/../../../../arm-none-eabi/lib/thumb/v7-m/nofp/libc_nano.a(lib_a-findfp.o)
                0x0000000008007f68                __sinit_lock_acquire
 .text.__sinit_lock_release
                0x0000000008007f74        0xc /opt/st/stm32cubeide_1.10.1/plugins/com.st.stm32cube.ide.mcu.externaltools.gnu-tools-for-stm32.10.3-2021.10.linux64_1.0.0.202111181127/tools/bin/../lib/gcc/arm-none-eabi/10.3.1/../../../../arm-none-eabi/lib/thumb/v7-m/nofp/libc_nano.a(lib_a-findfp.o)
                0x0000000008007f74                __sinit_lock_release
 .text.__sinit  0x0000000008007f80       0x70 /opt/st/stm32cubeide_1.10.1/plugins/com.st.stm32cube.ide.mcu.externaltools.gnu-tools-for-stm32.10.3-2021.10.linux64_1.0.0.202111181127/tools/bin/../lib/gcc/arm-none-eabi/10.3.1/../../../../arm-none-eabi/lib/thumb/v7-m/nofp/libc_nano.a(lib_a-findfp.o)
                0x0000000008007f80                __sinit
 .text.__sfp    0x0000000008007ff0       0x8c /opt/st/stm32cubeide_1.10.1/plugins/com.st.stm32cube.ide.mcu.externaltools.gnu-tools-for-stm32.10.3-2021.10.linux64_1.0.0.202111181127/tools/bin/../lib/gcc/arm-none-eabi/10.3.1/../../../../arm-none-eabi/lib/thumb/v7-m/nofp/libc_nano.a(lib_a-findfp.o)
                0x0000000008007ff0                __sfp
 .text._fwalk_reent
                0x000000000800807c       0x3e /opt/st/stm32cubeide_1.10.1/plugins/com.st.stm32cube.ide.mcu.externaltools.gnu-tools-for-stm32.10.3-2021.10.linux64_1.0.0.202111181127/tools/bin/../lib/gcc/arm-none-eabi/10.3.1/../../../../arm-none-eabi/lib/thumb/v7-m/nofp/libc_nano.a(lib_a-fwalk.o)
                0x000000000800807c                _fwalk_reent
 .text.__retarget_lock_init_recursive
                0x00000000080080ba        0x2 /opt/st/stm32cubeide_1.10.1/plugins/com.st.stm32cube.ide.mcu.externaltools.gnu-tools-for-stm32.10.3-2021.10.linux64_1.0.0.202111181127/tools/bin/../lib/gcc/arm-none-eabi/10.3.1/../../../../arm-none-eabi/lib/thumb/v7-m/nofp/libc_nano.a(lib_a-lock.o)
                0x00000000080080ba                __retarget_lock_init_recursive
 .text.__retarget_lock_acquire_recursive
                0x00000000080080bc        0x2 /opt/st/stm32cubeide_1.10.1/plugins/com.st.stm32cube.ide.mcu.externaltools.gnu-tools-for-stm32.10.3-2021.10.linux64_1.0.0.202111181127/tools/bin/../lib/gcc/arm-none-eabi/10.3.1/../../../../arm-none-eabi/lib/thumb/v7-m/nofp/libc_nano.a(lib_a-lock.o)
                0x00000000080080bc                __retarget_lock_acquire_recursive
 .text.__retarget_lock_release_recursive
                0x00000000080080be        0x2 /opt/st/stm32cubeide_1.10.1/plugins/com.st.stm32cube.ide.mcu.externaltools.gnu-tools-for-stm32.10.3-2021.10.linux64_1.0.0.202111181127/tools/bin/../lib/gcc/arm-none-eabi/10.3.1/../../../../arm-none-eabi/lib/thumb/v7-m/nofp/libc_nano.a(lib_a-lock.o)
                0x00000000080080be                __retarget_lock_release_recursive
 .text.__swhatbuf_r
                0x00000000080080c0       0x4a /opt/st/stm32cubeide_1.10.1/plugins/com.st.stm32cube.ide.mcu.externaltools.gnu-tools-for-stm32.10.3-2021.10.linux64_1.0.0.202111181127/tools/bin/../lib/gcc/arm-none-eabi/10.3.1/../../../../arm-none-eabi/lib/thumb/v7-m/nofp/libc_nano.a(lib_a-makebuf.o)
                0x00000000080080c0                __swhatbuf_r
 *fill*         0x000000000800810a        0x2 
 .text.__smakebuf_r
                0x000000000800810c       0x80 /opt/st/stm32cubeide_1.10.1/plugins/com.st.stm32cube.ide.mcu.externaltools.gnu-tools-for-stm32.10.3-2021.10.linux64_1.0.0.202111181127/tools/bin/../lib/gcc/arm-none-eabi/10.3.1/../../../../arm-none-eabi/lib/thumb/v7-m/nofp/libc_nano.a(lib_a-makebuf.o)
                0x000000000800810c                __smakebuf_r
 .text.malloc   0x000000000800818c       0x10 /opt/st/stm32cubeide_1.10.1/plugins/com.st.stm32cube.ide.mcu.externaltools.gnu-tools-for-stm32.10.3-2021.10.linux64_1.0.0.202111181127/tools/bin/../lib/gcc/arm-none-eabi/10.3.1/../../../../arm-none-eabi/lib/thumb/v7-m/nofp/libc_nano.a(lib_a-malloc.o)
                0x000000000800818c                malloc
 .text._free_r  0x000000000800819c       0x90 /opt/st/stm32cubeide_1.10.1/plugins/com.st.stm32cube.ide.mcu.externaltools.gnu-tools-for-stm32.10.3-2021.10.linux64_1.0.0.202111181127/tools/bin/../lib/gcc/arm-none-eabi/10.3.1/../../../../arm-none-eabi/lib/thumb/v7-m/nofp/libc_nano.a(lib_a-nano-freer.o)
                0x000000000800819c                _free_r
 .text.sbrk_aligned
                0x000000000800822c       0x40 /opt/st/stm32cubeide_1.10.1/plugins/com.st.stm32cube.ide.mcu.externaltools.gnu-tools-for-stm32.10.3-2021.10.linux64_1.0.0.202111181127/tools/bin/../lib/gcc/arm-none-eabi/10.3.1/../../../../arm-none-eabi/lib/thumb/v7-m/nofp/libc_nano.a(lib_a-nano-mallocr.o)
 .text._malloc_r
                0x000000000800826c       0xe8 /opt/st/stm32cubeide_1.10.1/plugins/com.st.stm32cube.ide.mcu.externaltools.gnu-tools-for-stm32.10.3-2021.10.linux64_1.0.0.202111181127/tools/bin/../lib/gcc/arm-none-eabi/10.3.1/../../../../arm-none-eabi/lib/thumb/v7-m/nofp/libc_nano.a(lib_a-nano-mallocr.o)
                0x000000000800826c                _malloc_r
 .text.__sfputc_r
                0x0000000008008354       0x2a /opt/st/stm32cubeide_1.10.1/plugins/com.st.stm32cube.ide.mcu.externaltools.gnu-tools-for-stm32.10.3-2021.10.linux64_1.0.0.202111181127/tools/bin/../lib/gcc/arm-none-eabi/10.3.1/../../../../arm-none-eabi/lib/thumb/v7-m/nofp/libc_nano.a(lib_a-nano-vfprintf.o)
 .text.__sfputs_r
                0x000000000800837e       0x24 /opt/st/stm32cubeide_1.10.1/plugins/com.st.stm32cube.ide.mcu.externaltools.gnu-tools-for-stm32.10.3-2021.10.linux64_1.0.0.202111181127/tools/bin/../lib/gcc/arm-none-eabi/10.3.1/../../../../arm-none-eabi/lib/thumb/v7-m/nofp/libc_nano.a(lib_a-nano-vfprintf.o)
                0x000000000800837e                __sfputs_r
 *fill*         0x00000000080083a2        0x2 
 .text._vfprintf_r
                0x00000000080083a4      0x260 /opt/st/stm32cubeide_1.10.1/plugins/com.st.stm32cube.ide.mcu.externaltools.gnu-tools-for-stm32.10.3-2021.10.linux64_1.0.0.202111181127/tools/bin/../lib/gcc/arm-none-eabi/10.3.1/../../../../arm-none-eabi/lib/thumb/v7-m/nofp/libc_nano.a(lib_a-nano-vfprintf.o)
                0x00000000080083a4                _vfiprintf_r
                0x00000000080083a4                _vfprintf_r
 .text._printf_common
                0x0000000008008604       0xde /opt/st/stm32cubeide_1.10.1/plugins/com.st.stm32cube.ide.mcu.externaltools.gnu-tools-for-stm32.10.3-2021.10.linux64_1.0.0.202111181127/tools/bin/../lib/gcc/arm-none-eabi/10.3.1/../../../../arm-none-eabi/lib/thumb/v7-m/nofp/libc_nano.a(lib_a-nano-vfprintf_i.o)
                0x0000000008008604                _printf_common
 *fill*         0x00000000080086e2        0x2 
 .text._printf_i
                0x00000000080086e4      0x24c /opt/st/stm32cubeide_1.10.1/plugins/com.st.stm32cube.ide.mcu.externaltools.gnu-tools-for-stm32.10.3-2021.10.linux64_1.0.0.202111181127/tools/bin/../lib/gcc/arm-none-eabi/10.3.1/../../../../arm-none-eabi/lib/thumb/v7-m/nofp/libc_nano.a(lib_a-nano-vfprintf_i.o)
                0x00000000080086e4                _printf_i
 .text._sbrk_r  0x0000000008008930       0x20 /opt/st/stm32cubeide_1.10.1/plugins/com.st.stm32cube.ide.mcu.externaltools.gnu-tools-for-stm32.10.3-2021.10.linux64_1.0.0.202111181127/tools/bin/../lib/gcc/arm-none-eabi/10.3.1/../../../../arm-none-eabi/lib/thumb/v7-m/nofp/libc_nano.a(lib_a-sbrkr.o)
                0x0000000008008930                _sbrk_r
 .text.__sread  0x0000000008008950       0x22 /opt/st/stm32cubeide_1.10.1/plugins/com.st.stm32cube.ide.mcu.externaltools.gnu-tools-for-stm32.10.3-2021.10.linux64_1.0.0.202111181127/tools/bin/../lib/gcc/arm-none-eabi/10.3.1/../../../../arm-none-eabi/lib/thumb/v7-m/nofp/libc_nano.a(lib_a-stdio.o)
                0x0000000008008950                __sread
 .text.__swrite
                0x0000000008008972       0x38 /opt/st/stm32cubeide_1.10.1/plugins/com.st.stm32cube.ide.mcu.externaltools.gnu-tools-for-stm32.10.3-2021.10.linux64_1.0.0.202111181127/tools/bin/../lib/gcc/arm-none-eabi/10.3.1/../../../../arm-none-eabi/lib/thumb/v7-m/nofp/libc_nano.a(lib_a-stdio.o)
                0x0000000008008972                __swrite
 .text.__sseek  0x00000000080089aa       0x24 /opt/st/stm32cubeide_1.10.1/plugins/com.st.stm32cube.ide.mcu.externaltools.gnu-tools-for-stm32.10.3-2021.10.linux64_1.0.0.202111181127/tools/bin/../lib/gcc/arm-none-eabi/10.3.1/../../../../arm-none-eabi/lib/thumb/v7-m/nofp/libc_nano.a(lib_a-stdio.o)
                0x00000000080089aa                __sseek
 .text.__sclose
                0x00000000080089ce        0x8 /opt/st/stm32cubeide_1.10.1/plugins/com.st.stm32cube.ide.mcu.externaltools.gnu-tools-for-stm32.10.3-2021.10.linux64_1.0.0.202111181127/tools/bin/../lib/gcc/arm-none-eabi/10.3.1/../../../../arm-none-eabi/lib/thumb/v7-m/nofp/libc_nano.a(lib_a-stdio.o)
                0x00000000080089ce                __sclose
 *fill*         0x00000000080089d6        0x2 
 .text._write_r
                0x00000000080089d8       0x24 /opt/st/stm32cubeide_1.10.1/plugins/com.st.stm32cube.ide.mcu.externaltools.gnu-tools-for-stm32.10.3-2021.10.linux64_1.0.0.202111181127/tools/bin/../lib/gcc/arm-none-eabi/10.3.1/../../../../arm-none-eabi/lib/thumb/v7-m/nofp/libc_nano.a(lib_a-writer.o)
                0x00000000080089d8                _write_r
 .text._close_r
                0x00000000080089fc       0x20 /opt/st/stm32cubeide_1.10.1/plugins/com.st.stm32cube.ide.mcu.externaltools.gnu-tools-for-stm32.10.3-2021.10.linux64_1.0.0.202111181127/tools/bin/../lib/gcc/arm-none-eabi/10.3.1/../../../../arm-none-eabi/lib/thumb/v7-m/nofp/libc_nano.a(lib_a-closer.o)
                0x00000000080089fc                _close_r
 .text._fstat_r
                0x0000000008008a1c       0x24 /opt/st/stm32cubeide_1.10.1/plugins/com.st.stm32cube.ide.mcu.externaltools.gnu-tools-for-stm32.10.3-2021.10.linux64_1.0.0.202111181127/tools/bin/../lib/gcc/arm-none-eabi/10.3.1/../../../../arm-none-eabi/lib/thumb/v7-m/nofp/libc_nano.a(lib_a-fstatr.o)
                0x0000000008008a1c                _fstat_r
 .text._isatty_r
                0x0000000008008a40       0x20 /opt/st/stm32cubeide_1.10.1/plugins/com.st.stm32cube.ide.mcu.externaltools.gnu-tools-for-stm32.10.3-2021.10.linux64_1.0.0.202111181127/tools/bin/../lib/gcc/arm-none-eabi/10.3.1/../../../../arm-none-eabi/lib/thumb/v7-m/nofp/libc_nano.a(lib_a-isattyr.o)
                0x0000000008008a40                _isatty_r
 .text._lseek_r
                0x0000000008008a60       0x24 /opt/st/stm32cubeide_1.10.1/plugins/com.st.stm32cube.ide.mcu.externaltools.gnu-tools-for-stm32.10.3-2021.10.linux64_1.0.0.202111181127/tools/bin/../lib/gcc/arm-none-eabi/10.3.1/../../../../arm-none-eabi/lib/thumb/v7-m/nofp/libc_nano.a(lib_a-lseekr.o)
                0x0000000008008a60                _lseek_r
 .text.memchr   0x0000000008008a84       0x1c /opt/st/stm32cubeide_1.10.1/plugins/com.st.stm32cube.ide.mcu.externaltools.gnu-tools-for-stm32.10.3-2021.10.linux64_1.0.0.202111181127/tools/bin/../lib/gcc/arm-none-eabi/10.3.1/../../../../arm-none-eabi/lib/thumb/v7-m/nofp/libc_nano.a(lib_a-memchr-stub.o)
                0x0000000008008a84                memchr
 .text.__malloc_lock
                0x0000000008008aa0        0xc /opt/st/stm32cubeide_1.10.1/plugins/com.st.stm32cube.ide.mcu.externaltools.gnu-tools-for-stm32.10.3-2021.10.linux64_1.0.0.202111181127/tools/bin/../lib/gcc/arm-none-eabi/10.3.1/../../../../arm-none-eabi/lib/thumb/v7-m/nofp/libc_nano.a(lib_a-mlock.o)
                0x0000000008008aa0                __malloc_lock
 .text.__malloc_unlock
                0x0000000008008aac        0xc /opt/st/stm32cubeide_1.10.1/plugins/com.st.stm32cube.ide.mcu.externaltools.gnu-tools-for-stm32.10.3-2021.10.linux64_1.0.0.202111181127/tools/bin/../lib/gcc/arm-none-eabi/10.3.1/../../../../arm-none-eabi/lib/thumb/v7-m/nofp/libc_nano.a(lib_a-mlock.o)
                0x0000000008008aac                __malloc_unlock
 .text._read_r  0x0000000008008ab8       0x24 /opt/st/stm32cubeide_1.10.1/plugins/com.st.stm32cube.ide.mcu.externaltools.gnu-tools-for-stm32.10.3-2021.10.linux64_1.0.0.202111181127/tools/bin/../lib/gcc/arm-none-eabi/10.3.1/../../../../arm-none-eabi/lib/thumb/v7-m/nofp/libc_nano.a(lib_a-readr.o)
                0x0000000008008ab8                _read_r
 .text.sqrt     0x0000000008008adc       0x48 /opt/st/stm32cubeide_1.10.1/plugins/com.st.stm32cube.ide.mcu.externaltools.gnu-tools-for-stm32.10.3-2021.10.linux64_1.0.0.202111181127/tools/bin/../lib/gcc/arm-none-eabi/10.3.1/../../../../arm-none-eabi/lib/thumb/v7-m/nofp/libm.a(lib_a-w_sqrt.o)
                0x0000000008008adc                sqrt
 .text.__ieee754_sqrt
                0x0000000008008b24      0x160 /opt/st/stm32cubeide_1.10.1/plugins/com.st.stm32cube.ide.mcu.externaltools.gnu-tools-for-stm32.10.3-2021.10.linux64_1.0.0.202111181127/tools/bin/../lib/gcc/arm-none-eabi/10.3.1/../../../../arm-none-eabi/lib/thumb/v7-m/nofp/libm.a(lib_a-e_sqrt.o)
                0x0000000008008b24                __ieee754_sqrt
 *(.glue_7)
 .glue_7        0x0000000008008c84        0x0 linker stubs
 *(.glue_7t)
 .glue_7t       0x0000000008008c84        0x0 linker stubs
 *(.eh_frame)
 .eh_frame      0x0000000008008c84        0x0 /opt/st/stm32cubeide_1.10.1/plugins/com.st.stm32cube.ide.mcu.externaltools.gnu-tools-for-stm32.10.3-2021.10.linux64_1.0.0.202111181127/tools/bin/../lib/gcc/arm-none-eabi/10.3.1/thumb/v7-m/nofp/crtbegin.o
 *(.init)
 .init          0x0000000008008c84        0x4 /opt/st/stm32cubeide_1.10.1/plugins/com.st.stm32cube.ide.mcu.externaltools.gnu-tools-for-stm32.10.3-2021.10.linux64_1.0.0.202111181127/tools/bin/../lib/gcc/arm-none-eabi/10.3.1/thumb/v7-m/nofp/crti.o
                0x0000000008008c84                _init
 .init          0x0000000008008c88        0x8 /opt/st/stm32cubeide_1.10.1/plugins/com.st.stm32cube.ide.mcu.externaltools.gnu-tools-for-stm32.10.3-2021.10.linux64_1.0.0.202111181127/tools/bin/../lib/gcc/arm-none-eabi/10.3.1/thumb/v7-m/nofp/crtn.o
 *(.fini)
 .fini          0x0000000008008c90        0x4 /opt/st/stm32cubeide_1.10.1/plugins/com.st.stm32cube.ide.mcu.externaltools.gnu-tools-for-stm32.10.3-2021.10.linux64_1.0.0.202111181127/tools/bin/../lib/gcc/arm-none-eabi/10.3.1/thumb/v7-m/nofp/crti.o
                0x0000000008008c90                _fini
 .fini          0x0000000008008c94        0x8 /opt/st/stm32cubeide_1.10.1/plugins/com.st.stm32cube.ide.mcu.externaltools.gnu-tools-for-stm32.10.3-2021.10.linux64_1.0.0.202111181127/tools/bin/../lib/gcc/arm-none-eabi/10.3.1/thumb/v7-m/nofp/crtn.o
                0x0000000008008c9c                . = ALIGN (0x4)
                0x0000000008008c9c                _etext = .

.vfp11_veneer   0x0000000008008c9c        0x0
 .vfp11_veneer  0x0000000008008c9c        0x0 linker stubs

.v4_bx          0x0000000008008c9c        0x0
 .v4_bx         0x0000000008008c9c        0x0 linker stubs

.iplt           0x0000000008008c9c        0x0
 .iplt          0x0000000008008c9c        0x0 /opt/st/stm32cubeide_1.10.1/plugins/com.st.stm32cube.ide.mcu.externaltools.gnu-tools-for-stm32.10.3-2021.10.linux64_1.0.0.202111181127/tools/bin/../lib/gcc/arm-none-eabi/10.3.1/thumb/v7-m/nofp/crtbegin.o

.rodata         0x0000000008008c9c      0xb54
                0x0000000008008c9c                . = ALIGN (0x4)
 *(.rodata)
 .rodata        0x0000000008008c9c       0xf4 ./APP/data_process/Ra_calculate.o
 .rodata        0x0000000008008d90       0x67 ./BSP/AS7341_Driver/Waveshare_AS7341.o
 *fill*         0x0000000008008df7        0x1 
 .rodata        0x0000000008008df8       0x10 ./Drivers/STM32F1xx_HAL_Driver/Src/stm32f1xx_hal_rcc.o
 *(.rodata*)
 .rodata._x_lamda
                0x0000000008008e08       0x24 ./APP/data_process/Ra_calculate.o
                0x0000000008008e08                _x_lamda
 .rodata._x_lamda_sta
                0x0000000008008e2c      0x144 ./APP/data_process/Ra_calculate.o
                0x0000000008008e2c                _x_lamda_sta
 .rodata._y_lamda
                0x0000000008008f70       0x24 ./APP/data_process/Ra_calculate.o
                0x0000000008008f70                _y_lamda
 .rodata._y_lamda_sta
                0x0000000008008f94      0x144 ./APP/data_process/Ra_calculate.o
                0x0000000008008f94                _y_lamda_sta
 .rodata._z_lamda
                0x00000000080090d8       0x24 ./APP/data_process/Ra_calculate.o
                0x00000000080090d8                _z_lamda
 .rodata._z_lamda_sta
                0x00000000080090fc      0x144 ./APP/data_process/Ra_calculate.o
                0x00000000080090fc                _z_lamda_sta
 .rodata.std_light_D_vec_sta
                0x0000000008009240      0x3cc ./APP/data_process/Ra_calculate.o
                0x0000000008009240                std_light_D_vec_sta
 .rodata.vis_reflect_table
                0x000000000800960c      0x120 ./APP/data_process/Ra_calculate.o
                0x000000000800960c                vis_reflect_table
 .rodata.delta_lambda
                0x000000000800972c       0x12 ./APP/data_process/Ra_calculate.o
                0x000000000800972c                delta_lambda
 *fill*         0x000000000800973e        0x2 
 .rodata.AHBPrescTable
                0x0000000008009740       0x10 ./Core/Src/system_stm32f1xx.o
                0x0000000008009740                AHBPrescTable
 .rodata.APBPrescTable
                0x0000000008009750        0x8 ./Core/Src/system_stm32f1xx.o
                0x0000000008009750                APBPrescTable
 .rodata._global_impure_ptr
                0x0000000008009758        0x4 /opt/st/stm32cubeide_1.10.1/plugins/com.st.stm32cube.ide.mcu.externaltools.gnu-tools-for-stm32.10.3-2021.10.linux64_1.0.0.202111181127/tools/bin/../lib/gcc/arm-none-eabi/10.3.1/../../../../arm-none-eabi/lib/thumb/v7-m/nofp/libc_nano.a(lib_a-impure.o)
                0x0000000008009758                _global_impure_ptr
 .rodata.__sf_fake_stderr
                0x000000000800975c       0x20 /opt/st/stm32cubeide_1.10.1/plugins/com.st.stm32cube.ide.mcu.externaltools.gnu-tools-for-stm32.10.3-2021.10.linux64_1.0.0.202111181127/tools/bin/../lib/gcc/arm-none-eabi/10.3.1/../../../../arm-none-eabi/lib/thumb/v7-m/nofp/libc_nano.a(lib_a-findfp.o)
                0x000000000800975c                __sf_fake_stderr
 .rodata.__sf_fake_stdin
                0x000000000800977c       0x20 /opt/st/stm32cubeide_1.10.1/plugins/com.st.stm32cube.ide.mcu.externaltools.gnu-tools-for-stm32.10.3-2021.10.linux64_1.0.0.202111181127/tools/bin/../lib/gcc/arm-none-eabi/10.3.1/../../../../arm-none-eabi/lib/thumb/v7-m/nofp/libc_nano.a(lib_a-findfp.o)
                0x000000000800977c                __sf_fake_stdin
 .rodata.__sf_fake_stdout
                0x000000000800979c       0x20 /opt/st/stm32cubeide_1.10.1/plugins/com.st.stm32cube.ide.mcu.externaltools.gnu-tools-for-stm32.10.3-2021.10.linux64_1.0.0.202111181127/tools/bin/../lib/gcc/arm-none-eabi/10.3.1/../../../../arm-none-eabi/lib/thumb/v7-m/nofp/libc_nano.a(lib_a-findfp.o)
                0x000000000800979c                __sf_fake_stdout
 .rodata._vfprintf_r.str1.1
                0x00000000080097bc       0x11 /opt/st/stm32cubeide_1.10.1/plugins/com.st.stm32cube.ide.mcu.externaltools.gnu-tools-for-stm32.10.3-2021.10.linux64_1.0.0.202111181127/tools/bin/../lib/gcc/arm-none-eabi/10.3.1/../../../../arm-none-eabi/lib/thumb/v7-m/nofp/libc_nano.a(lib_a-nano-vfprintf.o)
 .rodata._printf_i.str1.1
                0x00000000080097cd       0x22 /opt/st/stm32cubeide_1.10.1/plugins/com.st.stm32cube.ide.mcu.externaltools.gnu-tools-for-stm32.10.3-2021.10.linux64_1.0.0.202111181127/tools/bin/../lib/gcc/arm-none-eabi/10.3.1/../../../../arm-none-eabi/lib/thumb/v7-m/nofp/libc_nano.a(lib_a-nano-vfprintf_i.o)
                0x00000000080097f0                . = ALIGN (0x4)
 *fill*         0x00000000080097ef        0x1 

.rel.dyn        0x00000000080097f0        0x0
 .rel.iplt      0x00000000080097f0        0x0 /opt/st/stm32cubeide_1.10.1/plugins/com.st.stm32cube.ide.mcu.externaltools.gnu-tools-for-stm32.10.3-2021.10.linux64_1.0.0.202111181127/tools/bin/../lib/gcc/arm-none-eabi/10.3.1/thumb/v7-m/nofp/crtbegin.o

.ARM.extab      0x00000000080097f0        0x0
                0x00000000080097f0                . = ALIGN (0x4)
 *(.ARM.extab* .gnu.linkonce.armextab.*)
                0x00000000080097f0                . = ALIGN (0x4)

.ARM            0x00000000080097f0        0x0
                0x00000000080097f0                . = ALIGN (0x4)
                0x00000000080097f0                __exidx_start = .
 *(.ARM.exidx*)
                0x00000000080097f0                __exidx_end = .
                0x00000000080097f0                . = ALIGN (0x4)

.preinit_array  0x00000000080097f0        0x0
                0x00000000080097f0                . = ALIGN (0x4)
                0x00000000080097f0                PROVIDE (__preinit_array_start = .)
 *(.preinit_array*)
                0x00000000080097f0                PROVIDE (__preinit_array_end = .)
                0x00000000080097f0                . = ALIGN (0x4)

.init_array     0x00000000080097f0        0x4
                0x00000000080097f0                . = ALIGN (0x4)
                0x00000000080097f0                PROVIDE (__init_array_start = .)
 *(SORT_BY_NAME(.init_array.*))
 *(.init_array*)
 .init_array    0x00000000080097f0        0x4 /opt/st/stm32cubeide_1.10.1/plugins/com.st.stm32cube.ide.mcu.externaltools.gnu-tools-for-stm32.10.3-2021.10.linux64_1.0.0.202111181127/tools/bin/../lib/gcc/arm-none-eabi/10.3.1/thumb/v7-m/nofp/crtbegin.o
                0x00000000080097f4                PROVIDE (__init_array_end = .)
                0x00000000080097f4                . = ALIGN (0x4)

.fini_array     0x00000000080097f4        0x4
                0x00000000080097f4                . = ALIGN (0x4)
                [!provide]                        PROVIDE (__fini_array_start = .)
 *(SORT_BY_NAME(.fini_array.*))
 *(.fini_array*)
 .fini_array    0x00000000080097f4        0x4 /opt/st/stm32cubeide_1.10.1/plugins/com.st.stm32cube.ide.mcu.externaltools.gnu-tools-for-stm32.10.3-2021.10.linux64_1.0.0.202111181127/tools/bin/../lib/gcc/arm-none-eabi/10.3.1/thumb/v7-m/nofp/crtbegin.o
                [!provide]                        PROVIDE (__fini_array_end = .)
                0x00000000080097f8                . = ALIGN (0x4)
                0x00000000080097f8                _sidata = LOADADDR (.data)

.data           0x0000000020000000       0x70 load address 0x00000000080097f8
                0x0000000020000000                . = ALIGN (0x4)
                0x0000000020000000                _sdata = .
 *(.data)
 *(.data*)
 .data.SystemCoreClock
                0x0000000020000000        0x4 ./Core/Src/system_stm32f1xx.o
                0x0000000020000000                SystemCoreClock
 .data.uwTickPrio
                0x0000000020000004        0x4 ./Drivers/STM32F1xx_HAL_Driver/Src/stm32f1xx_hal.o
                0x0000000020000004                uwTickPrio
 .data.uwTickFreq
                0x0000000020000008        0x1 ./Drivers/STM32F1xx_HAL_Driver/Src/stm32f1xx_hal.o
                0x0000000020000008                uwTickFreq
 *fill*         0x0000000020000009        0x3 
 .data._impure_ptr
                0x000000002000000c        0x4 /opt/st/stm32cubeide_1.10.1/plugins/com.st.stm32cube.ide.mcu.externaltools.gnu-tools-for-stm32.10.3-2021.10.linux64_1.0.0.202111181127/tools/bin/../lib/gcc/arm-none-eabi/10.3.1/../../../../arm-none-eabi/lib/thumb/v7-m/nofp/libc_nano.a(lib_a-impure.o)
                0x000000002000000c                _impure_ptr
 .data.impure_data
                0x0000000020000010       0x60 /opt/st/stm32cubeide_1.10.1/plugins/com.st.stm32cube.ide.mcu.externaltools.gnu-tools-for-stm32.10.3-2021.10.linux64_1.0.0.202111181127/tools/bin/../lib/gcc/arm-none-eabi/10.3.1/../../../../arm-none-eabi/lib/thumb/v7-m/nofp/libc_nano.a(lib_a-impure.o)
 *(.RamFunc)
 *(.RamFunc*)
                0x0000000020000070                . = ALIGN (0x4)
                0x0000000020000070                _edata = .

.igot.plt       0x0000000020000070        0x0 load address 0x0000000008009868
 .igot.plt      0x0000000020000070        0x0 /opt/st/stm32cubeide_1.10.1/plugins/com.st.stm32cube.ide.mcu.externaltools.gnu-tools-for-stm32.10.3-2021.10.linux64_1.0.0.202111181127/tools/bin/../lib/gcc/arm-none-eabi/10.3.1/thumb/v7-m/nofp/crtbegin.o
                0x0000000020000070                . = ALIGN (0x4)

.bss            0x0000000020000070       0xec load address 0x0000000008009868
                0x0000000020000070                _sbss = .
                0x0000000020000070                __bss_start__ = _sbss
 *(.bss)
 .bss           0x0000000020000070       0x1c /opt/st/stm32cubeide_1.10.1/plugins/com.st.stm32cube.ide.mcu.externaltools.gnu-tools-for-stm32.10.3-2021.10.linux64_1.0.0.202111181127/tools/bin/../lib/gcc/arm-none-eabi/10.3.1/thumb/v7-m/nofp/crtbegin.o
 *(.bss*)
 .bss.data1     0x000000002000008c        0xc ./APP/Getdata_test.o
                0x000000002000008c                data1
 .bss.data2     0x0000000020000098        0xc ./APP/Getdata_test.o
                0x0000000020000098                data2
 .bss.measureMode
                0x00000000200000a4        0x1 ./BSP/AS7341_Driver/Waveshare_AS7341.o
                0x00000000200000a4                measureMode
 .bss.DEV_I2C_Device
                0x00000000200000a5        0x1 ./BSP/DEV_Config/DEV_Config.o
                0x00000000200000a5                DEV_I2C_Device
 .bss.I2C_ADDR  0x00000000200000a6        0x1 ./BSP/DEV_Config/DEV_Config.o
                0x00000000200000a6                I2C_ADDR
 *fill*         0x00000000200000a7        0x1 
 .bss.hi2c1     0x00000000200000a8       0x54 ./Core/Src/i2c.o
                0x00000000200000a8                hi2c1
 .bss.gHuart    0x00000000200000fc        0x4 ./Core/Src/retarget.o
                0x00000000200000fc                gHuart
 .bss.__sbrk_heap_end
                0x0000000020000100        0x4 ./Core/Src/sysmem.o
 .bss.huart1    0x0000000020000104       0x44 ./Core/Src/usart.o
                0x0000000020000104                huart1
 .bss.uwTick    0x0000000020000148        0x4 ./Drivers/STM32F1xx_HAL_Driver/Src/stm32f1xx_hal.o
                0x0000000020000148                uwTick
 .bss.__lock___malloc_recursive_mutex
                0x000000002000014c        0x1 /opt/st/stm32cubeide_1.10.1/plugins/com.st.stm32cube.ide.mcu.externaltools.gnu-tools-for-stm32.10.3-2021.10.linux64_1.0.0.202111181127/tools/bin/../lib/gcc/arm-none-eabi/10.3.1/../../../../arm-none-eabi/lib/thumb/v7-m/nofp/libc_nano.a(lib_a-lock.o)
                0x000000002000014c                __lock___malloc_recursive_mutex
 .bss.__lock___sfp_recursive_mutex
                0x000000002000014d        0x1 /opt/st/stm32cubeide_1.10.1/plugins/com.st.stm32cube.ide.mcu.externaltools.gnu-tools-for-stm32.10.3-2021.10.linux64_1.0.0.202111181127/tools/bin/../lib/gcc/arm-none-eabi/10.3.1/../../../../arm-none-eabi/lib/thumb/v7-m/nofp/libc_nano.a(lib_a-lock.o)
                0x000000002000014d                __lock___sfp_recursive_mutex
 .bss.__lock___sinit_recursive_mutex
                0x000000002000014e        0x1 /opt/st/stm32cubeide_1.10.1/plugins/com.st.stm32cube.ide.mcu.externaltools.gnu-tools-for-stm32.10.3-2021.10.linux64_1.0.0.202111181127/tools/bin/../lib/gcc/arm-none-eabi/10.3.1/../../../../arm-none-eabi/lib/thumb/v7-m/nofp/libc_nano.a(lib_a-lock.o)
                0x000000002000014e                __lock___sinit_recursive_mutex
 *fill*         0x000000002000014f        0x1 
 .bss.__malloc_free_list
                0x0000000020000150        0x4 /opt/st/stm32cubeide_1.10.1/plugins/com.st.stm32cube.ide.mcu.externaltools.gnu-tools-for-stm32.10.3-2021.10.linux64_1.0.0.202111181127/tools/bin/../lib/gcc/arm-none-eabi/10.3.1/../../../../arm-none-eabi/lib/thumb/v7-m/nofp/libc_nano.a(lib_a-nano-mallocr.o)
                0x0000000020000150                __malloc_free_list
 .bss.__malloc_sbrk_start
                0x0000000020000154        0x4 /opt/st/stm32cubeide_1.10.1/plugins/com.st.stm32cube.ide.mcu.externaltools.gnu-tools-for-stm32.10.3-2021.10.linux64_1.0.0.202111181127/tools/bin/../lib/gcc/arm-none-eabi/10.3.1/../../../../arm-none-eabi/lib/thumb/v7-m/nofp/libc_nano.a(lib_a-nano-mallocr.o)
                0x0000000020000154                __malloc_sbrk_start
 .bss.errno     0x0000000020000158        0x4 /opt/st/stm32cubeide_1.10.1/plugins/com.st.stm32cube.ide.mcu.externaltools.gnu-tools-for-stm32.10.3-2021.10.linux64_1.0.0.202111181127/tools/bin/../lib/gcc/arm-none-eabi/10.3.1/../../../../arm-none-eabi/lib/thumb/v7-m/nofp/libc_nano.a(lib_a-reent.o)
                0x0000000020000158                errno
 *(COMMON)
                0x000000002000015c                . = ALIGN (0x4)
                0x000000002000015c                _ebss = .
                0x000000002000015c                __bss_end__ = _ebss

._user_heap_stack
                0x000000002000015c      0x604 load address 0x0000000008009868
                0x0000000020000160                . = ALIGN (0x8)
 *fill*         0x000000002000015c        0x4 
                [!provide]                        PROVIDE (end = .)
                0x0000000020000160                PROVIDE (_end = .)
                0x0000000020000360                . = (. + _Min_Heap_Size)
 *fill*         0x0000000020000160      0x200 
                0x0000000020000760                . = (. + _Min_Stack_Size)
 *fill*         0x0000000020000360      0x400 
                0x0000000020000760                . = ALIGN (0x8)

/DISCARD/
 libc.a(*)
 libm.a(*)
 libgcc.a(*)

.ARM.attributes
                0x0000000000000000       0x29
 *(.ARM.attributes)
 .ARM.attributes
                0x0000000000000000       0x1d /opt/st/stm32cubeide_1.10.1/plugins/com.st.stm32cube.ide.mcu.externaltools.gnu-tools-for-stm32.10.3-2021.10.linux64_1.0.0.202111181127/tools/bin/../lib/gcc/arm-none-eabi/10.3.1/thumb/v7-m/nofp/crti.o
 .ARM.attributes
                0x000000000000001d       0x2d /opt/st/stm32cubeide_1.10.1/plugins/com.st.stm32cube.ide.mcu.externaltools.gnu-tools-for-stm32.10.3-2021.10.linux64_1.0.0.202111181127/tools/bin/../lib/gcc/arm-none-eabi/10.3.1/thumb/v7-m/nofp/crtbegin.o
 .ARM.attributes
                0x000000000000004a       0x2d ./APP/Getdata_test.o
 .ARM.attributes
                0x0000000000000077       0x2d ./APP/data_process/Ra_calculate.o
 .ARM.attributes
                0x00000000000000a4       0x2d ./BSP/AS7341_Driver/Waveshare_AS7341.o
 .ARM.attributes
                0x00000000000000d1       0x2d ./BSP/DEV_Config/DEV_Config.o
 .ARM.attributes
                0x00000000000000fe       0x2d ./Core/Src/gpio.o
 .ARM.attributes
                0x000000000000012b       0x2d ./Core/Src/i2c.o
 .ARM.attributes
                0x0000000000000158       0x2d ./Core/Src/main.o
 .ARM.attributes
                0x0000000000000185       0x2d ./Core/Src/retarget.o
 .ARM.attributes
                0x00000000000001b2       0x2d ./Core/Src/stm32f1xx_hal_msp.o
 .ARM.attributes
                0x00000000000001df       0x2d ./Core/Src/stm32f1xx_it.o
 .ARM.attributes
                0x000000000000020c       0x2d ./Core/Src/sysmem.o
 .ARM.attributes
                0x0000000000000239       0x2d ./Core/Src/system_stm32f1xx.o
 .ARM.attributes
                0x0000000000000266       0x2d ./Core/Src/usart.o
 .ARM.attributes
                0x0000000000000293       0x21 ./Core/Startup/startup_stm32f103zetx.o
 .ARM.attributes
                0x00000000000002b4       0x2d ./Drivers/STM32F1xx_HAL_Driver/Src/stm32f1xx_hal.o
 .ARM.attributes
                0x00000000000002e1       0x2d ./Drivers/STM32F1xx_HAL_Driver/Src/stm32f1xx_hal_cortex.o
 .ARM.attributes
                0x000000000000030e       0x2d ./Drivers/STM32F1xx_HAL_Driver/Src/stm32f1xx_hal_gpio.o
 .ARM.attributes
                0x000000000000033b       0x2d ./Drivers/STM32F1xx_HAL_Driver/Src/stm32f1xx_hal_i2c.o
 .ARM.attributes
                0x0000000000000368       0x2d ./Drivers/STM32F1xx_HAL_Driver/Src/stm32f1xx_hal_rcc.o
 .ARM.attributes
                0x0000000000000395       0x2d ./Drivers/STM32F1xx_HAL_Driver/Src/stm32f1xx_hal_uart.o
 .ARM.attributes
                0x00000000000003c2       0x2d /opt/st/stm32cubeide_1.10.1/plugins/com.st.stm32cube.ide.mcu.externaltools.gnu-tools-for-stm32.10.3-2021.10.linux64_1.0.0.202111181127/tools/bin/../lib/gcc/arm-none-eabi/10.3.1/../../../../arm-none-eabi/lib/thumb/v7-m/nofp/libc_nano.a(lib_a-errno.o)
 .ARM.attributes
                0x00000000000003ef       0x2d /opt/st/stm32cubeide_1.10.1/plugins/com.st.stm32cube.ide.mcu.externaltools.gnu-tools-for-stm32.10.3-2021.10.linux64_1.0.0.202111181127/tools/bin/../lib/gcc/arm-none-eabi/10.3.1/../../../../arm-none-eabi/lib/thumb/v7-m/nofp/libc_nano.a(lib_a-impure.o)
 .ARM.attributes
                0x000000000000041c       0x2d /opt/st/stm32cubeide_1.10.1/plugins/com.st.stm32cube.ide.mcu.externaltools.gnu-tools-for-stm32.10.3-2021.10.linux64_1.0.0.202111181127/tools/bin/../lib/gcc/arm-none-eabi/10.3.1/../../../../arm-none-eabi/lib/thumb/v7-m/nofp/libc_nano.a(lib_a-init.o)
 .ARM.attributes
                0x0000000000000449       0x2d /opt/st/stm32cubeide_1.10.1/plugins/com.st.stm32cube.ide.mcu.externaltools.gnu-tools-for-stm32.10.3-2021.10.linux64_1.0.0.202111181127/tools/bin/../lib/gcc/arm-none-eabi/10.3.1/../../../../arm-none-eabi/lib/thumb/v7-m/nofp/libc_nano.a(lib_a-memset.o)
 .ARM.attributes
                0x0000000000000476       0x2d /opt/st/stm32cubeide_1.10.1/plugins/com.st.stm32cube.ide.mcu.externaltools.gnu-tools-for-stm32.10.3-2021.10.linux64_1.0.0.202111181127/tools/bin/../lib/gcc/arm-none-eabi/10.3.1/../../../../arm-none-eabi/lib/thumb/v7-m/nofp/libc_nano.a(lib_a-printf.o)
 .ARM.attributes
                0x00000000000004a3       0x2d /opt/st/stm32cubeide_1.10.1/plugins/com.st.stm32cube.ide.mcu.externaltools.gnu-tools-for-stm32.10.3-2021.10.linux64_1.0.0.202111181127/tools/bin/../lib/gcc/arm-none-eabi/10.3.1/../../../../arm-none-eabi/lib/thumb/v7-m/nofp/libc_nano.a(lib_a-puts.o)
 .ARM.attributes
                0x00000000000004d0       0x2d /opt/st/stm32cubeide_1.10.1/plugins/com.st.stm32cube.ide.mcu.externaltools.gnu-tools-for-stm32.10.3-2021.10.linux64_1.0.0.202111181127/tools/bin/../lib/gcc/arm-none-eabi/10.3.1/../../../../arm-none-eabi/lib/thumb/v7-m/nofp/libc_nano.a(lib_a-setvbuf.o)
 .ARM.attributes
                0x00000000000004fd       0x2d /opt/st/stm32cubeide_1.10.1/plugins/com.st.stm32cube.ide.mcu.externaltools.gnu-tools-for-stm32.10.3-2021.10.linux64_1.0.0.202111181127/tools/bin/../lib/gcc/arm-none-eabi/10.3.1/../../../../arm-none-eabi/lib/thumb/v7-m/nofp/libc_nano.a(lib_a-wbuf.o)
 .ARM.attributes
                0x000000000000052a       0x2d /opt/st/stm32cubeide_1.10.1/plugins/com.st.stm32cube.ide.mcu.externaltools.gnu-tools-for-stm32.10.3-2021.10.linux64_1.0.0.202111181127/tools/bin/../lib/gcc/arm-none-eabi/10.3.1/../../../../arm-none-eabi/lib/thumb/v7-m/nofp/libc_nano.a(lib_a-wsetup.o)
 .ARM.attributes
                0x0000000000000557       0x2d /opt/st/stm32cubeide_1.10.1/plugins/com.st.stm32cube.ide.mcu.externaltools.gnu-tools-for-stm32.10.3-2021.10.linux64_1.0.0.202111181127/tools/bin/../lib/gcc/arm-none-eabi/10.3.1/../../../../arm-none-eabi/lib/thumb/v7-m/nofp/libc_nano.a(lib_a-fflush.o)
 .ARM.attributes
                0x0000000000000584       0x2d /opt/st/stm32cubeide_1.10.1/plugins/com.st.stm32cube.ide.mcu.externaltools.gnu-tools-for-stm32.10.3-2021.10.linux64_1.0.0.202111181127/tools/bin/../lib/gcc/arm-none-eabi/10.3.1/../../../../arm-none-eabi/lib/thumb/v7-m/nofp/libc_nano.a(lib_a-findfp.o)
 .ARM.attributes
                0x00000000000005b1       0x2d /opt/st/stm32cubeide_1.10.1/plugins/com.st.stm32cube.ide.mcu.externaltools.gnu-tools-for-stm32.10.3-2021.10.linux64_1.0.0.202111181127/tools/bin/../lib/gcc/arm-none-eabi/10.3.1/../../../../arm-none-eabi/lib/thumb/v7-m/nofp/libc_nano.a(lib_a-fwalk.o)
 .ARM.attributes
                0x00000000000005de       0x2d /opt/st/stm32cubeide_1.10.1/plugins/com.st.stm32cube.ide.mcu.externaltools.gnu-tools-for-stm32.10.3-2021.10.linux64_1.0.0.202111181127/tools/bin/../lib/gcc/arm-none-eabi/10.3.1/../../../../arm-none-eabi/lib/thumb/v7-m/nofp/libc_nano.a(lib_a-lock.o)
 .ARM.attributes
                0x000000000000060b       0x2d /opt/st/stm32cubeide_1.10.1/plugins/com.st.stm32cube.ide.mcu.externaltools.gnu-tools-for-stm32.10.3-2021.10.linux64_1.0.0.202111181127/tools/bin/../lib/gcc/arm-none-eabi/10.3.1/../../../../arm-none-eabi/lib/thumb/v7-m/nofp/libc_nano.a(lib_a-makebuf.o)
 .ARM.attributes
                0x0000000000000638       0x2d /opt/st/stm32cubeide_1.10.1/plugins/com.st.stm32cube.ide.mcu.externaltools.gnu-tools-for-stm32.10.3-2021.10.linux64_1.0.0.202111181127/tools/bin/../lib/gcc/arm-none-eabi/10.3.1/../../../../arm-none-eabi/lib/thumb/v7-m/nofp/libc_nano.a(lib_a-malloc.o)
 .ARM.attributes
                0x0000000000000665       0x2d /opt/st/stm32cubeide_1.10.1/plugins/com.st.stm32cube.ide.mcu.externaltools.gnu-tools-for-stm32.10.3-2021.10.linux64_1.0.0.202111181127/tools/bin/../lib/gcc/arm-none-eabi/10.3.1/../../../../arm-none-eabi/lib/thumb/v7-m/nofp/libc_nano.a(lib_a-nano-freer.o)
 .ARM.attributes
                0x0000000000000692       0x2d /opt/st/stm32cubeide_1.10.1/plugins/com.st.stm32cube.ide.mcu.externaltools.gnu-tools-for-stm32.10.3-2021.10.linux64_1.0.0.202111181127/tools/bin/../lib/gcc/arm-none-eabi/10.3.1/../../../../arm-none-eabi/lib/thumb/v7-m/nofp/libc_nano.a(lib_a-nano-mallocr.o)
 .ARM.attributes
                0x00000000000006bf       0x2d /opt/st/stm32cubeide_1.10.1/plugins/com.st.stm32cube.ide.mcu.externaltools.gnu-tools-for-stm32.10.3-2021.10.linux64_1.0.0.202111181127/tools/bin/../lib/gcc/arm-none-eabi/10.3.1/../../../../arm-none-eabi/lib/thumb/v7-m/nofp/libc_nano.a(lib_a-nano-vfprintf.o)
 .ARM.attributes
                0x00000000000006ec       0x2d /opt/st/stm32cubeide_1.10.1/plugins/com.st.stm32cube.ide.mcu.externaltools.gnu-tools-for-stm32.10.3-2021.10.linux64_1.0.0.202111181127/tools/bin/../lib/gcc/arm-none-eabi/10.3.1/../../../../arm-none-eabi/lib/thumb/v7-m/nofp/libc_nano.a(lib_a-nano-vfprintf_i.o)
 .ARM.attributes
                0x0000000000000719       0x2d /opt/st/stm32cubeide_1.10.1/plugins/com.st.stm32cube.ide.mcu.externaltools.gnu-tools-for-stm32.10.3-2021.10.linux64_1.0.0.202111181127/tools/bin/../lib/gcc/arm-none-eabi/10.3.1/../../../../arm-none-eabi/lib/thumb/v7-m/nofp/libc_nano.a(lib_a-sbrkr.o)
 .ARM.attributes
                0x0000000000000746       0x2d /opt/st/stm32cubeide_1.10.1/plugins/com.st.stm32cube.ide.mcu.externaltools.gnu-tools-for-stm32.10.3-2021.10.linux64_1.0.0.202111181127/tools/bin/../lib/gcc/arm-none-eabi/10.3.1/../../../../arm-none-eabi/lib/thumb/v7-m/nofp/libc_nano.a(lib_a-stdio.o)
 .ARM.attributes
                0x0000000000000773       0x2d /opt/st/stm32cubeide_1.10.1/plugins/com.st.stm32cube.ide.mcu.externaltools.gnu-tools-for-stm32.10.3-2021.10.linux64_1.0.0.202111181127/tools/bin/../lib/gcc/arm-none-eabi/10.3.1/../../../../arm-none-eabi/lib/thumb/v7-m/nofp/libc_nano.a(lib_a-writer.o)
 .ARM.attributes
                0x00000000000007a0       0x2d /opt/st/stm32cubeide_1.10.1/plugins/com.st.stm32cube.ide.mcu.externaltools.gnu-tools-for-stm32.10.3-2021.10.linux64_1.0.0.202111181127/tools/bin/../lib/gcc/arm-none-eabi/10.3.1/../../../../arm-none-eabi/lib/thumb/v7-m/nofp/libc_nano.a(lib_a-closer.o)
 .ARM.attributes
                0x00000000000007cd       0x2d /opt/st/stm32cubeide_1.10.1/plugins/com.st.stm32cube.ide.mcu.externaltools.gnu-tools-for-stm32.10.3-2021.10.linux64_1.0.0.202111181127/tools/bin/../lib/gcc/arm-none-eabi/10.3.1/../../../../arm-none-eabi/lib/thumb/v7-m/nofp/libc_nano.a(lib_a-fstatr.o)
 .ARM.attributes
                0x00000000000007fa       0x2d /opt/st/stm32cubeide_1.10.1/plugins/com.st.stm32cube.ide.mcu.externaltools.gnu-tools-for-stm32.10.3-2021.10.linux64_1.0.0.202111181127/tools/bin/../lib/gcc/arm-none-eabi/10.3.1/../../../../arm-none-eabi/lib/thumb/v7-m/nofp/libc_nano.a(lib_a-isattyr.o)
 .ARM.attributes
                0x0000000000000827       0x2d /opt/st/stm32cubeide_1.10.1/plugins/com.st.stm32cube.ide.mcu.externaltools.gnu-tools-for-stm32.10.3-2021.10.linux64_1.0.0.202111181127/tools/bin/../lib/gcc/arm-none-eabi/10.3.1/../../../../arm-none-eabi/lib/thumb/v7-m/nofp/libc_nano.a(lib_a-lseekr.o)
 .ARM.attributes
                0x0000000000000854       0x2d /opt/st/stm32cubeide_1.10.1/plugins/com.st.stm32cube.ide.mcu.externaltools.gnu-tools-for-stm32.10.3-2021.10.linux64_1.0.0.202111181127/tools/bin/../lib/gcc/arm-none-eabi/10.3.1/../../../../arm-none-eabi/lib/thumb/v7-m/nofp/libc_nano.a(lib_a-memchr-stub.o)
 .ARM.attributes
                0x0000000000000881       0x2d /opt/st/stm32cubeide_1.10.1/plugins/com.st.stm32cube.ide.mcu.externaltools.gnu-tools-for-stm32.10.3-2021.10.linux64_1.0.0.202111181127/tools/bin/../lib/gcc/arm-none-eabi/10.3.1/../../../../arm-none-eabi/lib/thumb/v7-m/nofp/libc_nano.a(lib_a-mlock.o)
 .ARM.attributes
                0x00000000000008ae       0x2d /opt/st/stm32cubeide_1.10.1/plugins/com.st.stm32cube.ide.mcu.externaltools.gnu-tools-for-stm32.10.3-2021.10.linux64_1.0.0.202111181127/tools/bin/../lib/gcc/arm-none-eabi/10.3.1/../../../../arm-none-eabi/lib/thumb/v7-m/nofp/libc_nano.a(lib_a-readr.o)
 .ARM.attributes
                0x00000000000008db       0x2d /opt/st/stm32cubeide_1.10.1/plugins/com.st.stm32cube.ide.mcu.externaltools.gnu-tools-for-stm32.10.3-2021.10.linux64_1.0.0.202111181127/tools/bin/../lib/gcc/arm-none-eabi/10.3.1/../../../../arm-none-eabi/lib/thumb/v7-m/nofp/libc_nano.a(lib_a-reent.o)
 .ARM.attributes
                0x0000000000000908       0x2d /opt/st/stm32cubeide_1.10.1/plugins/com.st.stm32cube.ide.mcu.externaltools.gnu-tools-for-stm32.10.3-2021.10.linux64_1.0.0.202111181127/tools/bin/../lib/gcc/arm-none-eabi/10.3.1/../../../../arm-none-eabi/lib/thumb/v7-m/nofp/libm.a(lib_a-w_sqrt.o)
 .ARM.attributes
                0x0000000000000935       0x2d /opt/st/stm32cubeide_1.10.1/plugins/com.st.stm32cube.ide.mcu.externaltools.gnu-tools-for-stm32.10.3-2021.10.linux64_1.0.0.202111181127/tools/bin/../lib/gcc/arm-none-eabi/10.3.1/../../../../arm-none-eabi/lib/thumb/v7-m/nofp/libm.a(lib_a-e_sqrt.o)
 .ARM.attributes
                0x0000000000000962       0x1d /opt/st/stm32cubeide_1.10.1/plugins/com.st.stm32cube.ide.mcu.externaltools.gnu-tools-for-stm32.10.3-2021.10.linux64_1.0.0.202111181127/tools/bin/../lib/gcc/arm-none-eabi/10.3.1/thumb/v7-m/nofp/libgcc.a(_arm_addsubdf3.o)
 .ARM.attributes
                0x000000000000097f       0x1d /opt/st/stm32cubeide_1.10.1/plugins/com.st.stm32cube.ide.mcu.externaltools.gnu-tools-for-stm32.10.3-2021.10.linux64_1.0.0.202111181127/tools/bin/../lib/gcc/arm-none-eabi/10.3.1/thumb/v7-m/nofp/libgcc.a(_arm_muldivdf3.o)
 .ARM.attributes
                0x000000000000099c       0x1d /opt/st/stm32cubeide_1.10.1/plugins/com.st.stm32cube.ide.mcu.externaltools.gnu-tools-for-stm32.10.3-2021.10.linux64_1.0.0.202111181127/tools/bin/../lib/gcc/arm-none-eabi/10.3.1/thumb/v7-m/nofp/libgcc.a(_arm_cmpdf2.o)
 .ARM.attributes
                0x00000000000009b9       0x1d /opt/st/stm32cubeide_1.10.1/plugins/com.st.stm32cube.ide.mcu.externaltools.gnu-tools-for-stm32.10.3-2021.10.linux64_1.0.0.202111181127/tools/bin/../lib/gcc/arm-none-eabi/10.3.1/thumb/v7-m/nofp/libgcc.a(_arm_unorddf2.o)
 .ARM.attributes
                0x00000000000009d6       0x1d /opt/st/stm32cubeide_1.10.1/plugins/com.st.stm32cube.ide.mcu.externaltools.gnu-tools-for-stm32.10.3-2021.10.linux64_1.0.0.202111181127/tools/bin/../lib/gcc/arm-none-eabi/10.3.1/thumb/v7-m/nofp/libgcc.a(_arm_truncdfsf2.o)
 .ARM.attributes
                0x00000000000009f3       0x1d /opt/st/stm32cubeide_1.10.1/plugins/com.st.stm32cube.ide.mcu.externaltools.gnu-tools-for-stm32.10.3-2021.10.linux64_1.0.0.202111181127/tools/bin/../lib/gcc/arm-none-eabi/10.3.1/thumb/v7-m/nofp/libgcc.a(_arm_addsubsf3.o)
 .ARM.attributes
                0x0000000000000a10       0x1d /opt/st/stm32cubeide_1.10.1/plugins/com.st.stm32cube.ide.mcu.externaltools.gnu-tools-for-stm32.10.3-2021.10.linux64_1.0.0.202111181127/tools/bin/../lib/gcc/arm-none-eabi/10.3.1/thumb/v7-m/nofp/libgcc.a(_arm_muldivsf3.o)
 .ARM.attributes
                0x0000000000000a2d       0x1d /opt/st/stm32cubeide_1.10.1/plugins/com.st.stm32cube.ide.mcu.externaltools.gnu-tools-for-stm32.10.3-2021.10.linux64_1.0.0.202111181127/tools/bin/../lib/gcc/arm-none-eabi/10.3.1/thumb/v7-m/nofp/libgcc.a(_arm_cmpsf2.o)
 .ARM.attributes
                0x0000000000000a4a       0x1d /opt/st/stm32cubeide_1.10.1/plugins/com.st.stm32cube.ide.mcu.externaltools.gnu-tools-for-stm32.10.3-2021.10.linux64_1.0.0.202111181127/tools/bin/../lib/gcc/arm-none-eabi/10.3.1/thumb/v7-m/nofp/libgcc.a(_arm_fixunssfsi.o)
 .ARM.attributes
                0x0000000000000a67       0x1d /opt/st/stm32cubeide_1.10.1/plugins/com.st.stm32cube.ide.mcu.externaltools.gnu-tools-for-stm32.10.3-2021.10.linux64_1.0.0.202111181127/tools/bin/../lib/gcc/arm-none-eabi/10.3.1/thumb/v7-m/nofp/crtn.o
OUTPUT(LightTest.elf elf32-littlearm)
LOAD linker stubs
LOAD /opt/st/stm32cubeide_1.10.1/plugins/com.st.stm32cube.ide.mcu.externaltools.gnu-tools-for-stm32.10.3-2021.10.linux64_1.0.0.202111181127/tools/bin/../lib/gcc/arm-none-eabi/10.3.1/../../../../arm-none-eabi/lib/thumb/v7-m/nofp/libc.a
LOAD /opt/st/stm32cubeide_1.10.1/plugins/com.st.stm32cube.ide.mcu.externaltools.gnu-tools-for-stm32.10.3-2021.10.linux64_1.0.0.202111181127/tools/bin/../lib/gcc/arm-none-eabi/10.3.1/../../../../arm-none-eabi/lib/thumb/v7-m/nofp/libm.a
LOAD /opt/st/stm32cubeide_1.10.1/plugins/com.st.stm32cube.ide.mcu.externaltools.gnu-tools-for-stm32.10.3-2021.10.linux64_1.0.0.202111181127/tools/bin/../lib/gcc/arm-none-eabi/10.3.1/thumb/v7-m/nofp/libgcc.a

.debug_info     0x0000000000000000     0xb1e6
 .debug_info    0x0000000000000000      0x2eb ./APP/Getdata_test.o
 .debug_info    0x00000000000002eb      0x967 ./APP/data_process/Ra_calculate.o
 .debug_info    0x0000000000000c52      0x8ad ./BSP/AS7341_Driver/Waveshare_AS7341.o
 .debug_info    0x00000000000014ff      0x9a3 ./BSP/DEV_Config/DEV_Config.o
 .debug_info    0x0000000000001ea2      0x195 ./Core/Src/gpio.o
 .debug_info    0x0000000000002037      0x8d6 ./Core/Src/i2c.o
 .debug_info    0x000000000000290d      0xa0a ./Core/Src/main.o
 .debug_info    0x0000000000003317     0x10e8 ./Core/Src/retarget.o
 .debug_info    0x00000000000043ff      0x225 ./Core/Src/stm32f1xx_hal_msp.o
 .debug_info    0x0000000000004624      0x137 ./Core/Src/stm32f1xx_it.o
 .debug_info    0x000000000000475b      0x17f ./Core/Src/sysmem.o
 .debug_info    0x00000000000048da      0x252 ./Core/Src/system_stm32f1xx.o
 .debug_info    0x0000000000004b2c      0x7f7 ./Core/Src/usart.o
 .debug_info    0x0000000000005323       0x22 ./Core/Startup/startup_stm32f103zetx.o
 .debug_info    0x0000000000005345      0x79a ./Drivers/STM32F1xx_HAL_Driver/Src/stm32f1xx_hal.o
 .debug_info    0x0000000000005adf      0xb86 ./Drivers/STM32F1xx_HAL_Driver/Src/stm32f1xx_hal_cortex.o
 .debug_info    0x0000000000006665      0x615 ./Drivers/STM32F1xx_HAL_Driver/Src/stm32f1xx_hal_gpio.o
 .debug_info    0x0000000000006c7a     0x2734 ./Drivers/STM32F1xx_HAL_Driver/Src/stm32f1xx_hal_i2c.o
 .debug_info    0x00000000000093ae      0x860 ./Drivers/STM32F1xx_HAL_Driver/Src/stm32f1xx_hal_rcc.o
 .debug_info    0x0000000000009c0e     0x15d8 ./Drivers/STM32F1xx_HAL_Driver/Src/stm32f1xx_hal_uart.o

.debug_abbrev   0x0000000000000000     0x224f
 .debug_abbrev  0x0000000000000000      0x113 ./APP/Getdata_test.o
 .debug_abbrev  0x0000000000000113      0x1f3 ./APP/data_process/Ra_calculate.o
 .debug_abbrev  0x0000000000000306      0x227 ./BSP/AS7341_Driver/Waveshare_AS7341.o
 .debug_abbrev  0x000000000000052d      0x27c ./BSP/DEV_Config/DEV_Config.o
 .debug_abbrev  0x00000000000007a9       0xc2 ./Core/Src/gpio.o
 .debug_abbrev  0x000000000000086b      0x1ce ./Core/Src/i2c.o
 .debug_abbrev  0x0000000000000a39      0x275 ./Core/Src/main.o
 .debug_abbrev  0x0000000000000cae      0x238 ./Core/Src/retarget.o
 .debug_abbrev  0x0000000000000ee6       0xd4 ./Core/Src/stm32f1xx_hal_msp.o
 .debug_abbrev  0x0000000000000fba       0x74 ./Core/Src/stm32f1xx_it.o
 .debug_abbrev  0x000000000000102e       0xbb ./Core/Src/sysmem.o
 .debug_abbrev  0x00000000000010e9      0x13b ./Core/Src/system_stm32f1xx.o
 .debug_abbrev  0x0000000000001224      0x1ce ./Core/Src/usart.o
 .debug_abbrev  0x00000000000013f2       0x12 ./Core/Startup/startup_stm32f103zetx.o
 .debug_abbrev  0x0000000000001404      0x1fb ./Drivers/STM32F1xx_HAL_Driver/Src/stm32f1xx_hal.o
 .debug_abbrev  0x00000000000015ff      0x2ed ./Drivers/STM32F1xx_HAL_Driver/Src/stm32f1xx_hal_cortex.o
 .debug_abbrev  0x00000000000018ec      0x1bb ./Drivers/STM32F1xx_HAL_Driver/Src/stm32f1xx_hal_gpio.o
 .debug_abbrev  0x0000000000001aa7      0x288 ./Drivers/STM32F1xx_HAL_Driver/Src/stm32f1xx_hal_i2c.o
 .debug_abbrev  0x0000000000001d2f      0x2a8 ./Drivers/STM32F1xx_HAL_Driver/Src/stm32f1xx_hal_rcc.o
 .debug_abbrev  0x0000000000001fd7      0x278 ./Drivers/STM32F1xx_HAL_Driver/Src/stm32f1xx_hal_uart.o

.debug_aranges  0x0000000000000000      0xb58
 .debug_aranges
                0x0000000000000000       0x20 ./APP/Getdata_test.o
 .debug_aranges
                0x0000000000000020       0x38 ./APP/data_process/Ra_calculate.o
 .debug_aranges
                0x0000000000000058      0x128 ./BSP/AS7341_Driver/Waveshare_AS7341.o
 .debug_aranges
                0x0000000000000180       0x78 ./BSP/DEV_Config/DEV_Config.o
 .debug_aranges
                0x00000000000001f8       0x20 ./Core/Src/gpio.o
 .debug_aranges
                0x0000000000000218       0x38 ./Core/Src/i2c.o
 .debug_aranges
                0x0000000000000250       0x30 ./Core/Src/main.o
 .debug_aranges
                0x0000000000000280       0x50 ./Core/Src/retarget.o
 .debug_aranges
                0x00000000000002d0       0x20 ./Core/Src/stm32f1xx_hal_msp.o
 .debug_aranges
                0x00000000000002f0       0x60 ./Core/Src/stm32f1xx_it.o
 .debug_aranges
                0x0000000000000350       0x20 ./Core/Src/sysmem.o
 .debug_aranges
                0x0000000000000370       0x28 ./Core/Src/system_stm32f1xx.o
 .debug_aranges
                0x0000000000000398       0x30 ./Core/Src/usart.o
 .debug_aranges
                0x00000000000003c8       0x28 ./Core/Startup/startup_stm32f103zetx.o
 .debug_aranges
                0x00000000000003f0       0xe0 ./Drivers/STM32F1xx_HAL_Driver/Src/stm32f1xx_hal.o
 .debug_aranges
                0x00000000000004d0      0x100 ./Drivers/STM32F1xx_HAL_Driver/Src/stm32f1xx_hal_cortex.o
 .debug_aranges
                0x00000000000005d0       0x58 ./Drivers/STM32F1xx_HAL_Driver/Src/stm32f1xx_hal_gpio.o
 .debug_aranges
                0x0000000000000628      0x2a0 ./Drivers/STM32F1xx_HAL_Driver/Src/stm32f1xx_hal_i2c.o
 .debug_aranges
                0x00000000000008c8       0x90 ./Drivers/STM32F1xx_HAL_Driver/Src/stm32f1xx_hal_rcc.o
 .debug_aranges
                0x0000000000000958      0x200 ./Drivers/STM32F1xx_HAL_Driver/Src/stm32f1xx_hal_uart.o

.debug_ranges   0x0000000000000000      0xa78
 .debug_ranges  0x0000000000000000       0x10 ./APP/Getdata_test.o
 .debug_ranges  0x0000000000000010       0x28 ./APP/data_process/Ra_calculate.o
 .debug_ranges  0x0000000000000038      0x118 ./BSP/AS7341_Driver/Waveshare_AS7341.o
 .debug_ranges  0x0000000000000150       0x68 ./BSP/DEV_Config/DEV_Config.o
 .debug_ranges  0x00000000000001b8       0x10 ./Core/Src/gpio.o
 .debug_ranges  0x00000000000001c8       0x28 ./Core/Src/i2c.o
 .debug_ranges  0x00000000000001f0       0x20 ./Core/Src/main.o
 .debug_ranges  0x0000000000000210       0x40 ./Core/Src/retarget.o
 .debug_ranges  0x0000000000000250       0x10 ./Core/Src/stm32f1xx_hal_msp.o
 .debug_ranges  0x0000000000000260       0x50 ./Core/Src/stm32f1xx_it.o
 .debug_ranges  0x00000000000002b0       0x10 ./Core/Src/sysmem.o
 .debug_ranges  0x00000000000002c0       0x18 ./Core/Src/system_stm32f1xx.o
 .debug_ranges  0x00000000000002d8       0x20 ./Core/Src/usart.o
 .debug_ranges  0x00000000000002f8       0x20 ./Core/Startup/startup_stm32f103zetx.o
 .debug_ranges  0x0000000000000318       0xd0 ./Drivers/STM32F1xx_HAL_Driver/Src/stm32f1xx_hal.o
 .debug_ranges  0x00000000000003e8       0xf0 ./Drivers/STM32F1xx_HAL_Driver/Src/stm32f1xx_hal_cortex.o
 .debug_ranges  0x00000000000004d8       0x48 ./Drivers/STM32F1xx_HAL_Driver/Src/stm32f1xx_hal_gpio.o
 .debug_ranges  0x0000000000000520      0x2b8 ./Drivers/STM32F1xx_HAL_Driver/Src/stm32f1xx_hal_i2c.o
 .debug_ranges  0x00000000000007d8       0x80 ./Drivers/STM32F1xx_HAL_Driver/Src/stm32f1xx_hal_rcc.o
 .debug_ranges  0x0000000000000858      0x220 ./Drivers/STM32F1xx_HAL_Driver/Src/stm32f1xx_hal_uart.o

.debug_macro    0x0000000000000000    0x1c363
 .debug_macro   0x0000000000000000      0x37b ./APP/Getdata_test.o
 .debug_macro   0x000000000000037b      0xa6c ./APP/Getdata_test.o
 .debug_macro   0x0000000000000de7      0x21b ./APP/Getdata_test.o
 .debug_macro   0x0000000000001002       0x2e ./APP/Getdata_test.o
 .debug_macro   0x0000000000001030       0x22 ./APP/Getdata_test.o
 .debug_macro   0x0000000000001052       0x22 ./APP/Getdata_test.o
 .debug_macro   0x0000000000001074       0x8e ./APP/Getdata_test.o
 .debug_macro   0x0000000000001102       0x51 ./APP/Getdata_test.o
 .debug_macro   0x0000000000001153      0x103 ./APP/Getdata_test.o
 .debug_macro   0x0000000000001256       0x6a ./APP/Getdata_test.o
 .debug_macro   0x00000000000012c0      0x1df ./APP/Getdata_test.o
 .debug_macro   0x000000000000149f       0x1c ./APP/Getdata_test.o
 .debug_macro   0x00000000000014bb       0x22 ./APP/Getdata_test.o
 .debug_macro   0x00000000000014dd       0xbd ./APP/Getdata_test.o
 .debug_macro   0x000000000000159a      0xd23 ./APP/Getdata_test.o
 .debug_macro   0x00000000000022bd     0xfd8c ./APP/Getdata_test.o
 .debug_macro   0x0000000000012049       0x6d ./APP/Getdata_test.o
 .debug_macro   0x00000000000120b6     0x3468 ./APP/Getdata_test.o
 .debug_macro   0x000000000001551e      0x174 ./APP/Getdata_test.o
 .debug_macro   0x0000000000015692       0x5c ./APP/Getdata_test.o
 .debug_macro   0x00000000000156ee      0x5be ./APP/Getdata_test.o
 .debug_macro   0x0000000000015cac      0x4d5 ./APP/Getdata_test.o
 .debug_macro   0x0000000000016181      0x1cb ./APP/Getdata_test.o
 .debug_macro   0x000000000001634c      0x114 ./APP/Getdata_test.o
 .debug_macro   0x0000000000016460      0x1ea ./APP/Getdata_test.o
 .debug_macro   0x000000000001664a       0x27 ./APP/Getdata_test.o
 .debug_macro   0x0000000000016671      0x144 ./APP/Getdata_test.o
 .debug_macro   0x00000000000167b5      0x1bc ./APP/Getdata_test.o
 .debug_macro   0x0000000000016971       0x30 ./APP/Getdata_test.o
 .debug_macro   0x00000000000169a1       0x3c ./APP/Getdata_test.o
 .debug_macro   0x00000000000169dd       0x57 ./APP/Getdata_test.o
 .debug_macro   0x0000000000016a34       0x88 ./APP/Getdata_test.o
 .debug_macro   0x0000000000016abc      0x24f ./APP/Getdata_test.o
 .debug_macro   0x0000000000016d0b      0x287 ./APP/Getdata_test.o
 .debug_macro   0x0000000000016f92      0x141 ./APP/Getdata_test.o
 .debug_macro   0x00000000000170d3      0x279 ./APP/Getdata_test.o
 .debug_macro   0x000000000001734c       0xb5 ./APP/Getdata_test.o
 .debug_macro   0x0000000000017401       0x52 ./APP/Getdata_test.o
 .debug_macro   0x0000000000017453       0x18 ./APP/Getdata_test.o
 .debug_macro   0x000000000001746b       0x3c ./APP/Getdata_test.o
 .debug_macro   0x00000000000174a7       0x34 ./APP/Getdata_test.o